Archive member included to satisfy reference by file (symbol)

.\CortexM3\ARM_GCC_541\Debug\sensors.a(lcd_char_1.o)
                              .\CortexM3\ARM_GCC_541\Debug\main.o (lcd_char_1_Start)
.\CortexM3\ARM_GCC_541\Debug\sensors.a(CyDmac.o)
                              .\CortexM3\ARM_GCC_541\Debug\Cm3Start.o (CyDmacConfigure)
.\CortexM3\ARM_GCC_541\Debug\sensors.a(CyLib.o)
                              .\CortexM3\ARM_GCC_541\Debug\Cm3Start.o (CyHalt)
.\CortexM3\ARM_GCC_541\Debug\sensors.a(cyPm.o)
                              .\CortexM3\ARM_GCC_541\Debug\sensors.a(CyLib.o) (CyPmReadStatus)
.\CortexM3\ARM_GCC_541\Debug\sensors.a(quaddec_1.o)
                              .\CortexM3\ARM_GCC_541\Debug\main.o (quaddec_1_Start)
.\CortexM3\ARM_GCC_541\Debug\sensors.a(quaddec_1_INT.o)
                              .\CortexM3\ARM_GCC_541\Debug\sensors.a(quaddec_1.o) (quaddec_1_ISR)
.\CortexM3\ARM_GCC_541\Debug\sensors.a(quaddec_1_Cnt16.o)
                              .\CortexM3\ARM_GCC_541\Debug\sensors.a(quaddec_1.o) (quaddec_1_Cnt16_Stop)
.\CortexM3\ARM_GCC_541\Debug\sensors.a(ADC_SAR_Seq_1.o)
                              .\CortexM3\ARM_GCC_541\Debug\main.o (ADC_SAR_Seq_1_Start)
.\CortexM3\ARM_GCC_541\Debug\sensors.a(ADC_SAR_Seq_1_INT.o)
                              .\CortexM3\ARM_GCC_541\Debug\sensors.a(ADC_SAR_Seq_1.o) (ADC_SAR_Seq_1_ISR)
.\CortexM3\ARM_GCC_541\Debug\sensors.a(ADC_SAR_Seq_1_SAR.o)
                              .\CortexM3\ARM_GCC_541\Debug\sensors.a(ADC_SAR_Seq_1.o) (ADC_SAR_Seq_1_SAR_shift)
.\CortexM3\ARM_GCC_541\Debug\sensors.a(ADC_SAR_Seq_1_TempBuf_dma.o)
                              .\CortexM3\ARM_GCC_541\Debug\sensors.a(ADC_SAR_Seq_1.o) (ADC_SAR_Seq_1_TempBuf_DmaInitialize)
.\CortexM3\ARM_GCC_541\Debug\sensors.a(ADC_SAR_Seq_1_FinalBuf_dma.o)
                              .\CortexM3\ARM_GCC_541\Debug\sensors.a(ADC_SAR_Seq_1.o) (ADC_SAR_Seq_1_FinalBuf_DmaInitialize)
.\CortexM3\ARM_GCC_541\Debug\sensors.a(ADC_SAR_Seq_1_IRQ.o)
                              .\CortexM3\ARM_GCC_541\Debug\sensors.a(ADC_SAR_Seq_1.o) (ADC_SAR_Seq_1_IRQ_SetVector)
.\CortexM3\ARM_GCC_541\Debug\sensors.a(PWM_1.o)
                              .\CortexM3\ARM_GCC_541\Debug\main.o (PWM_1_WriteCompare1)
.\CortexM3\ARM_GCC_541\Debug\sensors.a(CyBootAsmGnu.o)
                              .\CortexM3\ARM_GCC_541\Debug\cyfitter_cfg.o (CyDelayCycles)
.\CortexM3\ARM_GCC_541\Debug\sensors.a(CyFlash.o)
                              .\CortexM3\ARM_GCC_541\Debug\sensors.a(cyPm.o) (CyFlash_SetWaitCycles)
.\CortexM3\ARM_GCC_541\Debug\sensors.a(CySpc.o)
                              .\CortexM3\ARM_GCC_541\Debug\sensors.a(CyFlash.o) (CySpcStart)
c:/program files (x86)/cypress/psoc creator/4.4/psoc creator/import/gnu/arm/5.4.1/bin/../lib/gcc/arm-none-eabi/5.4.1/armv7-m\libgcc.a(_arm_addsubsf3.o)
                              .\CortexM3\ARM_GCC_541\Debug\sensors.a(ADC_SAR_Seq_1_SAR.o) (__aeabi_i2f)
c:/program files (x86)/cypress/psoc creator/4.4/psoc creator/import/gnu/arm/5.4.1/bin/../lib/gcc/arm-none-eabi/5.4.1/armv7-m\libgcc.a(_arm_muldivsf3.o)
                              .\CortexM3\ARM_GCC_541\Debug\sensors.a(ADC_SAR_Seq_1_SAR.o) (__aeabi_fmul)
c:/program files (x86)/cypress/psoc creator/4.4/psoc creator/import/gnu/arm/5.4.1/bin/../lib/gcc/arm-none-eabi/5.4.1/armv7-m\libgcc.a(_aeabi_ldivmod.o)
                              .\CortexM3\ARM_GCC_541\Debug\sensors.a(ADC_SAR_Seq_1_SAR.o) (__aeabi_ldivmod)
c:/program files (x86)/cypress/psoc creator/4.4/psoc creator/import/gnu/arm/5.4.1/bin/../lib/gcc/arm-none-eabi/5.4.1/armv7-m\libgcc.a(_udivmoddi4.o)
                              c:/program files (x86)/cypress/psoc creator/4.4/psoc creator/import/gnu/arm/5.4.1/bin/../lib/gcc/arm-none-eabi/5.4.1/armv7-m\libgcc.a(_aeabi_ldivmod.o) (__udivmoddi4)
c:/program files (x86)/cypress/psoc creator/4.4/psoc creator/import/gnu/arm/5.4.1/bin/../lib/gcc/arm-none-eabi/5.4.1/armv7-m\libgcc.a(_dvmd_tls.o)
                              c:/program files (x86)/cypress/psoc creator/4.4/psoc creator/import/gnu/arm/5.4.1/bin/../lib/gcc/arm-none-eabi/5.4.1/armv7-m\libgcc.a(_aeabi_ldivmod.o) (__aeabi_ldiv0)
c:/program files (x86)/cypress/psoc creator/4.4/psoc creator/import/gnu/arm/5.4.1/bin/../lib/gcc/arm-none-eabi/5.4.1/../../../../arm-none-eabi/lib/armv7-m\libg_nano.a(lib_a-errno.o)
                              .\CortexM3\ARM_GCC_541\Debug\Cm3Start.o (__errno)
c:/program files (x86)/cypress/psoc creator/4.4/psoc creator/import/gnu/arm/5.4.1/bin/../lib/gcc/arm-none-eabi/5.4.1/../../../../arm-none-eabi/lib/armv7-m\libg_nano.a(lib_a-exit.o)
                              c:/program files (x86)/cypress/psoc creator/4.4/psoc creator/import/gnu/arm/5.4.1/bin/../lib/gcc/arm-none-eabi/5.4.1/../../../../arm-none-eabi/lib/armv7-m/crt0.o (exit)
c:/program files (x86)/cypress/psoc creator/4.4/psoc creator/import/gnu/arm/5.4.1/bin/../lib/gcc/arm-none-eabi/5.4.1/../../../../arm-none-eabi/lib/armv7-m\libg_nano.a(lib_a-impure.o)
[...]
Memory Configuration

Name             Origin             Length             Attributes
rom              0x00000000         0x00040000         xr
ram              0x1fff8000         0x00010000         xrw
*default*        0x00000000         0xffffffff

Linker script and memory map

LOAD c:/program files (x86)/cypress/psoc creator/4.4/psoc creator/import/gnu/arm/5.4.1/bin/../lib/gcc/arm-none-eabi/5.4.1/armv7-m/crti.o
LOAD c:/program files (x86)/cypress/psoc creator/4.4/psoc creator/import/gnu/arm/5.4.1/bin/../lib/gcc/arm-none-eabi/5.4.1/armv7-m/crtbegin.o
LOAD c:/program files (x86)/cypress/psoc creator/4.4/psoc creator/import/gnu/arm/5.4.1/bin/../lib/gcc/arm-none-eabi/5.4.1/../../../../arm-none-eabi/lib/armv7-m/crt0.o
START GROUP
LOAD .\CortexM3\ARM_GCC_541\Debug\main.o
LOAD .\CortexM3\ARM_GCC_541\Debug\cyfitter_cfg.o
LOAD .\CortexM3\ARM_GCC_541\Debug\cymetadata.o
LOAD .\CortexM3\ARM_GCC_541\Debug\Cm3Start.o
LOAD .\CortexM3\ARM_GCC_541\Debug\sensors.a
LOAD C:\Program Files (x86)\Cypress\PSoC Creator\4.4\PSoC Creator\psoc\content\cycomponentlibrary\CyComponentLibrary.cylib\CortexM3\ARM_GCC_541\Debug\CyComponentLibrary.a
END GROUP
START GROUP
LOAD c:/program files (x86)/cypress/psoc creator/4.4/psoc creator/import/gnu/arm/5.4.1/bin/../lib/gcc/arm-none-eabi/5.4.1/armv7-m\libgcc.a
LOAD c:/program files (x86)/cypress/psoc creator/4.4/psoc creator/import/gnu/arm/5.4.1/bin/../lib/gcc/arm-none-eabi/5.4.1/../../../../arm-none-eabi/lib/armv7-m\libg_nano.a
LOAD c:/program files (x86)/cypress/psoc creator/4.4/psoc creator/import/gnu/arm/5.4.1/bin/../lib/gcc/arm-none-eabi/5.4.1/../../../../arm-none-eabi/lib/armv7-m\libc_nano.a
END GROUP
START GROUP
LOAD c:/program files (x86)/cypress/psoc creator/4.4/psoc creator/import/gnu/arm/5.4.1/bin/../lib/gcc/arm-none-eabi/5.4.1/armv7-m\libgcc.a
LOAD c:/program files (x86)/cypress/psoc creator/4.4/psoc creator/import/gnu/arm/5.4.1/bin/../lib/gcc/arm-none-eabi/5.4.1/../../../../arm-none-eabi/lib/armv7-m\libc_nano.a
END GROUP
LOAD c:/program files (x86)/cypress/psoc creator/4.4/psoc creator/import/gnu/arm/5.4.1/bin/../lib/gcc/arm-none-eabi/5.4.1/armv7-m/crtend.o
LOAD c:/program files (x86)/cypress/psoc creator/4.4/psoc creator/import/gnu/arm/5.4.1/bin/../lib/gcc/arm-none-eabi/5.4.1/armv7-m/crtn.o
START GROUP
LOAD c:/program files (x86)/cypress/psoc creator/4.4/psoc creator/import/gnu/arm/5.4.1/bin/../lib/gcc/arm-none-eabi/5.4.1/armv7-m\libgcc.a
LOAD c:/program files (x86)/cypress/psoc creator/4.4/psoc creator/import/gnu/arm/5.4.1/bin/../lib/gcc/arm-none-eabi/5.4.1/../../../../arm-none-eabi/lib/armv7-m\libc.a
LOAD c:/program files (x86)/cypress/psoc creator/4.4/psoc creator/import/gnu/arm/5.4.1/bin/../lib/gcc/arm-none-eabi/5.4.1/../../../../arm-none-eabi/lib/armv7-m\libnosys.a
END GROUP
                0x00000000                CY_APPL_ORIGIN = 0x0
                0x00000100                CY_FLASH_ROW_SIZE = 0x100
                0x00000020                CY_ECC_ROW_SIZE = 0x20
                0x00000000                CY_EE_IN_BTLDR = 0x0
                0x00000000                CY_APPL_LOADABLE = 0x0
                0x00000800                CY_EE_SIZE = 0x800
                0x00000001                CY_APPL_NUM = 0x1
                0x00000001                CY_APPL_MAX = 0x1
                0x00000040                CY_METADATA_SIZE = 0x40
                0x00000000                CY_APPL_LOADABLE = 0x0
                0x00000000                CY_CHECKSUM_EXCLUDE_SIZE = ALIGN (0x0, CY_FLASH_ROW_SIZE)
                [!provide]                PROVIDE (__cy_heap_start, _end)
                0x00000001                PROVIDE (__cy_region_num, ((__cy_regions_end - __cy_regions) / 0x10))
                0x20008000                PROVIDE (__cy_stack, (ORIGIN (ram) + LENGTH (ram)))
                [!provide]                PROVIDE (__cy_heap_end, (__cy_stack - 0x800))

.cybootloader   0x00000000        0x0
 *(.cybootloader)
                0x00000000                appl1_start = CY_APPL_ORIGIN?CY_APPL_ORIGIN:ALIGN (CY_FLASH_ROW_SIZE)
                0x0001ff00                appl2_start = (appl1_start + ALIGN ((((LENGTH (rom) - appl1_start) - (0x2 * CY_FLASH_ROW_SIZE)) / 0x2), CY_FLASH_ROW_SIZE))
                0x00000000                appl_start = (CY_APPL_NUM == 0x1)?appl1_start:appl2_start
                0x00000000                ecc_offset = ((appl_start / CY_FLASH_ROW_SIZE) * CY_ECC_ROW_SIZE)
                0x00000000                ee_offset = (CY_APPL_LOADABLE && ! (CY_EE_IN_BTLDR))?((CY_EE_SIZE / CY_APPL_MAX) * (CY_APPL_NUM - 0x1)):0x0
                0x00000800                ee_size = (CY_APPL_LOADABLE && ! (CY_EE_IN_BTLDR))?(CY_EE_SIZE / CY_APPL_MAX):CY_EE_SIZE
                [!provide]                PROVIDE (CY_ECC_OFFSET, ecc_offset)

.text           0x00000000      0xee6
 CREATE_OBJECT_SYMBOLS
                0x00000000                PROVIDE (__cy_interrupt_vector, RomVectors)
 *(.romvectors)
 .romvectors    0x00000000       0x10 .\CortexM3\ARM_GCC_541\Debug\Cm3Start.o
                0x00000000                RomVectors
                0x00000001                ASSERT ((. != __cy_interrupt_vector), No interrupt vector)
                0x00000001                ASSERT (CY_APPL_ORIGIN?(SIZEOF (.cybootloader) <= CY_APPL_ORIGIN):0x1, Wrong image location)
                0x00000010                PROVIDE (__cy_reset, Reset)
 *(.text.Reset)
 .text.Reset    0x00000010       0x18 .\CortexM3\ARM_GCC_541\Debug\Cm3Start.o
                0x00000010                Reset
                0x00000001                ASSERT ((. != __cy_reset), No reset code)
 *(.dma_init)
                0x00000001                ASSERT ((((appl_start + .) <= 0x10000) || 0x1), DMA Init must be within the first 64k of flash)
 *(.text .text.* .gnu.linkonce.t.*)
 .text          0x00000028       0x5c c:/program files (x86)/cypress/psoc creator/4.4/psoc creator/import/gnu/arm/5.4.1/bin/../lib/gcc/arm-none-eabi/5.4.1/armv7-m/crtbegin.o
 .text.main     0x00000084       0x40 .\CortexM3\ARM_GCC_541\Debug\main.o
                0x00000084                main
 .text.CyClockStartupError
                0x000000c4        0x4 .\CortexM3\ARM_GCC_541\Debug\cyfitter_cfg.o
 .text.cfg_write_bytes32
                0x000000c8       0x34 .\CortexM3\ARM_GCC_541\Debug\cyfitter_cfg.o
 .text.CYMEMZERO
                0x000000fc        0xc .\CortexM3\ARM_GCC_541\Debug\cyfitter_cfg.o
 .text.ClockSetup
                0x00000108       0xd4 .\CortexM3\ARM_GCC_541\Debug\cyfitter_cfg.o
 .text.AnalogSetDefault
                0x000001dc       0x7c .\CortexM3\ARM_GCC_541\Debug\cyfitter_cfg.o
 .text.CYCONFIGCPY
                0x00000258        0x8 .\CortexM3\ARM_GCC_541\Debug\cyfitter_cfg.o
 .text.cyfitter_cfg
                0x00000260      0x10c .\CortexM3\ARM_GCC_541\Debug\cyfitter_cfg.o
                0x00000260                cyfitter_cfg
 .text.IntDefaultHandler
                0x0000036c       0x10 .\CortexM3\ARM_GCC_541\Debug\Cm3Start.o
                0x0000036c                IntDefaultHandler
 .text.Start_c  0x0000037c       0x4c .\CortexM3\ARM_GCC_541\Debug\Cm3Start.o
                0x0000037c                Start_c
 .text.initialize_psoc
                0x000003c8       0x6c .\CortexM3\ARM_GCC_541\Debug\Cm3Start.o
                0x000003c8                initialize_psoc
 .text.lcd_char_1_WrCntrlNib
                0x00000434       0x34 .\CortexM3\ARM_GCC_541\Debug\sensors.a(lcd_char_1.o)
 .text.lcd_char_1_IsReady
                0x00000468       0xe4 .\CortexM3\ARM_GCC_541\Debug\sensors.a(lcd_char_1.o)
                0x00000468                lcd_char_1_IsReady
 .text.lcd_char_1_WriteControl
                0x0000054c       0x18 .\CortexM3\ARM_GCC_541\Debug\sensors.a(lcd_char_1.o)
                0x0000054c                lcd_char_1_WriteControl
 .text.lcd_char_1_Init
                0x00000564       0x6c .\CortexM3\ARM_GCC_541\Debug\sensors.a(lcd_char_1.o)
                0x00000564                lcd_char_1_Init
 .text.lcd_char_1_Enable
                0x000005d0       0x14 .\CortexM3\ARM_GCC_541\Debug\sensors.a(lcd_char_1.o)
                0x000005d0                lcd_char_1_Enable
 .text.lcd_char_1_Start
                0x000005e4       0x1c .\CortexM3\ARM_GCC_541\Debug\sensors.a(lcd_char_1.o)
                0x000005e4                lcd_char_1_Start
 .text.CyDmacConfigure
                0x00000600       0x34 .\CortexM3\ARM_GCC_541\Debug\sensors.a(CyDmac.o)
                0x00000600                CyDmacConfigure
 .text.CyDmaChEnable
                0x00000634       0x38 .\CortexM3\ARM_GCC_541\Debug\sensors.a(CyDmac.o)
                0x00000634                CyDmaChEnable
 .text.CyDmaClearPendingDrq
                0x0000066c       0x28 .\CortexM3\ARM_GCC_541\Debug\sensors.a(CyDmac.o)
                0x0000066c                CyDmaClearPendingDrq
 .text.CyDmaChPriority
                0x00000694       0x24 .\CortexM3\ARM_GCC_541\Debug\sensors.a(CyDmac.o)
                0x00000694                CyDmaChPriority
 .text.CyDmaChSetExtendedAddress
                0x000006b8       0x34 .\CortexM3\ARM_GCC_541\Debug\sensors.a(CyDmac.o)
                0x000006b8                CyDmaChSetExtendedAddress
 .text.CyDmaChSetInitialTd
                0x000006ec       0x18 .\CortexM3\ARM_GCC_541\Debug\sensors.a(CyDmac.o)
                0x000006ec                CyDmaChSetInitialTd
 .text.CyDmaChSetConfiguration
                0x00000704       0x44 .\CortexM3\ARM_GCC_541\Debug\sensors.a(CyDmac.o)
                0x00000704                CyDmaChSetConfiguration
 .text.CyDmaTdAllocate
                0x00000748       0x34 .\CortexM3\ARM_GCC_541\Debug\sensors.a(CyDmac.o)
                0x00000748                CyDmaTdAllocate
 .text.CyDmaTdSetConfiguration
                0x0000077c       0x28 .\CortexM3\ARM_GCC_541\Debug\sensors.a(CyDmac.o)
                0x0000077c                CyDmaTdSetConfiguration
 .text.CyDmaTdSetAddress
                0x000007a4       0x1c .\CortexM3\ARM_GCC_541\Debug\sensors.a(CyDmac.o)
                0x000007a4                CyDmaTdSetAddress
 .text.CyHalt   0x000007c0        0x4 .\CortexM3\ARM_GCC_541\Debug\sensors.a(CyLib.o)
                0x000007c0                CyHalt
 .text.CyDelay  0x000007c4       0x2c .\CortexM3\ARM_GCC_541\Debug\sensors.a(CyLib.o)
                0x000007c4                CyDelay
 .text.CyDelayUs
                0x000007f0       0x14 .\CortexM3\ARM_GCC_541\Debug\sensors.a(CyLib.o)
                0x000007f0                CyDelayUs
 .text.CyIntSetVector
                0x00000804       0x28 .\CortexM3\ARM_GCC_541\Debug\sensors.a(CyLib.o)
                0x00000804                CyIntSetVector
 .text.CyIntSetPriority
                0x0000082c       0x30 .\CortexM3\ARM_GCC_541\Debug\sensors.a(CyLib.o)
                0x0000082c                CyIntSetPriority
 .text.quaddec_1_Init
                0x0000085c       0x24 .\CortexM3\ARM_GCC_541\Debug\sensors.a(quaddec_1.o)
                0x0000085c                quaddec_1_Init
 .text.quaddec_1_GetEvents
                0x00000880       0x10 .\CortexM3\ARM_GCC_541\Debug\sensors.a(quaddec_1.o)
                0x00000880                quaddec_1_GetEvents
 .text.quaddec_1_SetInterruptMask
                0x00000890       0x10 .\CortexM3\ARM_GCC_541\Debug\sensors.a(quaddec_1.o)
                0x00000890                quaddec_1_SetInterruptMask
 .text.quaddec_1_Enable
                0x000008a0       0x30 .\CortexM3\ARM_GCC_541\Debug\sensors.a(quaddec_1.o)
                0x000008a0                quaddec_1_Enable
 .text.quaddec_1_Start
                0x000008d0       0x34 .\CortexM3\ARM_GCC_541\Debug\sensors.a(quaddec_1.o)
                0x000008d0                quaddec_1_Start
 .text.quaddec_1_ISR
                0x00000904       0x40 .\CortexM3\ARM_GCC_541\Debug\sensors.a(quaddec_1_INT.o)
                0x00000904                quaddec_1_ISR
 .text.quaddec_1_Cnt16_Enable
                0x00000944       0x10 .\CortexM3\ARM_GCC_541\Debug\sensors.a(quaddec_1_Cnt16.o)
                0x00000944                quaddec_1_Cnt16_Enable
 .text.quaddec_1_Cnt16_SetInterruptMode
                0x00000954        0xc .\CortexM3\ARM_GCC_541\Debug\sensors.a(quaddec_1_Cnt16.o)
                0x00000954                quaddec_1_Cnt16_SetInterruptMode
 .text.quaddec_1_Cnt16_ReadStatusRegister
                0x00000960        0xc .\CortexM3\ARM_GCC_541\Debug\sensors.a(quaddec_1_Cnt16.o)
                0x00000960                quaddec_1_Cnt16_ReadStatusRegister
 .text.quaddec_1_Cnt16_WriteCounter
                0x0000096c        0xc .\CortexM3\ARM_GCC_541\Debug\sensors.a(quaddec_1_Cnt16.o)
                0x0000096c                quaddec_1_Cnt16_WriteCounter
 .text.quaddec_1_Cnt16_ReadCapture
                0x00000978        0xc .\CortexM3\ARM_GCC_541\Debug\sensors.a(quaddec_1_Cnt16.o)
                0x00000978                quaddec_1_Cnt16_ReadCapture
 .text.quaddec_1_Cnt16_WritePeriod
                0x00000984        0xc .\CortexM3\ARM_GCC_541\Debug\sensors.a(quaddec_1_Cnt16.o)
                0x00000984                quaddec_1_Cnt16_WritePeriod
 .text.quaddec_1_Cnt16_WriteCompare
                0x00000990        0xc .\CortexM3\ARM_GCC_541\Debug\sensors.a(quaddec_1_Cnt16.o)
                0x00000990                quaddec_1_Cnt16_WriteCompare
 .text.quaddec_1_Cnt16_ClearFIFO
                0x0000099c       0x14 .\CortexM3\ARM_GCC_541\Debug\sensors.a(quaddec_1_Cnt16.o)
                0x0000099c                quaddec_1_Cnt16_ClearFIFO
 .text.quaddec_1_Cnt16_Init
                0x000009b0       0x58 .\CortexM3\ARM_GCC_541\Debug\sensors.a(quaddec_1_Cnt16.o)
                0x000009b0                quaddec_1_Cnt16_Init
 .text.quaddec_1_Cnt16_Start
                0x00000a08       0x1c .\CortexM3\ARM_GCC_541\Debug\sensors.a(quaddec_1_Cnt16.o)
                0x00000a08                quaddec_1_Cnt16_Start
 .text.ADC_SAR_Seq_1_Init
                0x00000a24       0x3c .\CortexM3\ARM_GCC_541\Debug\sensors.a(ADC_SAR_Seq_1.o)
                0x00000a24                ADC_SAR_Seq_1_Init
 .text.ADC_SAR_Seq_1_Enable
                0x00000a60       0xcc .\CortexM3\ARM_GCC_541\Debug\sensors.a(ADC_SAR_Seq_1.o)
                0x00000a60                ADC_SAR_Seq_1_Enable
 .text.ADC_SAR_Seq_1_Start
                0x00000b2c       0x28 .\CortexM3\ARM_GCC_541\Debug\sensors.a(ADC_SAR_Seq_1.o)
                0x00000b2c                ADC_SAR_Seq_1_Start
 .text.ADC_SAR_Seq_1_StartConvert
                0x00000b54        0x8 .\CortexM3\ARM_GCC_541\Debug\sensors.a(ADC_SAR_Seq_1.o)
                0x00000b54                ADC_SAR_Seq_1_StartConvert
 .text.ADC_SAR_Seq_1_ISR
                0x00000b5c        0x4 .\CortexM3\ARM_GCC_541\Debug\sensors.a(ADC_SAR_Seq_1_INT.o)
                0x00000b5c                ADC_SAR_Seq_1_ISR
 .text.ADC_SAR_Seq_1_SAR_CalcGain
                0x00000b60       0x64 .\CortexM3\ARM_GCC_541\Debug\sensors.a(ADC_SAR_Seq_1_SAR.o)
 .text.ADC_SAR_Seq_1_SAR_Enable
                0x00000bc4       0x78 .\CortexM3\ARM_GCC_541\Debug\sensors.a(ADC_SAR_Seq_1_SAR.o)
                0x00000bc4                ADC_SAR_Seq_1_SAR_Enable
 .text.ADC_SAR_Seq_1_SAR_SetResolution
                0x00000c3c       0x38 .\CortexM3\ARM_GCC_541\Debug\sensors.a(ADC_SAR_Seq_1_SAR.o)
                0x00000c3c                ADC_SAR_Seq_1_SAR_SetResolution
 .text.ADC_SAR_Seq_1_SAR_Init
                0x00000c74       0x24 .\CortexM3\ARM_GCC_541\Debug\sensors.a(ADC_SAR_Seq_1_SAR.o)
                0x00000c74                ADC_SAR_Seq_1_SAR_Init
 .text.ADC_SAR_Seq_1_SAR_Start
                0x00000c98       0x1c .\CortexM3\ARM_GCC_541\Debug\sensors.a(ADC_SAR_Seq_1_SAR.o)
                0x00000c98                ADC_SAR_Seq_1_SAR_Start
 .text.ADC_SAR_Seq_1_SAR_StartConvert
                0x00000cb4       0x10 .\CortexM3\ARM_GCC_541\Debug\sensors.a(ADC_SAR_Seq_1_SAR.o)
                0x00000cb4                ADC_SAR_Seq_1_SAR_StartConvert
 .text.ADC_SAR_Seq_1_TempBuf_DmaInitialize
                0x00000cc4       0x3c .\CortexM3\ARM_GCC_541\Debug\sensors.a(ADC_SAR_Seq_1_TempBuf_dma.o)
                0x00000cc4                ADC_SAR_Seq_1_TempBuf_DmaInitialize
 .text.ADC_SAR_Seq_1_FinalBuf_DmaInitialize
                0x00000d00       0x3c .\CortexM3\ARM_GCC_541\Debug\sensors.a(ADC_SAR_Seq_1_FinalBuf_dma.o)
                0x00000d00                ADC_SAR_Seq_1_FinalBuf_DmaInitialize
 .text.ADC_SAR_Seq_1_IRQ_SetVector
                0x00000d3c        0xc .\CortexM3\ARM_GCC_541\Debug\sensors.a(ADC_SAR_Seq_1_IRQ.o)
                0x00000d3c                ADC_SAR_Seq_1_IRQ_SetVector
 .text.ADC_SAR_Seq_1_IRQ_SetPriority
                0x00000d48       0x10 .\CortexM3\ARM_GCC_541\Debug\sensors.a(ADC_SAR_Seq_1_IRQ.o)
                0x00000d48                ADC_SAR_Seq_1_IRQ_SetPriority
 .text.PWM_1_Enable
                0x00000d58       0x10 .\CortexM3\ARM_GCC_541\Debug\sensors.a(PWM_1.o)
                0x00000d58                PWM_1_Enable
 .text.PWM_1_WriteCounter
                0x00000d68        0xc .\CortexM3\ARM_GCC_541\Debug\sensors.a(PWM_1.o)
                0x00000d68                PWM_1_WriteCounter
 .text.PWM_1_WritePeriod
                0x00000d74        0xc .\CortexM3\ARM_GCC_541\Debug\sensors.a(PWM_1.o)
                0x00000d74                PWM_1_WritePeriod
 .text.PWM_1_WriteCompare1
                0x00000d80        0xc .\CortexM3\ARM_GCC_541\Debug\sensors.a(PWM_1.o)
                0x00000d80                PWM_1_WriteCompare1
 .text.PWM_1_WriteCompare2
                0x00000d8c        0xc .\CortexM3\ARM_GCC_541\Debug\sensors.a(PWM_1.o)
                0x00000d8c                PWM_1_WriteCompare2
 .text.PWM_1_SetInterruptMode
                0x00000d98        0xc .\CortexM3\ARM_GCC_541\Debug\sensors.a(PWM_1.o)
                0x00000d98                PWM_1_SetInterruptMode
 .text.PWM_1_ReadStatusRegister
                0x00000da4        0xc .\CortexM3\ARM_GCC_541\Debug\sensors.a(PWM_1.o)
                0x00000da4                PWM_1_ReadStatusRegister
 .text.PWM_1_ReadCapture
                0x00000db0        0xc .\CortexM3\ARM_GCC_541\Debug\sensors.a(PWM_1.o)
                0x00000db0                PWM_1_ReadCapture
 .text.PWM_1_ClearFIFO
                0x00000dbc       0x14 .\CortexM3\ARM_GCC_541\Debug\sensors.a(PWM_1.o)
                0x00000dbc                PWM_1_ClearFIFO
 .text.PWM_1_Init
                0x00000dd0       0x58 .\CortexM3\ARM_GCC_541\Debug\sensors.a(PWM_1.o)
                0x00000dd0                PWM_1_Init
 .text.PWM_1_Start
                0x00000e28       0x1c .\CortexM3\ARM_GCC_541\Debug\sensors.a(PWM_1.o)
                0x00000e28                PWM_1_Start
 *fill*         0x00000e44        0x4 
 .text          0x00000e48       0x20 .\CortexM3\ARM_GCC_541\Debug\sensors.a(CyBootAsmGnu.o)
                0x00000e48                CyDelayCycles
                0x00000e58                CyEnterCriticalSection
                0x00000e60                CyExitCriticalSection
 .text.__errno  0x00000e68        0xc c:/program files (x86)/cypress/psoc creator/4.4/psoc creator/import/gnu/arm/5.4.1/bin/../lib/gcc/arm-none-eabi/5.4.1/../../../../arm-none-eabi/lib/armv7-m\libg_nano.a(lib_a-errno.o)
                0x00000e68                __errno
 .text.__libc_init_array
                0x00000e74       0x4c c:/program files (x86)/cypress/psoc creator/4.4/psoc creator/import/gnu/arm/5.4.1/bin/../lib/gcc/arm-none-eabi/5.4.1/../../../../arm-none-eabi/lib/armv7-m\libg_nano.a(lib_a-init.o)
                0x00000e74                __libc_init_array
 .text.memcpy   0x00000ec0       0x16 c:/program files (x86)/cypress/psoc creator/4.4/psoc creator/import/gnu/arm/5.4.1/bin/../lib/gcc/arm-none-eabi/5.4.1/../../../../arm-none-eabi/lib/armv7-m\libg_nano.a(lib_a-memcpy-stub.o)
                0x00000ec0                memcpy
 .text.memset   0x00000ed6       0x10 c:/program files (x86)/cypress/psoc creator/4.4/psoc creator/import/gnu/arm/5.4.1/bin/../lib/gcc/arm-none-eabi/5.4.1/../../../../arm-none-eabi/lib/armv7-m\libg_nano.a(lib_a-memset.o)
                0x00000ed6                memset
 *(.plt)
 *(.gnu.warning)
 *(.glue_7t)
 .glue_7t       0x00000ee6        0x0 linker stubs
 *(.glue_7)
 .glue_7        0x00000ee6        0x0 linker stubs
 *(.vfp11_veneer)
 .vfp11_veneer  0x00000ee6        0x0 linker stubs
 *(.bootloader)
 *(.ARM.extab* .gnu.linkonce.armextab.*)
 *(.gcc_except_table)

.v4_bx          0x00000ee8        0x0
 .v4_bx         0x00000ee8        0x0 linker stubs

.iplt           0x00000ee8        0x0
 .iplt          0x00000ee8        0x0 c:/program files (x86)/cypress/psoc creator/4.4/psoc creator/import/gnu/arm/5.4.1/bin/../lib/gcc/arm-none-eabi/5.4.1/armv7-m/crtbegin.o

.eh_frame_hdr
 *(.eh_frame_hdr)

.eh_frame       0x00000ee8        0x4
 *(.eh_frame)
 .eh_frame      0x00000ee8        0x0 c:/program files (x86)/cypress/psoc creator/4.4/psoc creator/import/gnu/arm/5.4.1/bin/../lib/gcc/arm-none-eabi/5.4.1/armv7-m/crtbegin.o
 .eh_frame      0x00000ee8        0x4 c:/program files (x86)/cypress/psoc creator/4.4/psoc creator/import/gnu/arm/5.4.1/bin/../lib/gcc/arm-none-eabi/5.4.1/armv7-m/crtend.o
                [!provide]                PROVIDE (__exidx_start, .)

.ARM.exidx
 *(.ARM.exidx* .gnu.linkonce.armexidx.*)
                0x00000eec                __exidx_end = .

.rodata         0x00000eec       0x6c
 *(.rodata .rodata.* .gnu.linkonce.r.*)
 .rodata        0x00000eec       0x30 .\CortexM3\ARM_GCC_541\Debug\cyfitter_cfg.o
 .rodata.str1.1
                0x00000f1c        0x2 c:/program files (x86)/cypress/psoc creator/4.4/psoc creator/import/gnu/arm/5.4.1/bin/../lib/gcc/arm-none-eabi/5.4.1/../../../../arm-none-eabi/lib/armv7-m\libg_nano.a(lib_a-impure.o)
                0x00000f20                . = ALIGN (0x4)
 *fill*         0x00000f1e        0x2 
 *(.init)
 .init          0x00000f20        0x4 c:/program files (x86)/cypress/psoc creator/4.4/psoc creator/import/gnu/arm/5.4.1/bin/../lib/gcc/arm-none-eabi/5.4.1/armv7-m/crti.o
                0x00000f20                _init
 .init          0x00000f24        0x8 c:/program files (x86)/cypress/psoc creator/4.4/psoc creator/import/gnu/arm/5.4.1/bin/../lib/gcc/arm-none-eabi/5.4.1/armv7-m/crtn.o
                0x00000f2c                . = ALIGN (0x4)
                0x00000f2c                __preinit_array_start = .
 *(.preinit_array)
                0x00000f2c                __preinit_array_end = .
                0x00000f2c                . = ALIGN (0x4)
                0x00000f2c                __init_array_start = .
 *(SORT(.init_array.*))
 *(.init_array)
 .init_array    0x00000f2c        0x4 c:/program files (x86)/cypress/psoc creator/4.4/psoc creator/import/gnu/arm/5.4.1/bin/../lib/gcc/arm-none-eabi/5.4.1/armv7-m/crtbegin.o
 .init_array    0x00000f30        0x4 .\CortexM3\ARM_GCC_541\Debug\Cm3Start.o
                0x00000f34                __init_array_end = .
                0x00000f34                . = ALIGN (0x4)
 *(.fini)
 .fini          0x00000f34        0x4 c:/program files (x86)/cypress/psoc creator/4.4/psoc creator/import/gnu/arm/5.4.1/bin/../lib/gcc/arm-none-eabi/5.4.1/armv7-m/crti.o
                0x00000f34                _fini
 .fini          0x00000f38        0x8 c:/program files (x86)/cypress/psoc creator/4.4/psoc creator/import/gnu/arm/5.4.1/bin/../lib/gcc/arm-none-eabi/5.4.1/armv7-m/crtn.o
                0x00000f40                . = ALIGN (0x4)
                0x00000f40                __fini_array_start = .
 *(.fini_array)
 .fini_array    0x00000f40        0x4 c:/program files (x86)/cypress/psoc creator/4.4/psoc creator/import/gnu/arm/5.4.1/bin/../lib/gcc/arm-none-eabi/5.4.1/armv7-m/crtbegin.o
 *(SORT(.fini_array.*))
                0x00000f44                __fini_array_end = .
                0x00000f44                . = ALIGN (0x4)
 *crtbegin.o(.ctors)
 *(EXCLUDE_FILE(*crtend.o) .ctors)
 *(SORT(.ctors.*))
 *crtend.o(.ctors)
                0x00000f44                . = ALIGN (0x4)
 *crtbegin.o(.dtors)
 *(EXCLUDE_FILE(*crtend.o) .dtors)
 *(SORT(.dtors.*))
 *crtend.o(.dtors)
                0x00000f44                . = ALIGN (0x4)
                0x00000f44                __cy_regions = .
                0x00000f44        0x4 LONG 0xf58 __cy_region_init_ram
                0x00000f48        0x4 LONG 0x1fff80c8 __cy_region_start_data
                0x00000f4c        0x4 LONG 0x88 __cy_region_init_size_ram
                0x00000f50        0x4 LONG 0x48 __cy_region_zero_size_ram
                0x00000f54                __cy_regions_end = .
                0x00000f58                . = ALIGN (0x8)
 *fill*         0x00000f54        0x4 
                0x00000f58                _etext = .

.cy_checksum_exclude
                0x00000f58        0x0
 *(.cy_checksum_exclude)

.ramvectors     0x1fff8000       0xc0
                0x1fff8000                __cy_region_start_ram = .
 *(.ramvectors)
 .ramvectors    0x1fff8000       0xc0 .\CortexM3\ARM_GCC_541\Debug\Cm3Start.o
                0x1fff8000                CyRamVectors

.noinit         0x1fff80c0        0x1
 *(.noinit)
 .noinit        0x1fff80c0        0x1 .\CortexM3\ARM_GCC_541\Debug\sensors.a(CyLib.o)
                0x1fff80c0                CyResetStatus

.data           0x1fff80c8       0x88 load address 0x00000f58
                0x1fff80c8                __cy_region_start_data = .
 *(.jcr)
 .jcr           0x1fff80c8        0x0 c:/program files (x86)/cypress/psoc creator/4.4/psoc creator/import/gnu/arm/5.4.1/bin/../lib/gcc/arm-none-eabi/5.4.1/armv7-m/crtbegin.o
 .jcr           0x1fff80c8        0x4 c:/program files (x86)/cypress/psoc creator/4.4/psoc creator/import/gnu/arm/5.4.1/bin/../lib/gcc/arm-none-eabi/5.4.1/armv7-m/crtend.o
 *(.got.plt)
 *(.got)
 *(.shdata)
 *(.data .data.* .gnu.linkonce.d.*)
 .data          0x1fff80cc        0x8 .\CortexM3\ARM_GCC_541\Debug\sensors.a(CyDmac.o)
 .data          0x1fff80d4       0x10 .\CortexM3\ARM_GCC_541\Debug\sensors.a(CyLib.o)
                0x1fff80d4                cydelay_32k_ms
                0x1fff80d8                cydelay_freq_khz
                0x1fff80dc                cydelay_freq_mhz
                0x1fff80e0                cydelay_freq_hz
 .data          0x1fff80e4        0x2 .\CortexM3\ARM_GCC_541\Debug\sensors.a(ADC_SAR_Seq_1.o)
 .data          0x1fff80e6        0x1 .\CortexM3\ARM_GCC_541\Debug\sensors.a(ADC_SAR_Seq_1_TempBuf_dma.o)
                0x1fff80e6                ADC_SAR_Seq_1_TempBuf_DmaHandle
 .data          0x1fff80e7        0x1 .\CortexM3\ARM_GCC_541\Debug\sensors.a(ADC_SAR_Seq_1_FinalBuf_dma.o)
                0x1fff80e7                ADC_SAR_Seq_1_FinalBuf_DmaHandle
 .data.impure_data
                0x1fff80e8       0x60 c:/program files (x86)/cypress/psoc creator/4.4/psoc creator/import/gnu/arm/5.4.1/bin/../lib/gcc/arm-none-eabi/5.4.1/../../../../arm-none-eabi/lib/armv7-m\libg_nano.a(lib_a-impure.o)
 .data._impure_ptr
                0x1fff8148        0x4 c:/program files (x86)/cypress/psoc creator/4.4/psoc creator/import/gnu/arm/5.4.1/bin/../lib/gcc/arm-none-eabi/5.4.1/../../../../arm-none-eabi/lib/armv7-m\libg_nano.a(lib_a-impure.o)
                0x1fff8148                _impure_ptr
                0x1fff8150                . = ALIGN (0x8)
 *fill*         0x1fff814c        0x4 
 *(.ram)
                0x1fff8150                _edata = .

.igot.plt       0x1fff8150        0x0 load address 0x00000fe0
 .igot.plt      0x1fff8150        0x0 c:/program files (x86)/cypress/psoc creator/4.4/psoc creator/import/gnu/arm/5.4.1/bin/../lib/gcc/arm-none-eabi/5.4.1/armv7-m/crtbegin.o

.bss            0x1fff8150       0x48 load address 0x00000fe0
                0x1fff8150                PROVIDE (__bss_start__, .)
 *(.shbss)
 *(.bss .bss.* .gnu.linkonce.b.*)
 .bss           0x1fff8150       0x1c c:/program files (x86)/cypress/psoc creator/4.4/psoc creator/import/gnu/arm/5.4.1/bin/../lib/gcc/arm-none-eabi/5.4.1/armv7-m/crtbegin.o
 .bss           0x1fff816c        0x2 .\CortexM3\ARM_GCC_541\Debug\sensors.a(lcd_char_1.o)
                0x1fff816c                lcd_char_1_enableState
                0x1fff816d                lcd_char_1_initVar
 .bss           0x1fff816e        0x1 .\CortexM3\ARM_GCC_541\Debug\sensors.a(quaddec_1.o)
                0x1fff816e                quaddec_1_initVar
 *fill*         0x1fff816f        0x1 
 .bss           0x1fff8170        0x4 .\CortexM3\ARM_GCC_541\Debug\sensors.a(quaddec_1_INT.o)
                0x1fff8170                quaddec_1_count32SoftPart
 .bss           0x1fff8174        0x1 .\CortexM3\ARM_GCC_541\Debug\sensors.a(quaddec_1_Cnt16.o)
                0x1fff8174                quaddec_1_Cnt16_initVar
 *fill*         0x1fff8175        0x3 
 .bss           0x1fff8178        0xc .\CortexM3\ARM_GCC_541\Debug\sensors.a(ADC_SAR_Seq_1.o)
                0x1fff8180                ADC_SAR_Seq_1_initVar
 .bss           0x1fff8184        0x1 .\CortexM3\ARM_GCC_541\Debug\sensors.a(ADC_SAR_Seq_1_SAR.o)
                0x1fff8184                ADC_SAR_Seq_1_SAR_initVar
 .bss           0x1fff8185        0x1 .\CortexM3\ARM_GCC_541\Debug\sensors.a(PWM_1.o)
                0x1fff8185                PWM_1_initVar
 *(COMMON)
 *fill*         0x1fff8186        0x2 
 COMMON         0x1fff8188        0x2 .\CortexM3\ARM_GCC_541\Debug\sensors.a(ADC_SAR_Seq_1.o)
                0x1fff8188                ADC_SAR_Seq_1_finalArray
 *fill*         0x1fff818a        0x2 
 COMMON         0x1fff818c        0xa .\CortexM3\ARM_GCC_541\Debug\sensors.a(ADC_SAR_Seq_1_SAR.o)
                0x1fff818c                ADC_SAR_Seq_1_SAR_countsPerVolt
                0x1fff818e                ADC_SAR_Seq_1_SAR_offset
                0x1fff8190                ADC_SAR_Seq_1_SAR_countsPer10Volt
                0x1fff8194                ADC_SAR_Seq_1_SAR_shift
                0x1fff8198                . = ALIGN (0x8)
 *fill*         0x1fff8196        0x2 
 *(.ram.b)
                0x1fff8198                _end = .
                0x1fff8198                __end = .
                0x1fff8198                PROVIDE (end, .)
                0x1fff8198                PROVIDE (__bss_end__, .)
                0x00000f58                __cy_region_init_ram = LOADADDR (.data)
                0x00000088                __cy_region_init_size_ram = (_edata - ADDR (.data))
                0x00000048                __cy_region_zero_size_ram = (_end - _edata)

.heap           0x1fff8198       0x80 load address 0x00000fe0
                0x1fff8198                . = _end
                0x1fff8218                . = (. + 0x80)
 *fill*         0x1fff8198       0x80 
                0x1fff8218                __cy_heap_limit = .

.stack          0x20007800      0x800
                0x20007800                __cy_stack_limit = .
                0x20008000                . = (. + 0x800)
 *fill*         0x20007800      0x800 
                0x00000001                ASSERT ((__cy_stack_limit >= __cy_heap_limit), region RAM overflowed with stack)
                0x00000000                cy_checksum_exclude_size = (CY_APPL_LOADABLE == 0x1)?SIZEOF (.cy_checksum_exclude):0x0
                0x00000001                ASSERT ((cy_checksum_exclude_size <= CY_CHECKSUM_EXCLUDE_SIZE), CY_BOOT: Section .cy_checksum_exclude size exceedes specified limit.)

.cyloadermeta
 *(.cyloadermeta)

.cyloadablemeta
 *(.cyloadablemeta)

.cyconfigecc    0x80000000      0x80c
 *(.cyconfigecc)
 .cyconfigecc   0x80000000      0x80c .\CortexM3\ARM_GCC_541\Debug\cymetadata.o
                0x80000000                cy_meta_configecc

.cycustnvl      0x90000000        0x4
 *(.cycustnvl)
 .cycustnvl     0x90000000        0x4 .\CortexM3\ARM_GCC_541\Debug\cymetadata.o
                0x90000000                cy_meta_custnvl

.cywolatch      0x90100000        0x4
 *(.cywolatch)
 .cywolatch     0x90100000        0x4 .\CortexM3\ARM_GCC_541\Debug\cymetadata.o
                0x90100000                cy_meta_wonvl

.cyeeprom       0x90200000        0x0
 *(.cyeeprom)
                0x00000001                ASSERT ((. <= ((0x90200000 + ee_offset) + ee_size)), .cyeeprom data will not fit in EEPROM)

.cyflashprotect
                0x90400000      0x100
 *(.cyflashprotect)
 .cyflashprotect
                0x90400000      0x100 .\CortexM3\ARM_GCC_541\Debug\cymetadata.o
                0x90400000                cy_meta_flashprotect

.cymeta         0x90500000        0xc
 *(.cymeta)
 .cymeta        0x90500000        0xc .\CortexM3\ARM_GCC_541\Debug\cymetadata.o
                0x90500000                cy_metadata

.rel.dyn        0x00000fe0        0x0 load address 0x9050000c
 .rel.iplt      0x00000fe0        0x0 c:/program files (x86)/cypress/psoc creator/4.4/psoc creator/import/gnu/arm/5.4.1/bin/../lib/gcc/arm-none-eabi/5.4.1/armv7-m/crtbegin.o

.stab
 *(.stab)

.stabstr
 *(.stabstr)

.debug
 *(.debug)

.line
 *(.line)

.debug_srcinfo
 *(.debug_srcinfo)

.debug_sfnames
 *(.debug_sfnames)

.debug_aranges  0x00000000      0xaa0
 *(.debug_aranges)
 .debug_aranges
                0x00000000       0x20 .\CortexM3\ARM_GCC_541\Debug\main.o
 .debug_aranges
                0x00000020       0x58 .\CortexM3\ARM_GCC_541\Debug\cyfitter_cfg.o
 .debug_aranges
                0x00000078       0x18 .\CortexM3\ARM_GCC_541\Debug\cymetadata.o
 .debug_aranges
                0x00000090       0x48 .\CortexM3\ARM_GCC_541\Debug\Cm3Start.o
 .debug_aranges
                0x000000d8       0x98 .\CortexM3\ARM_GCC_541\Debug\sensors.a(lcd_char_1.o)
 .debug_aranges
                0x00000170       0xd8 .\CortexM3\ARM_GCC_541\Debug\sensors.a(CyDmac.o)
 .debug_aranges
                0x00000248      0x2a0 .\CortexM3\ARM_GCC_541\Debug\sensors.a(CyLib.o)
 .debug_aranges
                0x000004e8       0x98 .\CortexM3\ARM_GCC_541\Debug\sensors.a(cyPm.o)
 .debug_aranges
                0x00000580       0x60 .\CortexM3\ARM_GCC_541\Debug\sensors.a(quaddec_1.o)
 .debug_aranges
                0x000005e0       0x20 .\CortexM3\ARM_GCC_541\Debug\sensors.a(quaddec_1_INT.o)
 .debug_aranges
                0x00000600       0x98 .\CortexM3\ARM_GCC_541\Debug\sensors.a(quaddec_1_Cnt16.o)
 .debug_aranges
                0x00000698       0xa0 .\CortexM3\ARM_GCC_541\Debug\sensors.a(ADC_SAR_Seq_1.o)
 .debug_aranges
                0x00000738       0x20 .\CortexM3\ARM_GCC_541\Debug\sensors.a(ADC_SAR_Seq_1_INT.o)
 .debug_aranges
                0x00000758       0xa8 .\CortexM3\ARM_GCC_541\Debug\sensors.a(ADC_SAR_Seq_1_SAR.o)
 .debug_aranges
                0x00000800       0x28 .\CortexM3\ARM_GCC_541\Debug\sensors.a(ADC_SAR_Seq_1_TempBuf_dma.o)
 .debug_aranges
                0x00000828       0x28 .\CortexM3\ARM_GCC_541\Debug\sensors.a(ADC_SAR_Seq_1_FinalBuf_dma.o)
 .debug_aranges
                0x00000850       0x80 .\CortexM3\ARM_GCC_541\Debug\sensors.a(ADC_SAR_Seq_1_IRQ.o)
 .debug_aranges
                0x000008d0       0xa8 .\CortexM3\ARM_GCC_541\Debug\sensors.a(PWM_1.o)
 .debug_aranges
                0x00000978       0x20 .\CortexM3\ARM_GCC_541\Debug\sensors.a(CyBootAsmGnu.o)
 .debug_aranges
                0x00000998       0x88 .\CortexM3\ARM_GCC_541\Debug\sensors.a(CyFlash.o)
 .debug_aranges
                0x00000a20       0x80 .\CortexM3\ARM_GCC_541\Debug\sensors.a(CySpc.o)

.debug_pubnames
 *(.debug_pubnames)

.debug_info     0x00000000     0x649b
 *(.debug_info .gnu.linkonce.wi.*)
 .debug_info    0x00000000      0x219 .\CortexM3\ARM_GCC_541\Debug\main.o
 .debug_info    0x00000219      0x544 .\CortexM3\ARM_GCC_541\Debug\cyfitter_cfg.o
 .debug_info    0x0000075d      0x139 .\CortexM3\ARM_GCC_541\Debug\cymetadata.o
 .debug_info    0x00000896      0x3cf .\CortexM3\ARM_GCC_541\Debug\Cm3Start.o
 .debug_info    0x00000c65      0x715 .\CortexM3\ARM_GCC_541\Debug\sensors.a(lcd_char_1.o)
 .debug_info    0x0000137a      0x94e .\CortexM3\ARM_GCC_541\Debug\sensors.a(CyDmac.o)
 .debug_info    0x00001cc8     0x1374 .\CortexM3\ARM_GCC_541\Debug\sensors.a(CyLib.o)
 .debug_info    0x0000303c      0xa2a .\CortexM3\ARM_GCC_541\Debug\sensors.a(cyPm.o)
 .debug_info    0x00003a66      0x357 .\CortexM3\ARM_GCC_541\Debug\sensors.a(quaddec_1.o)
 .debug_info    0x00003dbd       0xf3 .\CortexM3\ARM_GCC_541\Debug\sensors.a(quaddec_1_INT.o)
 .debug_info    0x00003eb0      0x348 .\CortexM3\ARM_GCC_541\Debug\sensors.a(quaddec_1_Cnt16.o)
 .debug_info    0x000041f8      0x6f2 .\CortexM3\ARM_GCC_541\Debug\sensors.a(ADC_SAR_Seq_1.o)
 .debug_info    0x000048ea       0xa0 .\CortexM3\ARM_GCC_541\Debug\sensors.a(ADC_SAR_Seq_1_INT.o)
 .debug_info    0x0000498a      0x544 .\CortexM3\ARM_GCC_541\Debug\sensors.a(ADC_SAR_Seq_1_SAR.o)
 .debug_info    0x00004ece      0x1a8 .\CortexM3\ARM_GCC_541\Debug\sensors.a(ADC_SAR_Seq_1_TempBuf_dma.o)
 .debug_info    0x00005076      0x1aa .\CortexM3\ARM_GCC_541\Debug\sensors.a(ADC_SAR_Seq_1_FinalBuf_dma.o)
 .debug_info    0x00005220      0x2d2 .\CortexM3\ARM_GCC_541\Debug\sensors.a(ADC_SAR_Seq_1_IRQ.o)
 .debug_info    0x000054f2      0x383 .\CortexM3\ARM_GCC_541\Debug\sensors.a(PWM_1.o)
 .debug_info    0x00005875       0x89 .\CortexM3\ARM_GCC_541\Debug\sensors.a(CyBootAsmGnu.o)
 .debug_info    0x000058fe      0x64d .\CortexM3\ARM_GCC_541\Debug\sensors.a(CyFlash.o)
 .debug_info    0x00005f4b      0x550 .\CortexM3\ARM_GCC_541\Debug\sensors.a(CySpc.o)

.debug_abbrev   0x00000000     0x19a3
 *(.debug_abbrev)
 .debug_abbrev  0x00000000       0xcc .\CortexM3\ARM_GCC_541\Debug\main.o
 .debug_abbrev  0x000000cc      0x1fe .\CortexM3\ARM_GCC_541\Debug\cyfitter_cfg.o
 .debug_abbrev  0x000002ca       0x77 .\CortexM3\ARM_GCC_541\Debug\cymetadata.o
 .debug_abbrev  0x00000341      0x1e8 .\CortexM3\ARM_GCC_541\Debug\Cm3Start.o
 .debug_abbrev  0x00000529      0x157 .\CortexM3\ARM_GCC_541\Debug\sensors.a(lcd_char_1.o)
 .debug_abbrev  0x00000680      0x1b2 .\CortexM3\ARM_GCC_541\Debug\sensors.a(CyDmac.o)
 .debug_abbrev  0x00000832      0x254 .\CortexM3\ARM_GCC_541\Debug\sensors.a(CyLib.o)
 .debug_abbrev  0x00000a86      0x1ab .\CortexM3\ARM_GCC_541\Debug\sensors.a(cyPm.o)
 .debug_abbrev  0x00000c31      0x128 .\CortexM3\ARM_GCC_541\Debug\sensors.a(quaddec_1.o)
 .debug_abbrev  0x00000d59       0x78 .\CortexM3\ARM_GCC_541\Debug\sensors.a(quaddec_1_INT.o)
 .debug_abbrev  0x00000dd1      0x117 .\CortexM3\ARM_GCC_541\Debug\sensors.a(quaddec_1_Cnt16.o)
 .debug_abbrev  0x00000ee8      0x13e .\CortexM3\ARM_GCC_541\Debug\sensors.a(ADC_SAR_Seq_1.o)
 .debug_abbrev  0x00001026       0x42 .\CortexM3\ARM_GCC_541\Debug\sensors.a(ADC_SAR_Seq_1_INT.o)
 .debug_abbrev  0x00001068      0x1ac .\CortexM3\ARM_GCC_541\Debug\sensors.a(ADC_SAR_Seq_1_SAR.o)
 .debug_abbrev  0x00001214       0xcd .\CortexM3\ARM_GCC_541\Debug\sensors.a(ADC_SAR_Seq_1_TempBuf_dma.o)
 .debug_abbrev  0x000012e1       0xcd .\CortexM3\ARM_GCC_541\Debug\sensors.a(ADC_SAR_Seq_1_FinalBuf_dma.o)
 .debug_abbrev  0x000013ae      0x173 .\CortexM3\ARM_GCC_541\Debug\sensors.a(ADC_SAR_Seq_1_IRQ.o)
 .debug_abbrev  0x00001521      0x133 .\CortexM3\ARM_GCC_541\Debug\sensors.a(PWM_1.o)
 .debug_abbrev  0x00001654       0x14 .\CortexM3\ARM_GCC_541\Debug\sensors.a(CyBootAsmGnu.o)
 .debug_abbrev  0x00001668      0x1a7 .\CortexM3\ARM_GCC_541\Debug\sensors.a(CyFlash.o)
 .debug_abbrev  0x0000180f      0x194 .\CortexM3\ARM_GCC_541\Debug\sensors.a(CySpc.o)

.debug_line     0x00000000     0x2832
 *(.debug_line)
 .debug_line    0x00000000      0x1c3 .\CortexM3\ARM_GCC_541\Debug\main.o
 .debug_line    0x000001c3      0x1ea .\CortexM3\ARM_GCC_541\Debug\cyfitter_cfg.o
 .debug_line    0x000003ad      0x141 .\CortexM3\ARM_GCC_541\Debug\cymetadata.o
 .debug_line    0x000004ee      0x241 .\CortexM3\ARM_GCC_541\Debug\Cm3Start.o
 .debug_line    0x0000072f      0x1e3 .\CortexM3\ARM_GCC_541\Debug\sensors.a(lcd_char_1.o)
 .debug_line    0x00000912      0x2e4 .\CortexM3\ARM_GCC_541\Debug\sensors.a(CyDmac.o)
 .debug_line    0x00000bf6      0x816 .\CortexM3\ARM_GCC_541\Debug\sensors.a(CyLib.o)
 .debug_line    0x0000140c      0x367 .\CortexM3\ARM_GCC_541\Debug\sensors.a(cyPm.o)
 .debug_line    0x00001773      0x13d .\CortexM3\ARM_GCC_541\Debug\sensors.a(quaddec_1.o)
 .debug_line    0x000018b0       0x6c .\CortexM3\ARM_GCC_541\Debug\sensors.a(quaddec_1_INT.o)
 .debug_line    0x0000191c      0x18f .\CortexM3\ARM_GCC_541\Debug\sensors.a(quaddec_1_Cnt16.o)
 .debug_line    0x00001aab      0x234 .\CortexM3\ARM_GCC_541\Debug\sensors.a(ADC_SAR_Seq_1.o)
 .debug_line    0x00001cdf       0x5a .\CortexM3\ARM_GCC_541\Debug\sensors.a(ADC_SAR_Seq_1_INT.o)
 .debug_line    0x00001d39      0x20d .\CortexM3\ARM_GCC_541\Debug\sensors.a(ADC_SAR_Seq_1_SAR.o)
 .debug_line    0x00001f46       0x92 .\CortexM3\ARM_GCC_541\Debug\sensors.a(ADC_SAR_Seq_1_TempBuf_dma.o)
 .debug_line    0x00001fd8       0x93 .\CortexM3\ARM_GCC_541\Debug\sensors.a(ADC_SAR_Seq_1_FinalBuf_dma.o)
 .debug_line    0x0000206b      0x13e .\CortexM3\ARM_GCC_541\Debug\sensors.a(ADC_SAR_Seq_1_IRQ.o)
 .debug_line    0x000021a9      0x1a9 .\CortexM3\ARM_GCC_541\Debug\sensors.a(PWM_1.o)
 .debug_line    0x00002352       0x66 .\CortexM3\ARM_GCC_541\Debug\sensors.a(CyBootAsmGnu.o)
 .debug_line    0x000023b8      0x21a .\CortexM3\ARM_GCC_541\Debug\sensors.a(CyFlash.o)
 .debug_line    0x000025d2      0x260 .\CortexM3\ARM_GCC_541\Debug\sensors.a(CySpc.o)

.debug_frame    0x00000000     0x1c28
 *(.debug_frame)
 .debug_frame   0x00000000       0x2c .\CortexM3\ARM_GCC_541\Debug\main.o
 .debug_frame   0x0000002c       0xfc .\CortexM3\ARM_GCC_541\Debug\cyfitter_cfg.o
 .debug_frame   0x00000128       0xb8 .\CortexM3\ARM_GCC_541\Debug\Cm3Start.o
 .debug_frame   0x000001e0      0x1e8 .\CortexM3\ARM_GCC_541\Debug\sensors.a(lcd_char_1.o)
 .debug_frame   0x000003c8      0x1f8 .\CortexM3\ARM_GCC_541\Debug\sensors.a(CyDmac.o)
 .debug_frame   0x000005c0      0x738 .\CortexM3\ARM_GCC_541\Debug\sensors.a(CyLib.o)
 .debug_frame   0x00000cf8      0x1f8 .\CortexM3\ARM_GCC_541\Debug\sensors.a(cyPm.o)
 .debug_frame   0x00000ef0       0xec .\CortexM3\ARM_GCC_541\Debug\sensors.a(quaddec_1.o)
 .debug_frame   0x00000fdc       0x20 .\CortexM3\ARM_GCC_541\Debug\sensors.a(quaddec_1_INT.o)
 .debug_frame   0x00000ffc      0x134 .\CortexM3\ARM_GCC_541\Debug\sensors.a(quaddec_1_Cnt16.o)
 .debug_frame   0x00001130      0x1dc .\CortexM3\ARM_GCC_541\Debug\sensors.a(ADC_SAR_Seq_1.o)
 .debug_frame   0x0000130c       0x20 .\CortexM3\ARM_GCC_541\Debug\sensors.a(ADC_SAR_Seq_1_INT.o)
 .debug_frame   0x0000132c      0x1b0 .\CortexM3\ARM_GCC_541\Debug\sensors.a(ADC_SAR_Seq_1_SAR.o)
 .debug_frame   0x000014dc       0x54 .\CortexM3\ARM_GCC_541\Debug\sensors.a(ADC_SAR_Seq_1_TempBuf_dma.o)
 .debug_frame   0x00001530       0x54 .\CortexM3\ARM_GCC_541\Debug\sensors.a(ADC_SAR_Seq_1_FinalBuf_dma.o)
 .debug_frame   0x00001584      0x104 .\CortexM3\ARM_GCC_541\Debug\sensors.a(ADC_SAR_Seq_1_IRQ.o)
 .debug_frame   0x00001688      0x154 .\CortexM3\ARM_GCC_541\Debug\sensors.a(PWM_1.o)
 .debug_frame   0x000017dc      0x194 .\CortexM3\ARM_GCC_541\Debug\sensors.a(CyFlash.o)
 .debug_frame   0x00001970      0x180 .\CortexM3\ARM_GCC_541\Debug\sensors.a(CySpc.o)
 .debug_frame   0x00001af0       0x44 c:/program files (x86)/cypress/psoc creator/4.4/psoc creator/import/gnu/arm/5.4.1/bin/../lib/gcc/arm-none-eabi/5.4.1/armv7-m\libgcc.a(_aeabi_ldivmod.o)
 .debug_frame   0x00001b34       0x38 c:/program files (x86)/cypress/psoc creator/4.4/psoc creator/import/gnu/arm/5.4.1/bin/../lib/gcc/arm-none-eabi/5.4.1/armv7-m\libgcc.a(_udivmoddi4.o)
 .debug_frame   0x00001b6c       0x20 c:/program files (x86)/cypress/psoc creator/4.4/psoc creator/import/gnu/arm/5.4.1/bin/../lib/gcc/arm-none-eabi/5.4.1/../../../../arm-none-eabi/lib/armv7-m\libg_nano.a(lib_a-errno.o)
 .debug_frame   0x00001b8c       0x28 c:/program files (x86)/cypress/psoc creator/4.4/psoc creator/import/gnu/arm/5.4.1/bin/../lib/gcc/arm-none-eabi/5.4.1/../../../../arm-none-eabi/lib/armv7-m\libg_nano.a(lib_a-exit.o)
 .debug_frame   0x00001bb4       0x2c c:/program files (x86)/cypress/psoc creator/4.4/psoc creator/import/gnu/arm/5.4.1/bin/../lib/gcc/arm-none-eabi/5.4.1/../../../../arm-none-eabi/lib/armv7-m\libg_nano.a(lib_a-init.o)
 .debug_frame   0x00001be0       0x28 c:/program files (x86)/cypress/psoc creator/4.4/psoc creator/import/gnu/arm/5.4.1/bin/../lib/gcc/arm-none-eabi/5.4.1/../../../../arm-none-eabi/lib/armv7-m\libg_nano.a(lib_a-memcpy-stub.o)
 .debug_frame   0x00001c08       0x20 c:/program files (x86)/cypress/psoc creator/4.4/psoc creator/import/gnu/arm/5.4.1/bin/../lib/gcc/arm-none-eabi/5.4.1/../../../../arm-none-eabi/lib/armv7-m\libg_nano.a(lib_a-memset.o)

.debug_str      0x00000000     0x263f
 *(.debug_str)
 .debug_str     0x00000000      0x225 .\CortexM3\ARM_GCC_541\Debug\main.o
                                0x26d (size before relaxing)
 .debug_str     0x00000225      0x18a .\CortexM3\ARM_GCC_541\Debug\cyfitter_cfg.o
                                0x312 (size before relaxing)
 .debug_str     0x000003af       0x7f .\CortexM3\ARM_GCC_541\Debug\cymetadata.o
                                0x1dd (size before relaxing)
 .debug_str     0x0000042e      0x154 .\CortexM3\ARM_GCC_541\Debug\Cm3Start.o
                                0x313 (size before relaxing)
 .debug_str     0x00000582      0x1ec .\CortexM3\ARM_GCC_541\Debug\sensors.a(lcd_char_1.o)
                                0x3b0 (size before relaxing)
 .debug_str     0x0000076e      0x383 .\CortexM3\ARM_GCC_541\Debug\sensors.a(CyDmac.o)
                                0x543 (size before relaxing)
 .debug_str     0x00000af1      0x7d8 .\CortexM3\ARM_GCC_541\Debug\sensors.a(CyLib.o)
                                0xa40 (size before relaxing)
 .debug_str     0x000012c9      0x365 .\CortexM3\ARM_GCC_541\Debug\sensors.a(cyPm.o)
                                0x72c (size before relaxing)
 .debug_str     0x0000162e      0x176 .\CortexM3\ARM_GCC_541\Debug\sensors.a(quaddec_1.o)
                                0x383 (size before relaxing)
 .debug_str     0x000017a4       0x48 .\CortexM3\ARM_GCC_541\Debug\sensors.a(quaddec_1_INT.o)
                                0x1e7 (size before relaxing)
 .debug_str     0x000017ec      0x1ea .\CortexM3\ARM_GCC_541\Debug\sensors.a(quaddec_1_Cnt16.o)
                                0x40f (size before relaxing)
 .debug_str     0x000019d6      0x477 .\CortexM3\ARM_GCC_541\Debug\sensors.a(ADC_SAR_Seq_1.o)
                                0x71d (size before relaxing)
 .debug_str     0x00001e4d       0x3d .\CortexM3\ARM_GCC_541\Debug\sensors.a(ADC_SAR_Seq_1_INT.o)
                                0x1b1 (size before relaxing)
 .debug_str     0x00001e8a      0x165 .\CortexM3\ARM_GCC_541\Debug\sensors.a(ADC_SAR_Seq_1_SAR.o)
                                0x527 (size before relaxing)
 .debug_str     0x00001fef       0xaf .\CortexM3\ARM_GCC_541\Debug\sensors.a(ADC_SAR_Seq_1_TempBuf_dma.o)
                                0x2a5 (size before relaxing)
 .debug_str     0x0000209e       0x77 .\CortexM3\ARM_GCC_541\Debug\sensors.a(ADC_SAR_Seq_1_FinalBuf_dma.o)
                                0x2a9 (size before relaxing)
 .debug_str     0x00002115      0x154 .\CortexM3\ARM_GCC_541\Debug\sensors.a(ADC_SAR_Seq_1_IRQ.o)
                                0x347 (size before relaxing)
 .debug_str     0x00002269      0x16f .\CortexM3\ARM_GCC_541\Debug\sensors.a(PWM_1.o)
                                0x373 (size before relaxing)
 .debug_str     0x000023d8      0x1bb .\CortexM3\ARM_GCC_541\Debug\sensors.a(CyFlash.o)
                                0x3b9 (size before relaxing)
 .debug_str     0x00002593       0xac .\CortexM3\ARM_GCC_541\Debug\sensors.a(CySpc.o)
                                0x331 (size before relaxing)

.debug_loc      0x00000000     0x2f9f
 *(.debug_loc)
 .debug_loc     0x00000000      0x1fd .\CortexM3\ARM_GCC_541\Debug\cyfitter_cfg.o
 .debug_loc     0x000001fd      0x144 .\CortexM3\ARM_GCC_541\Debug\Cm3Start.o
 .debug_loc     0x00000341      0x3c6 .\CortexM3\ARM_GCC_541\Debug\sensors.a(lcd_char_1.o)
 .debug_loc     0x00000707      0xb8e .\CortexM3\ARM_GCC_541\Debug\sensors.a(CyDmac.o)
 .debug_loc     0x00001295      0xa11 .\CortexM3\ARM_GCC_541\Debug\sensors.a(CyLib.o)
 .debug_loc     0x00001ca6      0x1e4 .\CortexM3\ARM_GCC_541\Debug\sensors.a(cyPm.o)
 .debug_loc     0x00001e8a       0xb9 .\CortexM3\ARM_GCC_541\Debug\sensors.a(quaddec_1.o)
 .debug_loc     0x00001f43       0x13 .\CortexM3\ARM_GCC_541\Debug\sensors.a(quaddec_1_INT.o)
 .debug_loc     0x00001f56       0x3d .\CortexM3\ARM_GCC_541\Debug\sensors.a(quaddec_1_Cnt16.o)
 .debug_loc     0x00001f93      0x13c .\CortexM3\ARM_GCC_541\Debug\sensors.a(ADC_SAR_Seq_1.o)
 .debug_loc     0x000020cf      0x295 .\CortexM3\ARM_GCC_541\Debug\sensors.a(ADC_SAR_Seq_1_SAR.o)
 .debug_loc     0x00002364       0x84 .\CortexM3\ARM_GCC_541\Debug\sensors.a(ADC_SAR_Seq_1_TempBuf_dma.o)
 .debug_loc     0x000023e8       0x84 .\CortexM3\ARM_GCC_541\Debug\sensors.a(ADC_SAR_Seq_1_FinalBuf_dma.o)
 .debug_loc     0x0000246c       0x56 .\CortexM3\ARM_GCC_541\Debug\sensors.a(ADC_SAR_Seq_1_IRQ.o)
 .debug_loc     0x000024c2       0x26 .\CortexM3\ARM_GCC_541\Debug\sensors.a(PWM_1.o)
 .debug_loc     0x000024e8      0x3b2 .\CortexM3\ARM_GCC_541\Debug\sensors.a(CyFlash.o)
 .debug_loc     0x0000289a      0x705 .\CortexM3\ARM_GCC_541\Debug\sensors.a(CySpc.o)

.debug_macinfo
 *(.debug_macinfo)

.debug_ranges   0x00000000      0x938
 *(.debug_ranges)
 .debug_ranges  0x00000000       0x10 .\CortexM3\ARM_GCC_541\Debug\main.o
 .debug_ranges  0x00000010       0x48 .\CortexM3\ARM_GCC_541\Debug\cyfitter_cfg.o
 .debug_ranges  0x00000058       0x38 .\CortexM3\ARM_GCC_541\Debug\Cm3Start.o
 .debug_ranges  0x00000090       0x88 .\CortexM3\ARM_GCC_541\Debug\sensors.a(lcd_char_1.o)
 .debug_ranges  0x00000118       0xc8 .\CortexM3\ARM_GCC_541\Debug\sensors.a(CyDmac.o)
 .debug_ranges  0x000001e0      0x290 .\CortexM3\ARM_GCC_541\Debug\sensors.a(CyLib.o)
 .debug_ranges  0x00000470       0x88 .\CortexM3\ARM_GCC_541\Debug\sensors.a(cyPm.o)
 .debug_ranges  0x000004f8       0x50 .\CortexM3\ARM_GCC_541\Debug\sensors.a(quaddec_1.o)
 .debug_ranges  0x00000548       0x10 .\CortexM3\ARM_GCC_541\Debug\sensors.a(quaddec_1_INT.o)
 .debug_ranges  0x00000558       0x88 .\CortexM3\ARM_GCC_541\Debug\sensors.a(quaddec_1_Cnt16.o)
 .debug_ranges  0x000005e0       0x90 .\CortexM3\ARM_GCC_541\Debug\sensors.a(ADC_SAR_Seq_1.o)
 .debug_ranges  0x00000670       0x10 .\CortexM3\ARM_GCC_541\Debug\sensors.a(ADC_SAR_Seq_1_INT.o)
 .debug_ranges  0x00000680       0x98 .\CortexM3\ARM_GCC_541\Debug\sensors.a(ADC_SAR_Seq_1_SAR.o)
 .debug_ranges  0x00000718       0x18 .\CortexM3\ARM_GCC_541\Debug\sensors.a(ADC_SAR_Seq_1_TempBuf_dma.o)
 .debug_ranges  0x00000730       0x18 .\CortexM3\ARM_GCC_541\Debug\sensors.a(ADC_SAR_Seq_1_FinalBuf_dma.o)
 .debug_ranges  0x00000748       0x70 .\CortexM3\ARM_GCC_541\Debug\sensors.a(ADC_SAR_Seq_1_IRQ.o)
 .debug_ranges  0x000007b8       0x98 .\CortexM3\ARM_GCC_541\Debug\sensors.a(PWM_1.o)
 .debug_ranges  0x00000850       0x78 .\CortexM3\ARM_GCC_541\Debug\sensors.a(CyFlash.o)
 .debug_ranges  0x000008c8       0x70 .\CortexM3\ARM_GCC_541\Debug\sensors.a(CySpc.o)

.comment        0x00000000       0x6e
 .comment       0x00000000       0x6e .\CortexM3\ARM_GCC_541\Debug\main.o
                                 0x6f (size before relaxing)
 .comment       0x0000006e       0x6f .\CortexM3\ARM_GCC_541\Debug\cyfitter_cfg.o
 .comment       0x0000006e       0x6f .\CortexM3\ARM_GCC_541\Debug\cymetadata.o
 .comment       0x0000006e       0x6f .\CortexM3\ARM_GCC_541\Debug\Cm3Start.o
 .comment       0x0000006e       0x6f .\CortexM3\ARM_GCC_541\Debug\sensors.a(lcd_char_1.o)
 .comment       0x0000006e       0x6f .\CortexM3\ARM_GCC_541\Debug\sensors.a(CyDmac.o)
 .comment       0x0000006e       0x6f .\CortexM3\ARM_GCC_541\Debug\sensors.a(CyLib.o)
 .comment       0x0000006e       0x6f .\CortexM3\ARM_GCC_541\Debug\sensors.a(cyPm.o)
 .comment       0x0000006e       0x6f .\CortexM3\ARM_GCC_541\Debug\sensors.a(quaddec_1.o)
 .comment       0x0000006e       0x6f .\CortexM3\ARM_GCC_541\Debug\sensors.a(quaddec_1_INT.o)
 .comment       0x0000006e       0x6f .\CortexM3\ARM_GCC_541\Debug\sensors.a(quaddec_1_Cnt16.o)
 .comment       0x0000006e       0x6f .\CortexM3\ARM_GCC_541\Debug\sensors.a(ADC_SAR_Seq_1.o)
 .comment       0x0000006e       0x6f .\CortexM3\ARM_GCC_541\Debug\sensors.a(ADC_SAR_Seq_1_INT.o)
 .comment       0x0000006e       0x6f .\CortexM3\ARM_GCC_541\Debug\sensors.a(ADC_SAR_Seq_1_SAR.o)
 .comment       0x0000006e       0x6f .\CortexM3\ARM_GCC_541\Debug\sensors.a(ADC_SAR_Seq_1_TempBuf_dma.o)
 .comment       0x0000006e       0x6f .\CortexM3\ARM_GCC_541\Debug\sensors.a(ADC_SAR_Seq_1_FinalBuf_dma.o)
 .comment       0x0000006e       0x6f .\CortexM3\ARM_GCC_541\Debug\sensors.a(ADC_SAR_Seq_1_IRQ.o)
 .comment       0x0000006e       0x6f .\CortexM3\ARM_GCC_541\Debug\sensors.a(PWM_1.o)
 .comment       0x0000006e       0x6f .\CortexM3\ARM_GCC_541\Debug\sensors.a(CyFlash.o)
 .comment       0x0000006e       0x6f .\CortexM3\ARM_GCC_541\Debug\sensors.a(CySpc.o)

.debug_weaknames
 *(.debug_weaknames)

.debug_funcnames
 *(.debug_funcnames)

.debug_typenames
 *(.debug_typenames)

.debug_varnames
 *(.debug_varnames)

.note.gnu.arm.ident
 *(.note.gnu.arm.ident)

.ARM.attributes
                0x00000000       0x29
 *(.ARM.attributes)
 .ARM.attributes
                0x00000000       0x1d c:/program files (x86)/cypress/psoc creator/4.4/psoc creator/import/gnu/arm/5.4.1/bin/../lib/gcc/arm-none-eabi/5.4.1/armv7-m/crti.o
 .ARM.attributes
                0x0000001d       0x2d c:/program files (x86)/cypress/psoc creator/4.4/psoc creator/import/gnu/arm/5.4.1/bin/../lib/gcc/arm-none-eabi/5.4.1/armv7-m/crtbegin.o
 .ARM.attributes
                0x0000004a       0x1b c:/program files (x86)/cypress/psoc creator/4.4/psoc creator/import/gnu/arm/5.4.1/bin/../lib/gcc/arm-none-eabi/5.4.1/../../../../arm-none-eabi/lib/armv7-m/crt0.o
 .ARM.attributes
                0x00000065       0x33 .\CortexM3\ARM_GCC_541\Debug\main.o
 .ARM.attributes
                0x00000098       0x33 .\CortexM3\ARM_GCC_541\Debug\cyfitter_cfg.o
 .ARM.attributes
                0x000000cb       0x33 .\CortexM3\ARM_GCC_541\Debug\cymetadata.o
 .ARM.attributes
                0x000000fe       0x33 .\CortexM3\ARM_GCC_541\Debug\Cm3Start.o
 .ARM.attributes
                0x00000131       0x33 .\CortexM3\ARM_GCC_541\Debug\sensors.a(lcd_char_1.o)
 .ARM.attributes
                0x00000164       0x33 .\CortexM3\ARM_GCC_541\Debug\sensors.a(CyDmac.o)
 .ARM.attributes
                0x00000197       0x33 .\CortexM3\ARM_GCC_541\Debug\sensors.a(CyLib.o)
 .ARM.attributes
                0x000001ca       0x33 .\CortexM3\ARM_GCC_541\Debug\sensors.a(cyPm.o)
 .ARM.attributes
                0x000001fd       0x33 .\CortexM3\ARM_GCC_541\Debug\sensors.a(quaddec_1.o)
 .ARM.attributes
                0x00000230       0x33 .\CortexM3\ARM_GCC_541\Debug\sensors.a(quaddec_1_INT.o)
 .ARM.attributes
                0x00000263       0x33 .\CortexM3\ARM_GCC_541\Debug\sensors.a(quaddec_1_Cnt16.o)
 .ARM.attributes
                0x00000296       0x33 .\CortexM3\ARM_GCC_541\Debug\sensors.a(ADC_SAR_Seq_1.o)
 .ARM.attributes
                0x000002c9       0x33 .\CortexM3\ARM_GCC_541\Debug\sensors.a(ADC_SAR_Seq_1_INT.o)
 .ARM.attributes
                0x000002fc       0x33 .\CortexM3\ARM_GCC_541\Debug\sensors.a(ADC_SAR_Seq_1_SAR.o)
 .ARM.attributes
                0x0000032f       0x33 .\CortexM3\ARM_GCC_541\Debug\sensors.a(ADC_SAR_Seq_1_TempBuf_dma.o)
 .ARM.attributes
                0x00000362       0x33 .\CortexM3\ARM_GCC_541\Debug\sensors.a(ADC_SAR_Seq_1_FinalBuf_dma.o)
 .ARM.attributes
                0x00000395       0x33 .\CortexM3\ARM_GCC_541\Debug\sensors.a(ADC_SAR_Seq_1_IRQ.o)
 .ARM.attributes
                0x000003c8       0x33 .\CortexM3\ARM_GCC_541\Debug\sensors.a(PWM_1.o)
 .ARM.attributes
                0x000003fb       0x21 .\CortexM3\ARM_GCC_541\Debug\sensors.a(CyBootAsmGnu.o)
 .ARM.attributes
                0x0000041c       0x33 .\CortexM3\ARM_GCC_541\Debug\sensors.a(CyFlash.o)
 .ARM.attributes
                0x0000044f       0x33 .\CortexM3\ARM_GCC_541\Debug\sensors.a(CySpc.o)
 .ARM.attributes
                0x00000482       0x1d c:/program files (x86)/cypress/psoc creator/4.4/psoc creator/import/gnu/arm/5.4.1/bin/../lib/gcc/arm-none-eabi/5.4.1/armv7-m\libgcc.a(_arm_addsubsf3.o)
 .ARM.attributes
                0x0000049f       0x1d c:/program files (x86)/cypress/psoc creator/4.4/psoc creator/import/gnu/arm/5.4.1/bin/../lib/gcc/arm-none-eabi/5.4.1/armv7-m\libgcc.a(_arm_muldivsf3.o)
 .ARM.attributes
                0x000004bc       0x1d c:/program files (x86)/cypress/psoc creator/4.4/psoc creator/import/gnu/arm/5.4.1/bin/../lib/gcc/arm-none-eabi/5.4.1/armv7-m\libgcc.a(_aeabi_ldivmod.o)
 .ARM.attributes
                0x000004d9       0x2d c:/program files (x86)/cypress/psoc creator/4.4/psoc creator/import/gnu/arm/5.4.1/bin/../lib/gcc/arm-none-eabi/5.4.1/armv7-m\libgcc.a(_udivmoddi4.o)
 .ARM.attributes
                0x00000506       0x1d c:/program files (x86)/cypress/psoc creator/4.4/psoc creator/import/gnu/arm/5.4.1/bin/../lib/gcc/arm-none-eabi/5.4.1/armv7-m\libgcc.a(_dvmd_tls.o)
 .ARM.attributes
                0x00000523       0x2d c:/program files (x86)/cypress/psoc creator/4.4/psoc creator/import/gnu/arm/5.4.1/bin/../lib/gcc/arm-none-eabi/5.4.1/../../../../arm-none-eabi/lib/armv7-m\libg_nano.a(lib_a-errno.o)
 .ARM.attributes
                0x00000550       0x2d c:/program files (x86)/cypress/psoc creator/4.4/psoc creator/import/gnu/arm/5.4.1/bin/../lib/gcc/arm-none-eabi/5.4.1/../../../../arm-none-eabi/lib/armv7-m\libg_nano.a(lib_a-exit.o)
 .ARM.attributes
                0x0000057d       0x2d c:/program files (x86)/cypress/psoc creator/4.4/psoc creator/import/gnu/arm/5.4.1/bin/../lib/gcc/arm-none-eabi/5.4.1/../../../../arm-none-eabi/lib/armv7-m\libg_nano.a(lib_a-impure.o)
 .ARM.attributes
                0x000005aa       0x2d c:/program files (x86)/cypress/psoc creator/4.4/psoc creator/import/gnu/arm/5.4.1/bin/../lib/gcc/arm-none-eabi/5.4.1/../../../../arm-none-eabi/lib/armv7-m\libg_nano.a(lib_a-init.o)
 .ARM.attributes
                0x000005d7       0x2d c:/program files (x86)/cypress/psoc creator/4.4/psoc creator/import/gnu/arm/5.4.1/bin/../lib/gcc/arm-none-eabi/5.4.1/../../../../arm-none-eabi/lib/armv7-m\libg_nano.a(lib_a-memcpy-stub.o)
 .ARM.attributes
                0x00000604       0x2d c:/program files (x86)/cypress/psoc creator/4.4/psoc creator/import/gnu/arm/5.4.1/bin/../lib/gcc/arm-none-eabi/5.4.1/../../../../arm-none-eabi/lib/armv7-m\libg_nano.a(lib_a-memset.o)
 .ARM.attributes
                0x00000631       0x2d c:/program files (x86)/cypress/psoc creator/4.4/psoc creator/import/gnu/arm/5.4.1/bin/../lib/gcc/arm-none-eabi/5.4.1/armv7-m/crtend.o
 .ARM.attributes
                0x0000065e       0x1d c:/program files (x86)/cypress/psoc creator/4.4/psoc creator/import/gnu/arm/5.4.1/bin/../lib/gcc/arm-none-eabi/5.4.1/armv7-m/crtn.o

/DISCARD/
 *(.note.GNU-stack)
OUTPUT(C:\robogrok\robogrok_psoc_creator\robotics_1\sensors.cydsn\CortexM3\ARM_GCC_541\Debug\sensors.elf elf32-littlearm)
