Archive member included to satisfy reference by file (symbol)

.\CortexM3\ARM_GCC_541\Debug\sensors.a(lcd_char_1.o)
                              .\CortexM3\ARM_GCC_541\Debug\main.o (lcd_char_1_WriteControl)
.\CortexM3\ARM_GCC_541\Debug\sensors.a(CyDmac.o)
                              .\CortexM3\ARM_GCC_541\Debug\Cm3Start.o (CyDmacConfigure)
.\CortexM3\ARM_GCC_541\Debug\sensors.a(CyLib.o)
                              .\CortexM3\ARM_GCC_541\Debug\Cm3Start.o (CyHalt)
.\CortexM3\ARM_GCC_541\Debug\sensors.a(cyPm.o)
                              .\CortexM3\ARM_GCC_541\Debug\sensors.a(CyLib.o) (CyPmReadStatus)
.\CortexM3\ARM_GCC_541\Debug\sensors.a(quaddec_1.o)
                              .\CortexM3\ARM_GCC_541\Debug\main.o (quaddec_1_GetCounter)
.\CortexM3\ARM_GCC_541\Debug\sensors.a(quaddec_1_INT.o)
                              .\CortexM3\ARM_GCC_541\Debug\sensors.a(quaddec_1.o) (quaddec_1_ISR)
.\CortexM3\ARM_GCC_541\Debug\sensors.a(quaddec_1_Cnt16.o)
                              .\CortexM3\ARM_GCC_541\Debug\sensors.a(quaddec_1.o) (quaddec_1_Cnt16_Stop)
.\CortexM3\ARM_GCC_541\Debug\sensors.a(ADC_SAR_Seq_1.o)
                              .\CortexM3\ARM_GCC_541\Debug\main.o (ADC_SAR_Seq_1_Start)
.\CortexM3\ARM_GCC_541\Debug\sensors.a(ADC_SAR_Seq_1_INT.o)
                              .\CortexM3\ARM_GCC_541\Debug\sensors.a(ADC_SAR_Seq_1.o) (ADC_SAR_Seq_1_ISR)
.\CortexM3\ARM_GCC_541\Debug\sensors.a(ADC_SAR_Seq_1_SAR.o)
                              .\CortexM3\ARM_GCC_541\Debug\sensors.a(ADC_SAR_Seq_1.o) (ADC_SAR_Seq_1_SAR_shift)
.\CortexM3\ARM_GCC_541\Debug\sensors.a(ADC_SAR_Seq_1_TempBuf_dma.o)
                              .\CortexM3\ARM_GCC_541\Debug\sensors.a(ADC_SAR_Seq_1.o) (ADC_SAR_Seq_1_TempBuf_DmaInitialize)
.\CortexM3\ARM_GCC_541\Debug\sensors.a(ADC_SAR_Seq_1_FinalBuf_dma.o)
                              .\CortexM3\ARM_GCC_541\Debug\sensors.a(ADC_SAR_Seq_1.o) (ADC_SAR_Seq_1_FinalBuf_DmaInitialize)
.\CortexM3\ARM_GCC_541\Debug\sensors.a(ADC_SAR_Seq_1_IRQ.o)
                              .\CortexM3\ARM_GCC_541\Debug\sensors.a(ADC_SAR_Seq_1.o) (ADC_SAR_Seq_1_IRQ_SetVector)
.\CortexM3\ARM_GCC_541\Debug\sensors.a(PWM_1.o)
                              .\CortexM3\ARM_GCC_541\Debug\main.o (PWM_1_WriteCompare)
.\CortexM3\ARM_GCC_541\Debug\sensors.a(CyBootAsmGnu.o)
                              .\CortexM3\ARM_GCC_541\Debug\cyfitter_cfg.o (CyDelayCycles)
.\CortexM3\ARM_GCC_541\Debug\sensors.a(CyFlash.o)
                              .\CortexM3\ARM_GCC_541\Debug\sensors.a(cyPm.o) (CyFlash_SetWaitCycles)
.\CortexM3\ARM_GCC_541\Debug\sensors.a(CySpc.o)
                              .\CortexM3\ARM_GCC_541\Debug\sensors.a(CyFlash.o) (CySpcStart)
c:/program files (x86)/cypress/psoc creator/4.4/psoc creator/import/gnu/arm/5.4.1/bin/../lib/gcc/arm-none-eabi/5.4.1/armv7-m\libgcc.a(_arm_addsubdf3.o)
                              .\CortexM3\ARM_GCC_541\Debug\main.o (__aeabi_i2d)
c:/program files (x86)/cypress/psoc creator/4.4/psoc creator/import/gnu/arm/5.4.1/bin/../lib/gcc/arm-none-eabi/5.4.1/armv7-m\libgcc.a(_arm_muldivdf3.o)
                              .\CortexM3\ARM_GCC_541\Debug\main.o (__aeabi_dmul)
c:/program files (x86)/cypress/psoc creator/4.4/psoc creator/import/gnu/arm/5.4.1/bin/../lib/gcc/arm-none-eabi/5.4.1/armv7-m\libgcc.a(_arm_truncdfsf2.o)
                              .\CortexM3\ARM_GCC_541\Debug\main.o (__aeabi_d2f)
c:/program files (x86)/cypress/psoc creator/4.4/psoc creator/import/gnu/arm/5.4.1/bin/../lib/gcc/arm-none-eabi/5.4.1/armv7-m\libgcc.a(_arm_addsubsf3.o)
                              .\CortexM3\ARM_GCC_541\Debug\sensors.a(ADC_SAR_Seq_1_SAR.o) (__aeabi_i2f)
c:/program files (x86)/cypress/psoc creator/4.4/psoc creator/import/gnu/arm/5.4.1/bin/../lib/gcc/arm-none-eabi/5.4.1/armv7-m\libgcc.a(_arm_muldivsf3.o)
                              .\CortexM3\ARM_GCC_541\Debug\sensors.a(ADC_SAR_Seq_1_SAR.o) (__aeabi_fmul)
c:/program files (x86)/cypress/psoc creator/4.4/psoc creator/import/gnu/arm/5.4.1/bin/../lib/gcc/arm-none-eabi/5.4.1/armv7-m\libgcc.a(_arm_fixunssfsi.o)
                              .\CortexM3\ARM_GCC_541\Debug\main.o (__aeabi_f2uiz)
c:/program files (x86)/cypress/psoc creator/4.4/psoc creator/import/gnu/arm/5.4.1/bin/../lib/gcc/arm-none-eabi/5.4.1/armv7-m\libgcc.a(_aeabi_ldivmod.o)
                              .\CortexM3\ARM_GCC_541\Debug\sensors.a(ADC_SAR_Seq_1_SAR.o) (__aeabi_ldivmod)
c:/program files (x86)/cypress/psoc creator/4.4/psoc creator/import/gnu/arm/5.4.1/bin/../lib/gcc/arm-none-eabi/5.4.1/armv7-m\libgcc.a(_udivmoddi4.o)
                              c:/program files (x86)/cypress/psoc creator/4.4/psoc creator/import/gnu/arm/5.4.1/bin/../lib/gcc/arm-none-eabi/5.4.1/armv7-m\libgcc.a(_aeabi_ldivmod.o) (__udivmoddi4)
c:/program files (x86)/cypress/psoc creator/4.4/psoc creator/import/gnu/arm/5.4.1/bin/../lib/gcc/arm-none-eabi/5.4.1/armv7-m\libgcc.a(_dvmd_tls.o)
[...]
Memory Configuration

Name             Origin             Length             Attributes
rom              0x00000000         0x00040000         xr
ram              0x1fff8000         0x00010000         xrw
*default*        0x00000000         0xffffffff

Linker script and memory map

LOAD c:/program files (x86)/cypress/psoc creator/4.4/psoc creator/import/gnu/arm/5.4.1/bin/../lib/gcc/arm-none-eabi/5.4.1/armv7-m/crti.o
LOAD c:/program files (x86)/cypress/psoc creator/4.4/psoc creator/import/gnu/arm/5.4.1/bin/../lib/gcc/arm-none-eabi/5.4.1/armv7-m/crtbegin.o
LOAD c:/program files (x86)/cypress/psoc creator/4.4/psoc creator/import/gnu/arm/5.4.1/bin/../lib/gcc/arm-none-eabi/5.4.1/../../../../arm-none-eabi/lib/armv7-m/crt0.o
START GROUP
LOAD .\CortexM3\ARM_GCC_541\Debug\main.o
LOAD .\CortexM3\ARM_GCC_541\Debug\cyfitter_cfg.o
LOAD .\CortexM3\ARM_GCC_541\Debug\cymetadata.o
LOAD .\CortexM3\ARM_GCC_541\Debug\Cm3Start.o
LOAD .\CortexM3\ARM_GCC_541\Debug\sensors.a
LOAD C:\Program Files (x86)\Cypress\PSoC Creator\4.4\PSoC Creator\psoc\content\cycomponentlibrary\CyComponentLibrary.cylib\CortexM3\ARM_GCC_541\Debug\CyComponentLibrary.a
END GROUP
START GROUP
LOAD c:/program files (x86)/cypress/psoc creator/4.4/psoc creator/import/gnu/arm/5.4.1/bin/../lib/gcc/arm-none-eabi/5.4.1/armv7-m\libgcc.a
LOAD c:/program files (x86)/cypress/psoc creator/4.4/psoc creator/import/gnu/arm/5.4.1/bin/../lib/gcc/arm-none-eabi/5.4.1/../../../../arm-none-eabi/lib/armv7-m\libg_nano.a
LOAD c:/program files (x86)/cypress/psoc creator/4.4/psoc creator/import/gnu/arm/5.4.1/bin/../lib/gcc/arm-none-eabi/5.4.1/../../../../arm-none-eabi/lib/armv7-m\libc_nano.a
END GROUP
START GROUP
LOAD c:/program files (x86)/cypress/psoc creator/4.4/psoc creator/import/gnu/arm/5.4.1/bin/../lib/gcc/arm-none-eabi/5.4.1/armv7-m\libgcc.a
LOAD c:/program files (x86)/cypress/psoc creator/4.4/psoc creator/import/gnu/arm/5.4.1/bin/../lib/gcc/arm-none-eabi/5.4.1/../../../../arm-none-eabi/lib/armv7-m\libc_nano.a
END GROUP
LOAD c:/program files (x86)/cypress/psoc creator/4.4/psoc creator/import/gnu/arm/5.4.1/bin/../lib/gcc/arm-none-eabi/5.4.1/armv7-m/crtend.o
LOAD c:/program files (x86)/cypress/psoc creator/4.4/psoc creator/import/gnu/arm/5.4.1/bin/../lib/gcc/arm-none-eabi/5.4.1/armv7-m/crtn.o
START GROUP
LOAD c:/program files (x86)/cypress/psoc creator/4.4/psoc creator/import/gnu/arm/5.4.1/bin/../lib/gcc/arm-none-eabi/5.4.1/armv7-m\libgcc.a
LOAD c:/program files (x86)/cypress/psoc creator/4.4/psoc creator/import/gnu/arm/5.4.1/bin/../lib/gcc/arm-none-eabi/5.4.1/../../../../arm-none-eabi/lib/armv7-m\libc.a
LOAD c:/program files (x86)/cypress/psoc creator/4.4/psoc creator/import/gnu/arm/5.4.1/bin/../lib/gcc/arm-none-eabi/5.4.1/../../../../arm-none-eabi/lib/armv7-m\libnosys.a
END GROUP
                0x00000000                CY_APPL_ORIGIN = 0x0
                0x00000100                CY_FLASH_ROW_SIZE = 0x100
                0x00000020                CY_ECC_ROW_SIZE = 0x20
                0x00000000                CY_EE_IN_BTLDR = 0x0
                0x00000000                CY_APPL_LOADABLE = 0x0
                0x00000800                CY_EE_SIZE = 0x800
                0x00000001                CY_APPL_NUM = 0x1
                0x00000001                CY_APPL_MAX = 0x1
                0x00000040                CY_METADATA_SIZE = 0x40
                0x00000000                CY_APPL_LOADABLE = 0x0
                0x00000000                CY_CHECKSUM_EXCLUDE_SIZE = ALIGN (0x0, CY_FLASH_ROW_SIZE)
                [!provide]                PROVIDE (__cy_heap_start, _end)
                0x00000001                PROVIDE (__cy_region_num, ((__cy_regions_end - __cy_regions) / 0x10))
                0x20008000                PROVIDE (__cy_stack, (ORIGIN (ram) + LENGTH (ram)))
                [!provide]                PROVIDE (__cy_heap_end, (__cy_stack - 0x800))

.cybootloader   0x00000000        0x0
 *(.cybootloader)
                0x00000000                appl1_start = CY_APPL_ORIGIN?CY_APPL_ORIGIN:ALIGN (CY_FLASH_ROW_SIZE)
                0x0001ff00                appl2_start = (appl1_start + ALIGN ((((LENGTH (rom) - appl1_start) - (0x2 * CY_FLASH_ROW_SIZE)) / 0x2), CY_FLASH_ROW_SIZE))
                0x00000000                appl_start = (CY_APPL_NUM == 0x1)?appl1_start:appl2_start
                0x00000000                ecc_offset = ((appl_start / CY_FLASH_ROW_SIZE) * CY_ECC_ROW_SIZE)
                0x00000000                ee_offset = (CY_APPL_LOADABLE && ! (CY_EE_IN_BTLDR))?((CY_EE_SIZE / CY_APPL_MAX) * (CY_APPL_NUM - 0x1)):0x0
                0x00000800                ee_size = (CY_APPL_LOADABLE && ! (CY_EE_IN_BTLDR))?(CY_EE_SIZE / CY_APPL_MAX):CY_EE_SIZE
                [!provide]                PROVIDE (CY_ECC_OFFSET, ecc_offset)

.text           0x00000000     0x1922
 CREATE_OBJECT_SYMBOLS
                0x00000000                PROVIDE (__cy_interrupt_vector, RomVectors)
 *(.romvectors)
 .romvectors    0x00000000       0x10 .\CortexM3\ARM_GCC_541\Debug\Cm3Start.o
                0x00000000                RomVectors
                0x00000001                ASSERT ((. != __cy_interrupt_vector), No interrupt vector)
                0x00000001                ASSERT (CY_APPL_ORIGIN?(SIZEOF (.cybootloader) <= CY_APPL_ORIGIN):0x1, Wrong image location)
                0x00000010                PROVIDE (__cy_reset, Reset)
 *(.text.Reset)
 .text.Reset    0x00000010       0x18 .\CortexM3\ARM_GCC_541\Debug\Cm3Start.o
                0x00000010                Reset
                0x00000001                ASSERT ((. != __cy_reset), No reset code)
 *(.dma_init)
                0x00000001                ASSERT ((((appl_start + .) <= 0x10000) || 0x1), DMA Init must be within the first 64k of flash)
 *(.text .text.* .gnu.linkonce.t.*)
 .text          0x00000028       0x5c c:/program files (x86)/cypress/psoc creator/4.4/psoc creator/import/gnu/arm/5.4.1/bin/../lib/gcc/arm-none-eabi/5.4.1/armv7-m/crtbegin.o
 *fill*         0x00000084        0x4 
 .text.main     0x00000088       0xac .\CortexM3\ARM_GCC_541\Debug\main.o
                0x00000088                main
 .text.CyClockStartupError
                0x00000134        0x4 .\CortexM3\ARM_GCC_541\Debug\cyfitter_cfg.o
 .text.cfg_write_bytes32
                0x00000138       0x34 .\CortexM3\ARM_GCC_541\Debug\cyfitter_cfg.o
 .text.CYMEMZERO
                0x0000016c        0xc .\CortexM3\ARM_GCC_541\Debug\cyfitter_cfg.o
 .text.ClockSetup
                0x00000178       0xd4 .\CortexM3\ARM_GCC_541\Debug\cyfitter_cfg.o
 .text.AnalogSetDefault
                0x0000024c       0x7c .\CortexM3\ARM_GCC_541\Debug\cyfitter_cfg.o
 .text.CYCONFIGCPY
                0x000002c8        0x8 .\CortexM3\ARM_GCC_541\Debug\cyfitter_cfg.o
 .text.cyfitter_cfg
                0x000002d0       0xfc .\CortexM3\ARM_GCC_541\Debug\cyfitter_cfg.o
                0x000002d0                cyfitter_cfg
 .text.IntDefaultHandler
                0x000003cc       0x10 .\CortexM3\ARM_GCC_541\Debug\Cm3Start.o
                0x000003cc                IntDefaultHandler
 .text.Start_c  0x000003dc       0x4c .\CortexM3\ARM_GCC_541\Debug\Cm3Start.o
                0x000003dc                Start_c
 .text.initialize_psoc
                0x00000428       0x6c .\CortexM3\ARM_GCC_541\Debug\Cm3Start.o
                0x00000428                initialize_psoc
 .text.lcd_char_1_WrCntrlNib
                0x00000494       0x34 .\CortexM3\ARM_GCC_541\Debug\sensors.a(lcd_char_1.o)
 .text.lcd_char_1_WrDatNib
                0x000004c8       0x44 .\CortexM3\ARM_GCC_541\Debug\sensors.a(lcd_char_1.o)
 .text.lcd_char_1_IsReady
                0x0000050c       0xe4 .\CortexM3\ARM_GCC_541\Debug\sensors.a(lcd_char_1.o)
                0x0000050c                lcd_char_1_IsReady
 .text.lcd_char_1_WriteData
                0x000005f0       0x18 .\CortexM3\ARM_GCC_541\Debug\sensors.a(lcd_char_1.o)
                0x000005f0                lcd_char_1_WriteData
 .text.lcd_char_1_PrintString
                0x00000608       0x1c .\CortexM3\ARM_GCC_541\Debug\sensors.a(lcd_char_1.o)
                0x00000608                lcd_char_1_PrintString
 .text.lcd_char_1_WriteControl
                0x00000624       0x18 .\CortexM3\ARM_GCC_541\Debug\sensors.a(lcd_char_1.o)
                0x00000624                lcd_char_1_WriteControl
 .text.lcd_char_1_Init
                0x0000063c       0x6c .\CortexM3\ARM_GCC_541\Debug\sensors.a(lcd_char_1.o)
                0x0000063c                lcd_char_1_Init
 .text.lcd_char_1_Enable
                0x000006a8       0x14 .\CortexM3\ARM_GCC_541\Debug\sensors.a(lcd_char_1.o)
                0x000006a8                lcd_char_1_Enable
 .text.lcd_char_1_Start
                0x000006bc       0x1c .\CortexM3\ARM_GCC_541\Debug\sensors.a(lcd_char_1.o)
                0x000006bc                lcd_char_1_Start
 .text.lcd_char_1_Position
                0x000006d8       0x3c .\CortexM3\ARM_GCC_541\Debug\sensors.a(lcd_char_1.o)
                0x000006d8                lcd_char_1_Position
 .text.lcd_char_1_PrintU32Number
                0x00000714       0x64 .\CortexM3\ARM_GCC_541\Debug\sensors.a(lcd_char_1.o)
                0x00000714                lcd_char_1_PrintU32Number
 .text.CyDmacConfigure
                0x00000778       0x34 .\CortexM3\ARM_GCC_541\Debug\sensors.a(CyDmac.o)
                0x00000778                CyDmacConfigure
 .text.CyDmaChEnable
                0x000007ac       0x38 .\CortexM3\ARM_GCC_541\Debug\sensors.a(CyDmac.o)
                0x000007ac                CyDmaChEnable
 .text.CyDmaClearPendingDrq
                0x000007e4       0x28 .\CortexM3\ARM_GCC_541\Debug\sensors.a(CyDmac.o)
                0x000007e4                CyDmaClearPendingDrq
 .text.CyDmaChPriority
                0x0000080c       0x24 .\CortexM3\ARM_GCC_541\Debug\sensors.a(CyDmac.o)
                0x0000080c                CyDmaChPriority
 .text.CyDmaChSetExtendedAddress
                0x00000830       0x34 .\CortexM3\ARM_GCC_541\Debug\sensors.a(CyDmac.o)
                0x00000830                CyDmaChSetExtendedAddress
 .text.CyDmaChSetInitialTd
                0x00000864       0x18 .\CortexM3\ARM_GCC_541\Debug\sensors.a(CyDmac.o)
                0x00000864                CyDmaChSetInitialTd
 .text.CyDmaChSetConfiguration
                0x0000087c       0x44 .\CortexM3\ARM_GCC_541\Debug\sensors.a(CyDmac.o)
                0x0000087c                CyDmaChSetConfiguration
 .text.CyDmaTdAllocate
                0x000008c0       0x34 .\CortexM3\ARM_GCC_541\Debug\sensors.a(CyDmac.o)
                0x000008c0                CyDmaTdAllocate
 .text.CyDmaTdSetConfiguration
                0x000008f4       0x28 .\CortexM3\ARM_GCC_541\Debug\sensors.a(CyDmac.o)
                0x000008f4                CyDmaTdSetConfiguration
 .text.CyDmaTdSetAddress
                0x0000091c       0x1c .\CortexM3\ARM_GCC_541\Debug\sensors.a(CyDmac.o)
                0x0000091c                CyDmaTdSetAddress
 .text.CyHalt   0x00000938        0x4 .\CortexM3\ARM_GCC_541\Debug\sensors.a(CyLib.o)
                0x00000938                CyHalt
 .text.CyDelay  0x0000093c       0x2c .\CortexM3\ARM_GCC_541\Debug\sensors.a(CyLib.o)
                0x0000093c                CyDelay
 .text.CyDelayUs
                0x00000968       0x14 .\CortexM3\ARM_GCC_541\Debug\sensors.a(CyLib.o)
                0x00000968                CyDelayUs
 .text.CyIntSetVector
                0x0000097c       0x28 .\CortexM3\ARM_GCC_541\Debug\sensors.a(CyLib.o)
                0x0000097c                CyIntSetVector
 .text.CyIntSetPriority
                0x000009a4       0x30 .\CortexM3\ARM_GCC_541\Debug\sensors.a(CyLib.o)
                0x000009a4                CyIntSetPriority
 .text.quaddec_1_Init
                0x000009d4       0x24 .\CortexM3\ARM_GCC_541\Debug\sensors.a(quaddec_1.o)
                0x000009d4                quaddec_1_Init
 .text.quaddec_1_GetCounter
                0x000009f8       0x2c .\CortexM3\ARM_GCC_541\Debug\sensors.a(quaddec_1.o)
                0x000009f8                quaddec_1_GetCounter
 .text.quaddec_1_SetCounter
                0x00000a24       0x28 .\CortexM3\ARM_GCC_541\Debug\sensors.a(quaddec_1.o)
                0x00000a24                quaddec_1_SetCounter
 .text.quaddec_1_GetEvents
                0x00000a4c       0x10 .\CortexM3\ARM_GCC_541\Debug\sensors.a(quaddec_1.o)
                0x00000a4c                quaddec_1_GetEvents
 .text.quaddec_1_SetInterruptMask
                0x00000a5c       0x10 .\CortexM3\ARM_GCC_541\Debug\sensors.a(quaddec_1.o)
                0x00000a5c                quaddec_1_SetInterruptMask
 .text.quaddec_1_Enable
                0x00000a6c       0x30 .\CortexM3\ARM_GCC_541\Debug\sensors.a(quaddec_1.o)
                0x00000a6c                quaddec_1_Enable
 .text.quaddec_1_Start
                0x00000a9c       0x34 .\CortexM3\ARM_GCC_541\Debug\sensors.a(quaddec_1.o)
                0x00000a9c                quaddec_1_Start
 .text.quaddec_1_ISR
                0x00000ad0       0x40 .\CortexM3\ARM_GCC_541\Debug\sensors.a(quaddec_1_INT.o)
                0x00000ad0                quaddec_1_ISR
 .text.quaddec_1_Cnt16_Enable
                0x00000b10       0x10 .\CortexM3\ARM_GCC_541\Debug\sensors.a(quaddec_1_Cnt16.o)
                0x00000b10                quaddec_1_Cnt16_Enable
 .text.quaddec_1_Cnt16_SetInterruptMode
                0x00000b20        0xc .\CortexM3\ARM_GCC_541\Debug\sensors.a(quaddec_1_Cnt16.o)
                0x00000b20                quaddec_1_Cnt16_SetInterruptMode
 .text.quaddec_1_Cnt16_ReadStatusRegister
                0x00000b2c        0xc .\CortexM3\ARM_GCC_541\Debug\sensors.a(quaddec_1_Cnt16.o)
                0x00000b2c                quaddec_1_Cnt16_ReadStatusRegister
 .text.quaddec_1_Cnt16_WriteCounter
                0x00000b38        0xc .\CortexM3\ARM_GCC_541\Debug\sensors.a(quaddec_1_Cnt16.o)
                0x00000b38                quaddec_1_Cnt16_WriteCounter
 .text.quaddec_1_Cnt16_ReadCounter
                0x00000b44       0x14 .\CortexM3\ARM_GCC_541\Debug\sensors.a(quaddec_1_Cnt16.o)
                0x00000b44                quaddec_1_Cnt16_ReadCounter
 .text.quaddec_1_Cnt16_ReadCapture
                0x00000b58        0xc .\CortexM3\ARM_GCC_541\Debug\sensors.a(quaddec_1_Cnt16.o)
                0x00000b58                quaddec_1_Cnt16_ReadCapture
 .text.quaddec_1_Cnt16_WritePeriod
                0x00000b64        0xc .\CortexM3\ARM_GCC_541\Debug\sensors.a(quaddec_1_Cnt16.o)
                0x00000b64                quaddec_1_Cnt16_WritePeriod
 .text.quaddec_1_Cnt16_WriteCompare
                0x00000b70        0xc .\CortexM3\ARM_GCC_541\Debug\sensors.a(quaddec_1_Cnt16.o)
                0x00000b70                quaddec_1_Cnt16_WriteCompare
 .text.quaddec_1_Cnt16_ClearFIFO
                0x00000b7c       0x14 .\CortexM3\ARM_GCC_541\Debug\sensors.a(quaddec_1_Cnt16.o)
                0x00000b7c                quaddec_1_Cnt16_ClearFIFO
 .text.quaddec_1_Cnt16_Init
                0x00000b90       0x58 .\CortexM3\ARM_GCC_541\Debug\sensors.a(quaddec_1_Cnt16.o)
                0x00000b90                quaddec_1_Cnt16_Init
 .text.quaddec_1_Cnt16_Start
                0x00000be8       0x1c .\CortexM3\ARM_GCC_541\Debug\sensors.a(quaddec_1_Cnt16.o)
                0x00000be8                quaddec_1_Cnt16_Start
 .text.ADC_SAR_Seq_1_Init
                0x00000c04       0x3c .\CortexM3\ARM_GCC_541\Debug\sensors.a(ADC_SAR_Seq_1.o)
                0x00000c04                ADC_SAR_Seq_1_Init
 .text.ADC_SAR_Seq_1_Enable
                0x00000c40       0xcc .\CortexM3\ARM_GCC_541\Debug\sensors.a(ADC_SAR_Seq_1.o)
                0x00000c40                ADC_SAR_Seq_1_Enable
 .text.ADC_SAR_Seq_1_Start
                0x00000d0c       0x28 .\CortexM3\ARM_GCC_541\Debug\sensors.a(ADC_SAR_Seq_1.o)
                0x00000d0c                ADC_SAR_Seq_1_Start
 .text.ADC_SAR_Seq_1_StartConvert
                0x00000d34        0x8 .\CortexM3\ARM_GCC_541\Debug\sensors.a(ADC_SAR_Seq_1.o)
                0x00000d34                ADC_SAR_Seq_1_StartConvert
 .text.ADC_SAR_Seq_1_ISR
                0x00000d3c        0x4 .\CortexM3\ARM_GCC_541\Debug\sensors.a(ADC_SAR_Seq_1_INT.o)
                0x00000d3c                ADC_SAR_Seq_1_ISR
 .text.ADC_SAR_Seq_1_SAR_CalcGain
                0x00000d40       0x64 .\CortexM3\ARM_GCC_541\Debug\sensors.a(ADC_SAR_Seq_1_SAR.o)
 .text.ADC_SAR_Seq_1_SAR_Enable
                0x00000da4       0x78 .\CortexM3\ARM_GCC_541\Debug\sensors.a(ADC_SAR_Seq_1_SAR.o)
                0x00000da4                ADC_SAR_Seq_1_SAR_Enable
 .text.ADC_SAR_Seq_1_SAR_SetResolution
                0x00000e1c       0x38 .\CortexM3\ARM_GCC_541\Debug\sensors.a(ADC_SAR_Seq_1_SAR.o)
                0x00000e1c                ADC_SAR_Seq_1_SAR_SetResolution
 .text.ADC_SAR_Seq_1_SAR_Init
                0x00000e54       0x24 .\CortexM3\ARM_GCC_541\Debug\sensors.a(ADC_SAR_Seq_1_SAR.o)
                0x00000e54                ADC_SAR_Seq_1_SAR_Init
 .text.ADC_SAR_Seq_1_SAR_Start
                0x00000e78       0x1c .\CortexM3\ARM_GCC_541\Debug\sensors.a(ADC_SAR_Seq_1_SAR.o)
                0x00000e78                ADC_SAR_Seq_1_SAR_Start
 .text.ADC_SAR_Seq_1_SAR_StartConvert
                0x00000e94       0x10 .\CortexM3\ARM_GCC_541\Debug\sensors.a(ADC_SAR_Seq_1_SAR.o)
                0x00000e94                ADC_SAR_Seq_1_SAR_StartConvert
 .text.ADC_SAR_Seq_1_TempBuf_DmaInitialize
                0x00000ea4       0x3c .\CortexM3\ARM_GCC_541\Debug\sensors.a(ADC_SAR_Seq_1_TempBuf_dma.o)
                0x00000ea4                ADC_SAR_Seq_1_TempBuf_DmaInitialize
 .text.ADC_SAR_Seq_1_FinalBuf_DmaInitialize
                0x00000ee0       0x3c .\CortexM3\ARM_GCC_541\Debug\sensors.a(ADC_SAR_Seq_1_FinalBuf_dma.o)
                0x00000ee0                ADC_SAR_Seq_1_FinalBuf_DmaInitialize
 .text.ADC_SAR_Seq_1_IRQ_SetVector
                0x00000f1c        0xc .\CortexM3\ARM_GCC_541\Debug\sensors.a(ADC_SAR_Seq_1_IRQ.o)
                0x00000f1c                ADC_SAR_Seq_1_IRQ_SetVector
 .text.ADC_SAR_Seq_1_IRQ_SetPriority
                0x00000f28       0x10 .\CortexM3\ARM_GCC_541\Debug\sensors.a(ADC_SAR_Seq_1_IRQ.o)
                0x00000f28                ADC_SAR_Seq_1_IRQ_SetPriority
 .text.PWM_1_Enable
                0x00000f38       0x10 .\CortexM3\ARM_GCC_541\Debug\sensors.a(PWM_1.o)
                0x00000f38                PWM_1_Enable
 .text.PWM_1_WriteCounter
                0x00000f48        0xc .\CortexM3\ARM_GCC_541\Debug\sensors.a(PWM_1.o)
                0x00000f48                PWM_1_WriteCounter
 .text.PWM_1_WritePeriod
                0x00000f54        0xc .\CortexM3\ARM_GCC_541\Debug\sensors.a(PWM_1.o)
                0x00000f54                PWM_1_WritePeriod
 .text.PWM_1_WriteCompare
                0x00000f60        0xc .\CortexM3\ARM_GCC_541\Debug\sensors.a(PWM_1.o)
                0x00000f60                PWM_1_WriteCompare
 .text.PWM_1_SetInterruptMode
                0x00000f6c        0xc .\CortexM3\ARM_GCC_541\Debug\sensors.a(PWM_1.o)
                0x00000f6c                PWM_1_SetInterruptMode
 .text.PWM_1_ReadStatusRegister
                0x00000f78        0xc .\CortexM3\ARM_GCC_541\Debug\sensors.a(PWM_1.o)
                0x00000f78                PWM_1_ReadStatusRegister
 .text.PWM_1_ReadCapture
                0x00000f84        0xc .\CortexM3\ARM_GCC_541\Debug\sensors.a(PWM_1.o)
                0x00000f84                PWM_1_ReadCapture
 .text.PWM_1_ClearFIFO
                0x00000f90       0x14 .\CortexM3\ARM_GCC_541\Debug\sensors.a(PWM_1.o)
                0x00000f90                PWM_1_ClearFIFO
 .text.PWM_1_Init
                0x00000fa4       0x50 .\CortexM3\ARM_GCC_541\Debug\sensors.a(PWM_1.o)
                0x00000fa4                PWM_1_Init
 .text.PWM_1_Start
                0x00000ff4       0x1c .\CortexM3\ARM_GCC_541\Debug\sensors.a(PWM_1.o)
                0x00000ff4                PWM_1_Start
 .text          0x00001010       0x20 .\CortexM3\ARM_GCC_541\Debug\sensors.a(CyBootAsmGnu.o)
                0x00001010                CyDelayCycles
                0x00001020                CyEnterCriticalSection
                0x00001028                CyExitCriticalSection
 .text          0x00001030      0x370 c:/program files (x86)/cypress/psoc creator/4.4/psoc creator/import/gnu/arm/5.4.1/bin/../lib/gcc/arm-none-eabi/5.4.1/armv7-m\libgcc.a(_arm_addsubdf3.o)
                0x00001030                __aeabi_drsub
                0x00001038                __aeabi_dsub
                0x00001038                __subdf3
                0x0000103c                __aeabi_dadd
                0x0000103c                __adddf3
                0x000012b4                __floatunsidf
                0x000012b4                __aeabi_ui2d
                0x000012d4                __floatsidf
                0x000012d4                __aeabi_i2d
                0x000012f8                __aeabi_f2d
                0x000012f8                __extendsfdf2
                0x00001334                __floatundidf
                0x00001334                __aeabi_ul2d
                0x00001344                __floatdidf
                0x00001344                __aeabi_l2d
 .text          0x000013a0      0x424 c:/program files (x86)/cypress/psoc creator/4.4/psoc creator/import/gnu/arm/5.4.1/bin/../lib/gcc/arm-none-eabi/5.4.1/armv7-m\libgcc.a(_arm_muldivdf3.o)
                0x000013a0                __aeabi_dmul
                0x000013a0                __muldf3
                0x000015f4                __divdf3
                0x000015f4                __aeabi_ddiv
 .text          0x000017c4       0xa0 c:/program files (x86)/cypress/psoc creator/4.4/psoc creator/import/gnu/arm/5.4.1/bin/../lib/gcc/arm-none-eabi/5.4.1/armv7-m\libgcc.a(_arm_truncdfsf2.o)
                0x000017c4                __truncdfsf2
                0x000017c4                __aeabi_d2f
 .text          0x00001864       0x40 c:/program files (x86)/cypress/psoc creator/4.4/psoc creator/import/gnu/arm/5.4.1/bin/../lib/gcc/arm-none-eabi/5.4.1/armv7-m\libgcc.a(_arm_fixunssfsi.o)
                0x00001864                __fixunssfsi
                0x00001864                __aeabi_f2uiz
 .text.__errno  0x000018a4        0xc c:/program files (x86)/cypress/psoc creator/4.4/psoc creator/import/gnu/arm/5.4.1/bin/../lib/gcc/arm-none-eabi/5.4.1/../../../../arm-none-eabi/lib/armv7-m\libg_nano.a(lib_a-errno.o)
                0x000018a4                __errno
 .text.__libc_init_array
                0x000018b0       0x4c c:/program files (x86)/cypress/psoc creator/4.4/psoc creator/import/gnu/arm/5.4.1/bin/../lib/gcc/arm-none-eabi/5.4.1/../../../../arm-none-eabi/lib/armv7-m\libg_nano.a(lib_a-init.o)
                0x000018b0                __libc_init_array
 .text.memcpy   0x000018fc       0x16 c:/program files (x86)/cypress/psoc creator/4.4/psoc creator/import/gnu/arm/5.4.1/bin/../lib/gcc/arm-none-eabi/5.4.1/../../../../arm-none-eabi/lib/armv7-m\libg_nano.a(lib_a-memcpy-stub.o)
                0x000018fc                memcpy
 .text.memset   0x00001912       0x10 c:/program files (x86)/cypress/psoc creator/4.4/psoc creator/import/gnu/arm/5.4.1/bin/../lib/gcc/arm-none-eabi/5.4.1/../../../../arm-none-eabi/lib/armv7-m\libg_nano.a(lib_a-memset.o)
                0x00001912                memset
 *(.plt)
 *(.gnu.warning)
 *(.glue_7t)
 .glue_7t       0x00001922        0x0 linker stubs
 *(.glue_7)
 .glue_7        0x00001922        0x0 linker stubs
 *(.vfp11_veneer)
 .vfp11_veneer  0x00001922        0x0 linker stubs
 *(.bootloader)
 *(.ARM.extab* .gnu.linkonce.armextab.*)
 *(.gcc_except_table)

.v4_bx          0x00001924        0x0
 .v4_bx         0x00001924        0x0 linker stubs

.iplt           0x00001924        0x0
 .iplt          0x00001924        0x0 c:/program files (x86)/cypress/psoc creator/4.4/psoc creator/import/gnu/arm/5.4.1/bin/../lib/gcc/arm-none-eabi/5.4.1/armv7-m/crtbegin.o

.eh_frame_hdr
 *(.eh_frame_hdr)

.eh_frame       0x00001924        0x4
 *(.eh_frame)
 .eh_frame      0x00001924        0x0 c:/program files (x86)/cypress/psoc creator/4.4/psoc creator/import/gnu/arm/5.4.1/bin/../lib/gcc/arm-none-eabi/5.4.1/armv7-m/crtbegin.o
 .eh_frame      0x00001924        0x4 c:/program files (x86)/cypress/psoc creator/4.4/psoc creator/import/gnu/arm/5.4.1/bin/../lib/gcc/arm-none-eabi/5.4.1/armv7-m/crtend.o
                [!provide]                PROVIDE (__exidx_start, .)

.ARM.exidx
 *(.ARM.exidx* .gnu.linkonce.armexidx.*)
                0x00001928                __exidx_end = .

.rodata         0x00001928       0x70
 *(.rodata .rodata.* .gnu.linkonce.r.*)
 .rodata        0x00001928       0x36 .\CortexM3\ARM_GCC_541\Debug\cyfitter_cfg.o
 .rodata.str1.1
                0x0000195e        0x2 c:/program files (x86)/cypress/psoc creator/4.4/psoc creator/import/gnu/arm/5.4.1/bin/../lib/gcc/arm-none-eabi/5.4.1/../../../../arm-none-eabi/lib/armv7-m\libg_nano.a(lib_a-impure.o)
                0x00001960                . = ALIGN (0x4)
 *(.init)
 .init          0x00001960        0x4 c:/program files (x86)/cypress/psoc creator/4.4/psoc creator/import/gnu/arm/5.4.1/bin/../lib/gcc/arm-none-eabi/5.4.1/armv7-m/crti.o
                0x00001960                _init
 .init          0x00001964        0x8 c:/program files (x86)/cypress/psoc creator/4.4/psoc creator/import/gnu/arm/5.4.1/bin/../lib/gcc/arm-none-eabi/5.4.1/armv7-m/crtn.o
                0x0000196c                . = ALIGN (0x4)
                0x0000196c                __preinit_array_start = .
 *(.preinit_array)
                0x0000196c                __preinit_array_end = .
                0x0000196c                . = ALIGN (0x4)
                0x0000196c                __init_array_start = .
 *(SORT(.init_array.*))
 *(.init_array)
 .init_array    0x0000196c        0x4 c:/program files (x86)/cypress/psoc creator/4.4/psoc creator/import/gnu/arm/5.4.1/bin/../lib/gcc/arm-none-eabi/5.4.1/armv7-m/crtbegin.o
 .init_array    0x00001970        0x4 .\CortexM3\ARM_GCC_541\Debug\Cm3Start.o
                0x00001974                __init_array_end = .
                0x00001974                . = ALIGN (0x4)
 *(.fini)
 .fini          0x00001974        0x4 c:/program files (x86)/cypress/psoc creator/4.4/psoc creator/import/gnu/arm/5.4.1/bin/../lib/gcc/arm-none-eabi/5.4.1/armv7-m/crti.o
                0x00001974                _fini
 .fini          0x00001978        0x8 c:/program files (x86)/cypress/psoc creator/4.4/psoc creator/import/gnu/arm/5.4.1/bin/../lib/gcc/arm-none-eabi/5.4.1/armv7-m/crtn.o
                0x00001980                . = ALIGN (0x4)
                0x00001980                __fini_array_start = .
 *(.fini_array)
 .fini_array    0x00001980        0x4 c:/program files (x86)/cypress/psoc creator/4.4/psoc creator/import/gnu/arm/5.4.1/bin/../lib/gcc/arm-none-eabi/5.4.1/armv7-m/crtbegin.o
 *(SORT(.fini_array.*))
                0x00001984                __fini_array_end = .
                0x00001984                . = ALIGN (0x4)
 *crtbegin.o(.ctors)
 *(EXCLUDE_FILE(*crtend.o) .ctors)
 *(SORT(.ctors.*))
 *crtend.o(.ctors)
                0x00001984                . = ALIGN (0x4)
 *crtbegin.o(.dtors)
 *(EXCLUDE_FILE(*crtend.o) .dtors)
 *(SORT(.dtors.*))
 *crtend.o(.dtors)
                0x00001984                . = ALIGN (0x4)
                0x00001984                __cy_regions = .
                0x00001984        0x4 LONG 0x1998 __cy_region_init_ram
                0x00001988        0x4 LONG 0x1fff80c8 __cy_region_start_data
                0x0000198c        0x4 LONG 0x88 __cy_region_init_size_ram
                0x00001990        0x4 LONG 0x48 __cy_region_zero_size_ram
                0x00001994                __cy_regions_end = .
                0x00001998                . = ALIGN (0x8)
 *fill*         0x00001994        0x4 
                0x00001998                _etext = .

.cy_checksum_exclude
                0x00001998        0x0
 *(.cy_checksum_exclude)

.ramvectors     0x1fff8000       0xc0
                0x1fff8000                __cy_region_start_ram = .
 *(.ramvectors)
 .ramvectors    0x1fff8000       0xc0 .\CortexM3\ARM_GCC_541\Debug\Cm3Start.o
                0x1fff8000                CyRamVectors

.noinit         0x1fff80c0        0x1
 *(.noinit)
 .noinit        0x1fff80c0        0x1 .\CortexM3\ARM_GCC_541\Debug\sensors.a(CyLib.o)
                0x1fff80c0                CyResetStatus

.data           0x1fff80c8       0x88 load address 0x00001998
                0x1fff80c8                __cy_region_start_data = .
 *(.jcr)
 .jcr           0x1fff80c8        0x0 c:/program files (x86)/cypress/psoc creator/4.4/psoc creator/import/gnu/arm/5.4.1/bin/../lib/gcc/arm-none-eabi/5.4.1/armv7-m/crtbegin.o
 .jcr           0x1fff80c8        0x4 c:/program files (x86)/cypress/psoc creator/4.4/psoc creator/import/gnu/arm/5.4.1/bin/../lib/gcc/arm-none-eabi/5.4.1/armv7-m/crtend.o
 *(.got.plt)
 *(.got)
 *(.shdata)
 *(.data .data.* .gnu.linkonce.d.*)
 .data          0x1fff80cc        0x8 .\CortexM3\ARM_GCC_541\Debug\sensors.a(CyDmac.o)
 .data          0x1fff80d4       0x10 .\CortexM3\ARM_GCC_541\Debug\sensors.a(CyLib.o)
                0x1fff80d4                cydelay_32k_ms
                0x1fff80d8                cydelay_freq_khz
                0x1fff80dc                cydelay_freq_mhz
                0x1fff80e0                cydelay_freq_hz
 .data          0x1fff80e4        0x2 .\CortexM3\ARM_GCC_541\Debug\sensors.a(ADC_SAR_Seq_1.o)
 .data          0x1fff80e6        0x1 .\CortexM3\ARM_GCC_541\Debug\sensors.a(ADC_SAR_Seq_1_TempBuf_dma.o)
                0x1fff80e6                ADC_SAR_Seq_1_TempBuf_DmaHandle
 .data          0x1fff80e7        0x1 .\CortexM3\ARM_GCC_541\Debug\sensors.a(ADC_SAR_Seq_1_FinalBuf_dma.o)
                0x1fff80e7                ADC_SAR_Seq_1_FinalBuf_DmaHandle
 .data.impure_data
                0x1fff80e8       0x60 c:/program files (x86)/cypress/psoc creator/4.4/psoc creator/import/gnu/arm/5.4.1/bin/../lib/gcc/arm-none-eabi/5.4.1/../../../../arm-none-eabi/lib/armv7-m\libg_nano.a(lib_a-impure.o)
 .data._impure_ptr
                0x1fff8148        0x4 c:/program files (x86)/cypress/psoc creator/4.4/psoc creator/import/gnu/arm/5.4.1/bin/../lib/gcc/arm-none-eabi/5.4.1/../../../../arm-none-eabi/lib/armv7-m\libg_nano.a(lib_a-impure.o)
                0x1fff8148                _impure_ptr
                0x1fff8150                . = ALIGN (0x8)
 *fill*         0x1fff814c        0x4 
 *(.ram)
                0x1fff8150                _edata = .

.igot.plt       0x1fff8150        0x0 load address 0x00001a20
 .igot.plt      0x1fff8150        0x0 c:/program files (x86)/cypress/psoc creator/4.4/psoc creator/import/gnu/arm/5.4.1/bin/../lib/gcc/arm-none-eabi/5.4.1/armv7-m/crtbegin.o

.bss            0x1fff8150       0x48 load address 0x00001a20
                0x1fff8150                PROVIDE (__bss_start__, .)
 *(.shbss)
 *(.bss .bss.* .gnu.linkonce.b.*)
 .bss           0x1fff8150       0x1c c:/program files (x86)/cypress/psoc creator/4.4/psoc creator/import/gnu/arm/5.4.1/bin/../lib/gcc/arm-none-eabi/5.4.1/armv7-m/crtbegin.o
 .bss           0x1fff816c        0x2 .\CortexM3\ARM_GCC_541\Debug\sensors.a(lcd_char_1.o)
                0x1fff816c                lcd_char_1_enableState
                0x1fff816d                lcd_char_1_initVar
 .bss           0x1fff816e        0x1 .\CortexM3\ARM_GCC_541\Debug\sensors.a(quaddec_1.o)
                0x1fff816e                quaddec_1_initVar
 *fill*         0x1fff816f        0x1 
 .bss           0x1fff8170        0x4 .\CortexM3\ARM_GCC_541\Debug\sensors.a(quaddec_1_INT.o)
                0x1fff8170                quaddec_1_count32SoftPart
 .bss           0x1fff8174        0x1 .\CortexM3\ARM_GCC_541\Debug\sensors.a(quaddec_1_Cnt16.o)
                0x1fff8174                quaddec_1_Cnt16_initVar
 *fill*         0x1fff8175        0x3 
 .bss           0x1fff8178        0xc .\CortexM3\ARM_GCC_541\Debug\sensors.a(ADC_SAR_Seq_1.o)
                0x1fff8180                ADC_SAR_Seq_1_initVar
 .bss           0x1fff8184        0x1 .\CortexM3\ARM_GCC_541\Debug\sensors.a(ADC_SAR_Seq_1_SAR.o)
                0x1fff8184                ADC_SAR_Seq_1_SAR_initVar
 .bss           0x1fff8185        0x1 .\CortexM3\ARM_GCC_541\Debug\sensors.a(PWM_1.o)
                0x1fff8185                PWM_1_initVar
 *(COMMON)
 *fill*         0x1fff8186        0x2 
 COMMON         0x1fff8188        0x2 .\CortexM3\ARM_GCC_541\Debug\sensors.a(ADC_SAR_Seq_1.o)
                0x1fff8188                ADC_SAR_Seq_1_finalArray
 *fill*         0x1fff818a        0x2 
 COMMON         0x1fff818c        0xa .\CortexM3\ARM_GCC_541\Debug\sensors.a(ADC_SAR_Seq_1_SAR.o)
                0x1fff818c                ADC_SAR_Seq_1_SAR_countsPerVolt
                0x1fff818e                ADC_SAR_Seq_1_SAR_offset
                0x1fff8190                ADC_SAR_Seq_1_SAR_countsPer10Volt
                0x1fff8194                ADC_SAR_Seq_1_SAR_shift
                0x1fff8198                . = ALIGN (0x8)
 *fill*         0x1fff8196        0x2 
 *(.ram.b)
                0x1fff8198                _end = .
                0x1fff8198                __end = .
                0x1fff8198                PROVIDE (end, .)
                0x1fff8198                PROVIDE (__bss_end__, .)
                0x00001998                __cy_region_init_ram = LOADADDR (.data)
                0x00000088                __cy_region_init_size_ram = (_edata - ADDR (.data))
                0x00000048                __cy_region_zero_size_ram = (_end - _edata)

.heap           0x1fff8198       0x80 load address 0x00001a20
                0x1fff8198                . = _end
                0x1fff8218                . = (. + 0x80)
 *fill*         0x1fff8198       0x80 
                0x1fff8218                __cy_heap_limit = .

.stack          0x20007800      0x800
                0x20007800                __cy_stack_limit = .
                0x20008000                . = (. + 0x800)
 *fill*         0x20007800      0x800 
                0x00000001                ASSERT ((__cy_stack_limit >= __cy_heap_limit), region RAM overflowed with stack)
                0x00000000                cy_checksum_exclude_size = (CY_APPL_LOADABLE == 0x1)?SIZEOF (.cy_checksum_exclude):0x0
                0x00000001                ASSERT ((cy_checksum_exclude_size <= CY_CHECKSUM_EXCLUDE_SIZE), CY_BOOT: Section .cy_checksum_exclude size exceedes specified limit.)

.cyloadermeta
 *(.cyloadermeta)

.cyloadablemeta
 *(.cyloadablemeta)

.cyconfigecc    0x80000000      0x7bc
 *(.cyconfigecc)
 .cyconfigecc   0x80000000      0x7bc .\CortexM3\ARM_GCC_541\Debug\cymetadata.o
                0x80000000                cy_meta_configecc

.cycustnvl      0x90000000        0x4
 *(.cycustnvl)
 .cycustnvl     0x90000000        0x4 .\CortexM3\ARM_GCC_541\Debug\cymetadata.o
                0x90000000                cy_meta_custnvl

.cywolatch      0x90100000        0x4
 *(.cywolatch)
 .cywolatch     0x90100000        0x4 .\CortexM3\ARM_GCC_541\Debug\cymetadata.o
                0x90100000                cy_meta_wonvl

.cyeeprom       0x90200000        0x0
 *(.cyeeprom)
                0x00000001                ASSERT ((. <= ((0x90200000 + ee_offset) + ee_size)), .cyeeprom data will not fit in EEPROM)

.cyflashprotect
                0x90400000      0x100
 *(.cyflashprotect)
 .cyflashprotect
                0x90400000      0x100 .\CortexM3\ARM_GCC_541\Debug\cymetadata.o
                0x90400000                cy_meta_flashprotect

.cymeta         0x90500000        0xc
 *(.cymeta)
 .cymeta        0x90500000        0xc .\CortexM3\ARM_GCC_541\Debug\cymetadata.o
                0x90500000                cy_metadata

.rel.dyn        0x00001a20        0x0 load address 0x9050000c
 .rel.iplt      0x00001a20        0x0 c:/program files (x86)/cypress/psoc creator/4.4/psoc creator/import/gnu/arm/5.4.1/bin/../lib/gcc/arm-none-eabi/5.4.1/armv7-m/crtbegin.o

.stab
 *(.stab)

.stabstr
 *(.stabstr)

.debug
 *(.debug)

.line
 *(.line)

.debug_srcinfo
 *(.debug_srcinfo)

.debug_sfnames
 *(.debug_sfnames)

.debug_aranges  0x00000000      0xa90
 *(.debug_aranges)
 .debug_aranges
                0x00000000       0x20 .\CortexM3\ARM_GCC_541\Debug\main.o
 .debug_aranges
                0x00000020       0x58 .\CortexM3\ARM_GCC_541\Debug\cyfitter_cfg.o
 .debug_aranges
                0x00000078       0x18 .\CortexM3\ARM_GCC_541\Debug\cymetadata.o
 .debug_aranges
                0x00000090       0x48 .\CortexM3\ARM_GCC_541\Debug\Cm3Start.o
 .debug_aranges
                0x000000d8       0x98 .\CortexM3\ARM_GCC_541\Debug\sensors.a(lcd_char_1.o)
 .debug_aranges
                0x00000170       0xd8 .\CortexM3\ARM_GCC_541\Debug\sensors.a(CyDmac.o)
 .debug_aranges
                0x00000248      0x2a0 .\CortexM3\ARM_GCC_541\Debug\sensors.a(CyLib.o)
 .debug_aranges
                0x000004e8       0x98 .\CortexM3\ARM_GCC_541\Debug\sensors.a(cyPm.o)
 .debug_aranges
                0x00000580       0x60 .\CortexM3\ARM_GCC_541\Debug\sensors.a(quaddec_1.o)
 .debug_aranges
                0x000005e0       0x20 .\CortexM3\ARM_GCC_541\Debug\sensors.a(quaddec_1_INT.o)
 .debug_aranges
                0x00000600       0x98 .\CortexM3\ARM_GCC_541\Debug\sensors.a(quaddec_1_Cnt16.o)
 .debug_aranges
                0x00000698       0xa0 .\CortexM3\ARM_GCC_541\Debug\sensors.a(ADC_SAR_Seq_1.o)
 .debug_aranges
                0x00000738       0x20 .\CortexM3\ARM_GCC_541\Debug\sensors.a(ADC_SAR_Seq_1_INT.o)
 .debug_aranges
                0x00000758       0xa8 .\CortexM3\ARM_GCC_541\Debug\sensors.a(ADC_SAR_Seq_1_SAR.o)
 .debug_aranges
                0x00000800       0x28 .\CortexM3\ARM_GCC_541\Debug\sensors.a(ADC_SAR_Seq_1_TempBuf_dma.o)
 .debug_aranges
                0x00000828       0x28 .\CortexM3\ARM_GCC_541\Debug\sensors.a(ADC_SAR_Seq_1_FinalBuf_dma.o)
 .debug_aranges
                0x00000850       0x80 .\CortexM3\ARM_GCC_541\Debug\sensors.a(ADC_SAR_Seq_1_IRQ.o)
 .debug_aranges
                0x000008d0       0x98 .\CortexM3\ARM_GCC_541\Debug\sensors.a(PWM_1.o)
 .debug_aranges
                0x00000968       0x20 .\CortexM3\ARM_GCC_541\Debug\sensors.a(CyBootAsmGnu.o)
 .debug_aranges
                0x00000988       0x88 .\CortexM3\ARM_GCC_541\Debug\sensors.a(CyFlash.o)
 .debug_aranges
                0x00000a10       0x80 .\CortexM3\ARM_GCC_541\Debug\sensors.a(CySpc.o)

.debug_pubnames
 *(.debug_pubnames)

.debug_info     0x00000000     0x64e2
 *(.debug_info .gnu.linkonce.wi.*)
 .debug_info    0x00000000      0x2d4 .\CortexM3\ARM_GCC_541\Debug\main.o
 .debug_info    0x000002d4      0x51f .\CortexM3\ARM_GCC_541\Debug\cyfitter_cfg.o
 .debug_info    0x000007f3      0x139 .\CortexM3\ARM_GCC_541\Debug\cymetadata.o
 .debug_info    0x0000092c      0x3cf .\CortexM3\ARM_GCC_541\Debug\Cm3Start.o
 .debug_info    0x00000cfb      0x715 .\CortexM3\ARM_GCC_541\Debug\sensors.a(lcd_char_1.o)
 .debug_info    0x00001410      0x94e .\CortexM3\ARM_GCC_541\Debug\sensors.a(CyDmac.o)
 .debug_info    0x00001d5e     0x1374 .\CortexM3\ARM_GCC_541\Debug\sensors.a(CyLib.o)
 .debug_info    0x000030d2      0xa2a .\CortexM3\ARM_GCC_541\Debug\sensors.a(cyPm.o)
 .debug_info    0x00003afc      0x357 .\CortexM3\ARM_GCC_541\Debug\sensors.a(quaddec_1.o)
 .debug_info    0x00003e53       0xf3 .\CortexM3\ARM_GCC_541\Debug\sensors.a(quaddec_1_INT.o)
 .debug_info    0x00003f46      0x348 .\CortexM3\ARM_GCC_541\Debug\sensors.a(quaddec_1_Cnt16.o)
 .debug_info    0x0000428e      0x6f2 .\CortexM3\ARM_GCC_541\Debug\sensors.a(ADC_SAR_Seq_1.o)
 .debug_info    0x00004980       0xa0 .\CortexM3\ARM_GCC_541\Debug\sensors.a(ADC_SAR_Seq_1_INT.o)
 .debug_info    0x00004a20      0x544 .\CortexM3\ARM_GCC_541\Debug\sensors.a(ADC_SAR_Seq_1_SAR.o)
 .debug_info    0x00004f64      0x1a8 .\CortexM3\ARM_GCC_541\Debug\sensors.a(ADC_SAR_Seq_1_TempBuf_dma.o)
 .debug_info    0x0000510c      0x1aa .\CortexM3\ARM_GCC_541\Debug\sensors.a(ADC_SAR_Seq_1_FinalBuf_dma.o)
 .debug_info    0x000052b6      0x2d2 .\CortexM3\ARM_GCC_541\Debug\sensors.a(ADC_SAR_Seq_1_IRQ.o)
 .debug_info    0x00005588      0x334 .\CortexM3\ARM_GCC_541\Debug\sensors.a(PWM_1.o)
 .debug_info    0x000058bc       0x89 .\CortexM3\ARM_GCC_541\Debug\sensors.a(CyBootAsmGnu.o)
 .debug_info    0x00005945      0x64d .\CortexM3\ARM_GCC_541\Debug\sensors.a(CyFlash.o)
 .debug_info    0x00005f92      0x550 .\CortexM3\ARM_GCC_541\Debug\sensors.a(CySpc.o)

.debug_abbrev   0x00000000     0x19b0
 *(.debug_abbrev)
 .debug_abbrev  0x00000000       0xd9 .\CortexM3\ARM_GCC_541\Debug\main.o
 .debug_abbrev  0x000000d9      0x1fe .\CortexM3\ARM_GCC_541\Debug\cyfitter_cfg.o
 .debug_abbrev  0x000002d7       0x77 .\CortexM3\ARM_GCC_541\Debug\cymetadata.o
 .debug_abbrev  0x0000034e      0x1e8 .\CortexM3\ARM_GCC_541\Debug\Cm3Start.o
 .debug_abbrev  0x00000536      0x157 .\CortexM3\ARM_GCC_541\Debug\sensors.a(lcd_char_1.o)
 .debug_abbrev  0x0000068d      0x1b2 .\CortexM3\ARM_GCC_541\Debug\sensors.a(CyDmac.o)
 .debug_abbrev  0x0000083f      0x254 .\CortexM3\ARM_GCC_541\Debug\sensors.a(CyLib.o)
 .debug_abbrev  0x00000a93      0x1ab .\CortexM3\ARM_GCC_541\Debug\sensors.a(cyPm.o)
 .debug_abbrev  0x00000c3e      0x128 .\CortexM3\ARM_GCC_541\Debug\sensors.a(quaddec_1.o)
 .debug_abbrev  0x00000d66       0x78 .\CortexM3\ARM_GCC_541\Debug\sensors.a(quaddec_1_INT.o)
 .debug_abbrev  0x00000dde      0x117 .\CortexM3\ARM_GCC_541\Debug\sensors.a(quaddec_1_Cnt16.o)
 .debug_abbrev  0x00000ef5      0x13e .\CortexM3\ARM_GCC_541\Debug\sensors.a(ADC_SAR_Seq_1.o)
 .debug_abbrev  0x00001033       0x42 .\CortexM3\ARM_GCC_541\Debug\sensors.a(ADC_SAR_Seq_1_INT.o)
 .debug_abbrev  0x00001075      0x1ac .\CortexM3\ARM_GCC_541\Debug\sensors.a(ADC_SAR_Seq_1_SAR.o)
 .debug_abbrev  0x00001221       0xcd .\CortexM3\ARM_GCC_541\Debug\sensors.a(ADC_SAR_Seq_1_TempBuf_dma.o)
 .debug_abbrev  0x000012ee       0xcd .\CortexM3\ARM_GCC_541\Debug\sensors.a(ADC_SAR_Seq_1_FinalBuf_dma.o)
 .debug_abbrev  0x000013bb      0x173 .\CortexM3\ARM_GCC_541\Debug\sensors.a(ADC_SAR_Seq_1_IRQ.o)
 .debug_abbrev  0x0000152e      0x133 .\CortexM3\ARM_GCC_541\Debug\sensors.a(PWM_1.o)
 .debug_abbrev  0x00001661       0x14 .\CortexM3\ARM_GCC_541\Debug\sensors.a(CyBootAsmGnu.o)
 .debug_abbrev  0x00001675      0x1a7 .\CortexM3\ARM_GCC_541\Debug\sensors.a(CyFlash.o)
 .debug_abbrev  0x0000181c      0x194 .\CortexM3\ARM_GCC_541\Debug\sensors.a(CySpc.o)

.debug_line     0x00000000     0x2810
 *(.debug_line)
 .debug_line    0x00000000      0x1c6 .\CortexM3\ARM_GCC_541\Debug\main.o
 .debug_line    0x000001c6      0x1e9 .\CortexM3\ARM_GCC_541\Debug\cyfitter_cfg.o
 .debug_line    0x000003af      0x141 .\CortexM3\ARM_GCC_541\Debug\cymetadata.o
 .debug_line    0x000004f0      0x241 .\CortexM3\ARM_GCC_541\Debug\Cm3Start.o
 .debug_line    0x00000731      0x1e3 .\CortexM3\ARM_GCC_541\Debug\sensors.a(lcd_char_1.o)
 .debug_line    0x00000914      0x2e4 .\CortexM3\ARM_GCC_541\Debug\sensors.a(CyDmac.o)
 .debug_line    0x00000bf8      0x816 .\CortexM3\ARM_GCC_541\Debug\sensors.a(CyLib.o)
 .debug_line    0x0000140e      0x367 .\CortexM3\ARM_GCC_541\Debug\sensors.a(cyPm.o)
 .debug_line    0x00001775      0x13d .\CortexM3\ARM_GCC_541\Debug\sensors.a(quaddec_1.o)
 .debug_line    0x000018b2       0x6c .\CortexM3\ARM_GCC_541\Debug\sensors.a(quaddec_1_INT.o)
 .debug_line    0x0000191e      0x18f .\CortexM3\ARM_GCC_541\Debug\sensors.a(quaddec_1_Cnt16.o)
 .debug_line    0x00001aad      0x234 .\CortexM3\ARM_GCC_541\Debug\sensors.a(ADC_SAR_Seq_1.o)
 .debug_line    0x00001ce1       0x5a .\CortexM3\ARM_GCC_541\Debug\sensors.a(ADC_SAR_Seq_1_INT.o)
 .debug_line    0x00001d3b      0x20d .\CortexM3\ARM_GCC_541\Debug\sensors.a(ADC_SAR_Seq_1_SAR.o)
 .debug_line    0x00001f48       0x92 .\CortexM3\ARM_GCC_541\Debug\sensors.a(ADC_SAR_Seq_1_TempBuf_dma.o)
 .debug_line    0x00001fda       0x93 .\CortexM3\ARM_GCC_541\Debug\sensors.a(ADC_SAR_Seq_1_FinalBuf_dma.o)
 .debug_line    0x0000206d      0x13e .\CortexM3\ARM_GCC_541\Debug\sensors.a(ADC_SAR_Seq_1_IRQ.o)
 .debug_line    0x000021ab      0x185 .\CortexM3\ARM_GCC_541\Debug\sensors.a(PWM_1.o)
 .debug_line    0x00002330       0x66 .\CortexM3\ARM_GCC_541\Debug\sensors.a(CyBootAsmGnu.o)
 .debug_line    0x00002396      0x21a .\CortexM3\ARM_GCC_541\Debug\sensors.a(CyFlash.o)
 .debug_line    0x000025b0      0x260 .\CortexM3\ARM_GCC_541\Debug\sensors.a(CySpc.o)

.debug_frame    0x00000000     0x1c0c
 *(.debug_frame)
 .debug_frame   0x00000000       0x30 .\CortexM3\ARM_GCC_541\Debug\main.o
 .debug_frame   0x00000030       0xfc .\CortexM3\ARM_GCC_541\Debug\cyfitter_cfg.o
 .debug_frame   0x0000012c       0xb8 .\CortexM3\ARM_GCC_541\Debug\Cm3Start.o
 .debug_frame   0x000001e4      0x1e8 .\CortexM3\ARM_GCC_541\Debug\sensors.a(lcd_char_1.o)
 .debug_frame   0x000003cc      0x1f8 .\CortexM3\ARM_GCC_541\Debug\sensors.a(CyDmac.o)
 .debug_frame   0x000005c4      0x738 .\CortexM3\ARM_GCC_541\Debug\sensors.a(CyLib.o)
 .debug_frame   0x00000cfc      0x1f8 .\CortexM3\ARM_GCC_541\Debug\sensors.a(cyPm.o)
 .debug_frame   0x00000ef4       0xec .\CortexM3\ARM_GCC_541\Debug\sensors.a(quaddec_1.o)
 .debug_frame   0x00000fe0       0x20 .\CortexM3\ARM_GCC_541\Debug\sensors.a(quaddec_1_INT.o)
 .debug_frame   0x00001000      0x134 .\CortexM3\ARM_GCC_541\Debug\sensors.a(quaddec_1_Cnt16.o)
 .debug_frame   0x00001134      0x1dc .\CortexM3\ARM_GCC_541\Debug\sensors.a(ADC_SAR_Seq_1.o)
 .debug_frame   0x00001310       0x20 .\CortexM3\ARM_GCC_541\Debug\sensors.a(ADC_SAR_Seq_1_INT.o)
 .debug_frame   0x00001330      0x1b0 .\CortexM3\ARM_GCC_541\Debug\sensors.a(ADC_SAR_Seq_1_SAR.o)
 .debug_frame   0x000014e0       0x54 .\CortexM3\ARM_GCC_541\Debug\sensors.a(ADC_SAR_Seq_1_TempBuf_dma.o)
 .debug_frame   0x00001534       0x54 .\CortexM3\ARM_GCC_541\Debug\sensors.a(ADC_SAR_Seq_1_FinalBuf_dma.o)
 .debug_frame   0x00001588      0x104 .\CortexM3\ARM_GCC_541\Debug\sensors.a(ADC_SAR_Seq_1_IRQ.o)
 .debug_frame   0x0000168c      0x134 .\CortexM3\ARM_GCC_541\Debug\sensors.a(PWM_1.o)
 .debug_frame   0x000017c0      0x194 .\CortexM3\ARM_GCC_541\Debug\sensors.a(CyFlash.o)
 .debug_frame   0x00001954      0x180 .\CortexM3\ARM_GCC_541\Debug\sensors.a(CySpc.o)
 .debug_frame   0x00001ad4       0x44 c:/program files (x86)/cypress/psoc creator/4.4/psoc creator/import/gnu/arm/5.4.1/bin/../lib/gcc/arm-none-eabi/5.4.1/armv7-m\libgcc.a(_aeabi_ldivmod.o)
 .debug_frame   0x00001b18       0x38 c:/program files (x86)/cypress/psoc creator/4.4/psoc creator/import/gnu/arm/5.4.1/bin/../lib/gcc/arm-none-eabi/5.4.1/armv7-m\libgcc.a(_udivmoddi4.o)
 .debug_frame   0x00001b50       0x20 c:/program files (x86)/cypress/psoc creator/4.4/psoc creator/import/gnu/arm/5.4.1/bin/../lib/gcc/arm-none-eabi/5.4.1/../../../../arm-none-eabi/lib/armv7-m\libg_nano.a(lib_a-errno.o)
 .debug_frame   0x00001b70       0x28 c:/program files (x86)/cypress/psoc creator/4.4/psoc creator/import/gnu/arm/5.4.1/bin/../lib/gcc/arm-none-eabi/5.4.1/../../../../arm-none-eabi/lib/armv7-m\libg_nano.a(lib_a-exit.o)
 .debug_frame   0x00001b98       0x2c c:/program files (x86)/cypress/psoc creator/4.4/psoc creator/import/gnu/arm/5.4.1/bin/../lib/gcc/arm-none-eabi/5.4.1/../../../../arm-none-eabi/lib/armv7-m\libg_nano.a(lib_a-init.o)
 .debug_frame   0x00001bc4       0x28 c:/program files (x86)/cypress/psoc creator/4.4/psoc creator/import/gnu/arm/5.4.1/bin/../lib/gcc/arm-none-eabi/5.4.1/../../../../arm-none-eabi/lib/armv7-m\libg_nano.a(lib_a-memcpy-stub.o)
 .debug_frame   0x00001bec       0x20 c:/program files (x86)/cypress/psoc creator/4.4/psoc creator/import/gnu/arm/5.4.1/bin/../lib/gcc/arm-none-eabi/5.4.1/../../../../arm-none-eabi/lib/armv7-m\libg_nano.a(lib_a-memset.o)

.debug_str      0x00000000     0x2616
 *(.debug_str)
 .debug_str     0x00000000      0x287 .\CortexM3\ARM_GCC_541\Debug\main.o
                                0x2cf (size before relaxing)
 .debug_str     0x00000287      0x183 .\CortexM3\ARM_GCC_541\Debug\cyfitter_cfg.o
                                0x312 (size before relaxing)
 .debug_str     0x0000040a       0x7f .\CortexM3\ARM_GCC_541\Debug\cymetadata.o
                                0x1dd (size before relaxing)
 .debug_str     0x00000489      0x154 .\CortexM3\ARM_GCC_541\Debug\Cm3Start.o
                                0x313 (size before relaxing)
 .debug_str     0x000005dd      0x1a6 .\CortexM3\ARM_GCC_541\Debug\sensors.a(lcd_char_1.o)
                                0x3b0 (size before relaxing)
 .debug_str     0x00000783      0x383 .\CortexM3\ARM_GCC_541\Debug\sensors.a(CyDmac.o)
                                0x543 (size before relaxing)
 .debug_str     0x00000b06      0x7d8 .\CortexM3\ARM_GCC_541\Debug\sensors.a(CyLib.o)
                                0xa40 (size before relaxing)
 .debug_str     0x000012de      0x365 .\CortexM3\ARM_GCC_541\Debug\sensors.a(cyPm.o)
                                0x72c (size before relaxing)
 .debug_str     0x00001643      0x14c .\CortexM3\ARM_GCC_541\Debug\sensors.a(quaddec_1.o)
                                0x383 (size before relaxing)
 .debug_str     0x0000178f       0x48 .\CortexM3\ARM_GCC_541\Debug\sensors.a(quaddec_1_INT.o)
                                0x1e7 (size before relaxing)
 .debug_str     0x000017d7      0x1ea .\CortexM3\ARM_GCC_541\Debug\sensors.a(quaddec_1_Cnt16.o)
                                0x40f (size before relaxing)
 .debug_str     0x000019c1      0x477 .\CortexM3\ARM_GCC_541\Debug\sensors.a(ADC_SAR_Seq_1.o)
                                0x71d (size before relaxing)
 .debug_str     0x00001e38       0x3d .\CortexM3\ARM_GCC_541\Debug\sensors.a(ADC_SAR_Seq_1_INT.o)
                                0x1b1 (size before relaxing)
 .debug_str     0x00001e75      0x165 .\CortexM3\ARM_GCC_541\Debug\sensors.a(ADC_SAR_Seq_1_SAR.o)
                                0x527 (size before relaxing)
 .debug_str     0x00001fda       0xaf .\CortexM3\ARM_GCC_541\Debug\sensors.a(ADC_SAR_Seq_1_TempBuf_dma.o)
                                0x2a5 (size before relaxing)
 .debug_str     0x00002089       0x77 .\CortexM3\ARM_GCC_541\Debug\sensors.a(ADC_SAR_Seq_1_FinalBuf_dma.o)
                                0x2a9 (size before relaxing)
 .debug_str     0x00002100      0x154 .\CortexM3\ARM_GCC_541\Debug\sensors.a(ADC_SAR_Seq_1_IRQ.o)
                                0x347 (size before relaxing)
 .debug_str     0x00002254      0x15b .\CortexM3\ARM_GCC_541\Debug\sensors.a(PWM_1.o)
                                0x34a (size before relaxing)
 .debug_str     0x000023af      0x1bb .\CortexM3\ARM_GCC_541\Debug\sensors.a(CyFlash.o)
                                0x3b9 (size before relaxing)
 .debug_str     0x0000256a       0xac .\CortexM3\ARM_GCC_541\Debug\sensors.a(CySpc.o)
                                0x331 (size before relaxing)

.debug_loc      0x00000000     0x307f
 *(.debug_loc)
 .debug_loc     0x00000000       0xe0 .\CortexM3\ARM_GCC_541\Debug\main.o
 .debug_loc     0x000000e0      0x1fd .\CortexM3\ARM_GCC_541\Debug\cyfitter_cfg.o
 .debug_loc     0x000002dd      0x144 .\CortexM3\ARM_GCC_541\Debug\Cm3Start.o
 .debug_loc     0x00000421      0x3c6 .\CortexM3\ARM_GCC_541\Debug\sensors.a(lcd_char_1.o)
 .debug_loc     0x000007e7      0xb8e .\CortexM3\ARM_GCC_541\Debug\sensors.a(CyDmac.o)
 .debug_loc     0x00001375      0xa11 .\CortexM3\ARM_GCC_541\Debug\sensors.a(CyLib.o)
 .debug_loc     0x00001d86      0x1e4 .\CortexM3\ARM_GCC_541\Debug\sensors.a(cyPm.o)
 .debug_loc     0x00001f6a       0xb9 .\CortexM3\ARM_GCC_541\Debug\sensors.a(quaddec_1.o)
 .debug_loc     0x00002023       0x13 .\CortexM3\ARM_GCC_541\Debug\sensors.a(quaddec_1_INT.o)
 .debug_loc     0x00002036       0x3d .\CortexM3\ARM_GCC_541\Debug\sensors.a(quaddec_1_Cnt16.o)
 .debug_loc     0x00002073      0x13c .\CortexM3\ARM_GCC_541\Debug\sensors.a(ADC_SAR_Seq_1.o)
 .debug_loc     0x000021af      0x295 .\CortexM3\ARM_GCC_541\Debug\sensors.a(ADC_SAR_Seq_1_SAR.o)
 .debug_loc     0x00002444       0x84 .\CortexM3\ARM_GCC_541\Debug\sensors.a(ADC_SAR_Seq_1_TempBuf_dma.o)
 .debug_loc     0x000024c8       0x84 .\CortexM3\ARM_GCC_541\Debug\sensors.a(ADC_SAR_Seq_1_FinalBuf_dma.o)
 .debug_loc     0x0000254c       0x56 .\CortexM3\ARM_GCC_541\Debug\sensors.a(ADC_SAR_Seq_1_IRQ.o)
 .debug_loc     0x000025a2       0x26 .\CortexM3\ARM_GCC_541\Debug\sensors.a(PWM_1.o)
 .debug_loc     0x000025c8      0x3b2 .\CortexM3\ARM_GCC_541\Debug\sensors.a(CyFlash.o)
 .debug_loc     0x0000297a      0x705 .\CortexM3\ARM_GCC_541\Debug\sensors.a(CySpc.o)

.debug_macinfo
 *(.debug_macinfo)

.debug_ranges   0x00000000      0x928
 *(.debug_ranges)
 .debug_ranges  0x00000000       0x10 .\CortexM3\ARM_GCC_541\Debug\main.o
 .debug_ranges  0x00000010       0x48 .\CortexM3\ARM_GCC_541\Debug\cyfitter_cfg.o
 .debug_ranges  0x00000058       0x38 .\CortexM3\ARM_GCC_541\Debug\Cm3Start.o
 .debug_ranges  0x00000090       0x88 .\CortexM3\ARM_GCC_541\Debug\sensors.a(lcd_char_1.o)
 .debug_ranges  0x00000118       0xc8 .\CortexM3\ARM_GCC_541\Debug\sensors.a(CyDmac.o)
 .debug_ranges  0x000001e0      0x290 .\CortexM3\ARM_GCC_541\Debug\sensors.a(CyLib.o)
 .debug_ranges  0x00000470       0x88 .\CortexM3\ARM_GCC_541\Debug\sensors.a(cyPm.o)
 .debug_ranges  0x000004f8       0x50 .\CortexM3\ARM_GCC_541\Debug\sensors.a(quaddec_1.o)
 .debug_ranges  0x00000548       0x10 .\CortexM3\ARM_GCC_541\Debug\sensors.a(quaddec_1_INT.o)
 .debug_ranges  0x00000558       0x88 .\CortexM3\ARM_GCC_541\Debug\sensors.a(quaddec_1_Cnt16.o)
 .debug_ranges  0x000005e0       0x90 .\CortexM3\ARM_GCC_541\Debug\sensors.a(ADC_SAR_Seq_1.o)
 .debug_ranges  0x00000670       0x10 .\CortexM3\ARM_GCC_541\Debug\sensors.a(ADC_SAR_Seq_1_INT.o)
 .debug_ranges  0x00000680       0x98 .\CortexM3\ARM_GCC_541\Debug\sensors.a(ADC_SAR_Seq_1_SAR.o)
 .debug_ranges  0x00000718       0x18 .\CortexM3\ARM_GCC_541\Debug\sensors.a(ADC_SAR_Seq_1_TempBuf_dma.o)
 .debug_ranges  0x00000730       0x18 .\CortexM3\ARM_GCC_541\Debug\sensors.a(ADC_SAR_Seq_1_FinalBuf_dma.o)
 .debug_ranges  0x00000748       0x70 .\CortexM3\ARM_GCC_541\Debug\sensors.a(ADC_SAR_Seq_1_IRQ.o)
 .debug_ranges  0x000007b8       0x88 .\CortexM3\ARM_GCC_541\Debug\sensors.a(PWM_1.o)
 .debug_ranges  0x00000840       0x78 .\CortexM3\ARM_GCC_541\Debug\sensors.a(CyFlash.o)
 .debug_ranges  0x000008b8       0x70 .\CortexM3\ARM_GCC_541\Debug\sensors.a(CySpc.o)

.comment        0x00000000       0x6e
 .comment       0x00000000       0x6e .\CortexM3\ARM_GCC_541\Debug\main.o
                                 0x6f (size before relaxing)
 .comment       0x0000006e       0x6f .\CortexM3\ARM_GCC_541\Debug\cyfitter_cfg.o
 .comment       0x0000006e       0x6f .\CortexM3\ARM_GCC_541\Debug\cymetadata.o
 .comment       0x0000006e       0x6f .\CortexM3\ARM_GCC_541\Debug\Cm3Start.o
 .comment       0x0000006e       0x6f .\CortexM3\ARM_GCC_541\Debug\sensors.a(lcd_char_1.o)
 .comment       0x0000006e       0x6f .\CortexM3\ARM_GCC_541\Debug\sensors.a(CyDmac.o)
 .comment       0x0000006e       0x6f .\CortexM3\ARM_GCC_541\Debug\sensors.a(CyLib.o)
 .comment       0x0000006e       0x6f .\CortexM3\ARM_GCC_541\Debug\sensors.a(cyPm.o)
 .comment       0x0000006e       0x6f .\CortexM3\ARM_GCC_541\Debug\sensors.a(quaddec_1.o)
 .comment       0x0000006e       0x6f .\CortexM3\ARM_GCC_541\Debug\sensors.a(quaddec_1_INT.o)
 .comment       0x0000006e       0x6f .\CortexM3\ARM_GCC_541\Debug\sensors.a(quaddec_1_Cnt16.o)
 .comment       0x0000006e       0x6f .\CortexM3\ARM_GCC_541\Debug\sensors.a(ADC_SAR_Seq_1.o)
 .comment       0x0000006e       0x6f .\CortexM3\ARM_GCC_541\Debug\sensors.a(ADC_SAR_Seq_1_INT.o)
 .comment       0x0000006e       0x6f .\CortexM3\ARM_GCC_541\Debug\sensors.a(ADC_SAR_Seq_1_SAR.o)
 .comment       0x0000006e       0x6f .\CortexM3\ARM_GCC_541\Debug\sensors.a(ADC_SAR_Seq_1_TempBuf_dma.o)
 .comment       0x0000006e       0x6f .\CortexM3\ARM_GCC_541\Debug\sensors.a(ADC_SAR_Seq_1_FinalBuf_dma.o)
 .comment       0x0000006e       0x6f .\CortexM3\ARM_GCC_541\Debug\sensors.a(ADC_SAR_Seq_1_IRQ.o)
 .comment       0x0000006e       0x6f .\CortexM3\ARM_GCC_541\Debug\sensors.a(PWM_1.o)
 .comment       0x0000006e       0x6f .\CortexM3\ARM_GCC_541\Debug\sensors.a(CyFlash.o)
 .comment       0x0000006e       0x6f .\CortexM3\ARM_GCC_541\Debug\sensors.a(CySpc.o)

.debug_weaknames
 *(.debug_weaknames)

.debug_funcnames
 *(.debug_funcnames)

.debug_typenames
 *(.debug_typenames)

.debug_varnames
 *(.debug_varnames)

.note.gnu.arm.ident
 *(.note.gnu.arm.ident)

.ARM.attributes
                0x00000000       0x29
 *(.ARM.attributes)
 .ARM.attributes
                0x00000000       0x1d c:/program files (x86)/cypress/psoc creator/4.4/psoc creator/import/gnu/arm/5.4.1/bin/../lib/gcc/arm-none-eabi/5.4.1/armv7-m/crti.o
 .ARM.attributes
                0x0000001d       0x2d c:/program files (x86)/cypress/psoc creator/4.4/psoc creator/import/gnu/arm/5.4.1/bin/../lib/gcc/arm-none-eabi/5.4.1/armv7-m/crtbegin.o
 .ARM.attributes
                0x0000004a       0x1b c:/program files (x86)/cypress/psoc creator/4.4/psoc creator/import/gnu/arm/5.4.1/bin/../lib/gcc/arm-none-eabi/5.4.1/../../../../arm-none-eabi/lib/armv7-m/crt0.o
 .ARM.attributes
                0x00000065       0x33 .\CortexM3\ARM_GCC_541\Debug\main.o
 .ARM.attributes
                0x00000098       0x33 .\CortexM3\ARM_GCC_541\Debug\cyfitter_cfg.o
 .ARM.attributes
                0x000000cb       0x33 .\CortexM3\ARM_GCC_541\Debug\cymetadata.o
 .ARM.attributes
                0x000000fe       0x33 .\CortexM3\ARM_GCC_541\Debug\Cm3Start.o
 .ARM.attributes
                0x00000131       0x33 .\CortexM3\ARM_GCC_541\Debug\sensors.a(lcd_char_1.o)
 .ARM.attributes
                0x00000164       0x33 .\CortexM3\ARM_GCC_541\Debug\sensors.a(CyDmac.o)
 .ARM.attributes
                0x00000197       0x33 .\CortexM3\ARM_GCC_541\Debug\sensors.a(CyLib.o)
 .ARM.attributes
                0x000001ca       0x33 .\CortexM3\ARM_GCC_541\Debug\sensors.a(cyPm.o)
 .ARM.attributes
                0x000001fd       0x33 .\CortexM3\ARM_GCC_541\Debug\sensors.a(quaddec_1.o)
 .ARM.attributes
                0x00000230       0x33 .\CortexM3\ARM_GCC_541\Debug\sensors.a(quaddec_1_INT.o)
 .ARM.attributes
                0x00000263       0x33 .\CortexM3\ARM_GCC_541\Debug\sensors.a(quaddec_1_Cnt16.o)
 .ARM.attributes
                0x00000296       0x33 .\CortexM3\ARM_GCC_541\Debug\sensors.a(ADC_SAR_Seq_1.o)
 .ARM.attributes
                0x000002c9       0x33 .\CortexM3\ARM_GCC_541\Debug\sensors.a(ADC_SAR_Seq_1_INT.o)
 .ARM.attributes
                0x000002fc       0x33 .\CortexM3\ARM_GCC_541\Debug\sensors.a(ADC_SAR_Seq_1_SAR.o)
 .ARM.attributes
                0x0000032f       0x33 .\CortexM3\ARM_GCC_541\Debug\sensors.a(ADC_SAR_Seq_1_TempBuf_dma.o)
 .ARM.attributes
                0x00000362       0x33 .\CortexM3\ARM_GCC_541\Debug\sensors.a(ADC_SAR_Seq_1_FinalBuf_dma.o)
 .ARM.attributes
                0x00000395       0x33 .\CortexM3\ARM_GCC_541\Debug\sensors.a(ADC_SAR_Seq_1_IRQ.o)
 .ARM.attributes
                0x000003c8       0x33 .\CortexM3\ARM_GCC_541\Debug\sensors.a(PWM_1.o)
 .ARM.attributes
                0x000003fb       0x21 .\CortexM3\ARM_GCC_541\Debug\sensors.a(CyBootAsmGnu.o)
 .ARM.attributes
                0x0000041c       0x33 .\CortexM3\ARM_GCC_541\Debug\sensors.a(CyFlash.o)
 .ARM.attributes
                0x0000044f       0x33 .\CortexM3\ARM_GCC_541\Debug\sensors.a(CySpc.o)
 .ARM.attributes
                0x00000482       0x1d c:/program files (x86)/cypress/psoc creator/4.4/psoc creator/import/gnu/arm/5.4.1/bin/../lib/gcc/arm-none-eabi/5.4.1/armv7-m\libgcc.a(_arm_addsubdf3.o)
 .ARM.attributes
                0x0000049f       0x1d c:/program files (x86)/cypress/psoc creator/4.4/psoc creator/import/gnu/arm/5.4.1/bin/../lib/gcc/arm-none-eabi/5.4.1/armv7-m\libgcc.a(_arm_muldivdf3.o)
 .ARM.attributes
                0x000004bc       0x1d c:/program files (x86)/cypress/psoc creator/4.4/psoc creator/import/gnu/arm/5.4.1/bin/../lib/gcc/arm-none-eabi/5.4.1/armv7-m\libgcc.a(_arm_truncdfsf2.o)
 .ARM.attributes
                0x000004d9       0x1d c:/program files (x86)/cypress/psoc creator/4.4/psoc creator/import/gnu/arm/5.4.1/bin/../lib/gcc/arm-none-eabi/5.4.1/armv7-m\libgcc.a(_arm_addsubsf3.o)
 .ARM.attributes
                0x000004f6       0x1d c:/program files (x86)/cypress/psoc creator/4.4/psoc creator/import/gnu/arm/5.4.1/bin/../lib/gcc/arm-none-eabi/5.4.1/armv7-m\libgcc.a(_arm_muldivsf3.o)
 .ARM.attributes
                0x00000513       0x1d c:/program files (x86)/cypress/psoc creator/4.4/psoc creator/import/gnu/arm/5.4.1/bin/../lib/gcc/arm-none-eabi/5.4.1/armv7-m\libgcc.a(_arm_fixunssfsi.o)
 .ARM.attributes
                0x00000530       0x1d c:/program files (x86)/cypress/psoc creator/4.4/psoc creator/import/gnu/arm/5.4.1/bin/../lib/gcc/arm-none-eabi/5.4.1/armv7-m\libgcc.a(_aeabi_ldivmod.o)
 .ARM.attributes
                0x0000054d       0x2d c:/program files (x86)/cypress/psoc creator/4.4/psoc creator/import/gnu/arm/5.4.1/bin/../lib/gcc/arm-none-eabi/5.4.1/armv7-m\libgcc.a(_udivmoddi4.o)
 .ARM.attributes
                0x0000057a       0x1d c:/program files (x86)/cypress/psoc creator/4.4/psoc creator/import/gnu/arm/5.4.1/bin/../lib/gcc/arm-none-eabi/5.4.1/armv7-m\libgcc.a(_dvmd_tls.o)
 .ARM.attributes
                0x00000597       0x2d c:/program files (x86)/cypress/psoc creator/4.4/psoc creator/import/gnu/arm/5.4.1/bin/../lib/gcc/arm-none-eabi/5.4.1/../../../../arm-none-eabi/lib/armv7-m\libg_nano.a(lib_a-errno.o)
 .ARM.attributes
                0x000005c4       0x2d c:/program files (x86)/cypress/psoc creator/4.4/psoc creator/import/gnu/arm/5.4.1/bin/../lib/gcc/arm-none-eabi/5.4.1/../../../../arm-none-eabi/lib/armv7-m\libg_nano.a(lib_a-exit.o)
 .ARM.attributes
                0x000005f1       0x2d c:/program files (x86)/cypress/psoc creator/4.4/psoc creator/import/gnu/arm/5.4.1/bin/../lib/gcc/arm-none-eabi/5.4.1/../../../../arm-none-eabi/lib/armv7-m\libg_nano.a(lib_a-impure.o)
 .ARM.attributes
                0x0000061e       0x2d c:/program files (x86)/cypress/psoc creator/4.4/psoc creator/import/gnu/arm/5.4.1/bin/../lib/gcc/arm-none-eabi/5.4.1/../../../../arm-none-eabi/lib/armv7-m\libg_nano.a(lib_a-init.o)
 .ARM.attributes
                0x0000064b       0x2d c:/program files (x86)/cypress/psoc creator/4.4/psoc creator/import/gnu/arm/5.4.1/bin/../lib/gcc/arm-none-eabi/5.4.1/../../../../arm-none-eabi/lib/armv7-m\libg_nano.a(lib_a-memcpy-stub.o)
 .ARM.attributes
                0x00000678       0x2d c:/program files (x86)/cypress/psoc creator/4.4/psoc creator/import/gnu/arm/5.4.1/bin/../lib/gcc/arm-none-eabi/5.4.1/../../../../arm-none-eabi/lib/armv7-m\libg_nano.a(lib_a-memset.o)
 .ARM.attributes
                0x000006a5       0x2d c:/program files (x86)/cypress/psoc creator/4.4/psoc creator/import/gnu/arm/5.4.1/bin/../lib/gcc/arm-none-eabi/5.4.1/armv7-m/crtend.o
 .ARM.attributes
                0x000006d2       0x1d c:/program files (x86)/cypress/psoc creator/4.4/psoc creator/import/gnu/arm/5.4.1/bin/../lib/gcc/arm-none-eabi/5.4.1/armv7-m/crtn.o

/DISCARD/
 *(.note.GNU-stack)
OUTPUT(C:\robogrok\robogrok_psoc_creator\robotics_1\sensors.cydsn\CortexM3\ARM_GCC_541\Debug\sensors.elf elf32-littlearm)
