Archive member included to satisfy reference by file (symbol)

.\CortexM3\ARM_GCC_541\Debug\motion_control.a(lcd_char_1.o)
                              .\CortexM3\ARM_GCC_541\Debug\main.o (lcd_char_1_Start)
.\CortexM3\ARM_GCC_541\Debug\motion_control.a(CyLib.o)
                              .\CortexM3\ARM_GCC_541\Debug\Cm3Start.o (CyHalt)
.\CortexM3\ARM_GCC_541\Debug\motion_control.a(cyPm.o)
                              .\CortexM3\ARM_GCC_541\Debug\motion_control.a(CyLib.o) (CyPmReadStatus)
.\CortexM3\ARM_GCC_541\Debug\motion_control.a(quaddec_1.o)
                              .\CortexM3\ARM_GCC_541\Debug\main.o (quaddec_1_GetCounter)
.\CortexM3\ARM_GCC_541\Debug\motion_control.a(quaddec_1_INT.o)
                              .\CortexM3\ARM_GCC_541\Debug\motion_control.a(quaddec_1.o) (quaddec_1_ISR)
.\CortexM3\ARM_GCC_541\Debug\motion_control.a(quaddec_1_Cnt16.o)
                              .\CortexM3\ARM_GCC_541\Debug\motion_control.a(quaddec_1.o) (quaddec_1_Cnt16_Stop)
.\CortexM3\ARM_GCC_541\Debug\motion_control.a(pwm_1.o)
                              .\CortexM3\ARM_GCC_541\Debug\main.o (pwm_1_WriteCompare1)
.\CortexM3\ARM_GCC_541\Debug\motion_control.a(CyBootAsmGnu.o)
                              .\CortexM3\ARM_GCC_541\Debug\cyfitter_cfg.o (CyDelayCycles)
.\CortexM3\ARM_GCC_541\Debug\motion_control.a(CyFlash.o)
                              .\CortexM3\ARM_GCC_541\Debug\motion_control.a(cyPm.o) (CyFlash_SetWaitCycles)
.\CortexM3\ARM_GCC_541\Debug\motion_control.a(CySpc.o)
                              .\CortexM3\ARM_GCC_541\Debug\motion_control.a(CyFlash.o) (CySpcStart)
c:/program files (x86)/cypress/psoc creator/4.4/psoc creator/import/gnu/arm/5.4.1/bin/../lib/gcc/arm-none-eabi/5.4.1/armv7-m\libgcc.a(_arm_addsubsf3.o)
                              .\CortexM3\ARM_GCC_541\Debug\main.o (__aeabi_i2f)
c:/program files (x86)/cypress/psoc creator/4.4/psoc creator/import/gnu/arm/5.4.1/bin/../lib/gcc/arm-none-eabi/5.4.1/armv7-m\libgcc.a(_arm_cmpsf2.o)
                              .\CortexM3\ARM_GCC_541\Debug\main.o (__aeabi_fcmplt)
c:/program files (x86)/cypress/psoc creator/4.4/psoc creator/import/gnu/arm/5.4.1/bin/../lib/gcc/arm-none-eabi/5.4.1/../../../../arm-none-eabi/lib/armv7-m\libg_nano.a(lib_a-errno.o)
                              .\CortexM3\ARM_GCC_541\Debug\Cm3Start.o (__errno)
c:/program files (x86)/cypress/psoc creator/4.4/psoc creator/import/gnu/arm/5.4.1/bin/../lib/gcc/arm-none-eabi/5.4.1/../../../../arm-none-eabi/lib/armv7-m\libg_nano.a(lib_a-exit.o)
                              c:/program files (x86)/cypress/psoc creator/4.4/psoc creator/import/gnu/arm/5.4.1/bin/../lib/gcc/arm-none-eabi/5.4.1/../../../../arm-none-eabi/lib/armv7-m/crt0.o (exit)
c:/program files (x86)/cypress/psoc creator/4.4/psoc creator/import/gnu/arm/5.4.1/bin/../lib/gcc/arm-none-eabi/5.4.1/../../../../arm-none-eabi/lib/armv7-m\libg_nano.a(lib_a-impure.o)
                              c:/program files (x86)/cypress/psoc creator/4.4/psoc creator/import/gnu/arm/5.4.1/bin/../lib/gcc/arm-none-eabi/5.4.1/../../../../arm-none-eabi/lib/armv7-m\libg_nano.a(lib_a-exit.o) (_global_impure_ptr)
c:/program files (x86)/cypress/psoc creator/4.4/psoc creator/import/gnu/arm/5.4.1/bin/../lib/gcc/arm-none-eabi/5.4.1/../../../../arm-none-eabi/lib/armv7-m\libg_nano.a(lib_a-init.o)
                              c:/program files (x86)/cypress/psoc creator/4.4/psoc creator/import/gnu/arm/5.4.1/bin/../lib/gcc/arm-none-eabi/5.4.1/../../../../arm-none-eabi/lib/armv7-m/crt0.o (__libc_init_array)
c:/program files (x86)/cypress/psoc creator/4.4/psoc creator/import/gnu/arm/5.4.1/bin/../lib/gcc/arm-none-eabi/5.4.1/../../../../arm-none-eabi/lib/armv7-m\libg_nano.a(lib_a-memcpy-stub.o)
                              .\CortexM3\ARM_GCC_541\Debug\cyfitter_cfg.o (memcpy)
c:/program files (x86)/cypress/psoc creator/4.4/psoc creator/import/gnu/arm/5.4.1/bin/../lib/gcc/arm-none-eabi/5.4.1/../../../../arm-none-eabi/lib/armv7-m\libg_nano.a(lib_a-memset.o)
                              c:/program files (x86)/cypress/psoc creator/4.4/psoc creator/import/gnu/arm/5.4.1/bin/../lib/gcc/arm-none-eabi/5.4.1/../../../../arm-none-eabi/lib/armv7-m/crt0.o (memset)

Allocating common symbols
Common symbol       size              file

dieTemperature      0x2               .\CortexM3\ARM_GCC_541\Debug\motion_control.a(CyFlash.o)

Discarded input sections

 .text          0x00000000        0x0 c:/program files (x86)/cypress/psoc creator/4.4/psoc creator/import/gnu/arm/5.4.1/bin/../lib/gcc/arm-none-eabi/5.4.1/armv7-m/crti.o
 .data          0x00000000        0x0 c:/program files (x86)/cypress/psoc creator/4.4/psoc creator/import/gnu/arm/5.4.1/bin/../lib/gcc/arm-none-eabi/5.4.1/armv7-m/crti.o
 .bss           0x00000000        0x0 c:/program files (x86)/cypress/psoc creator/4.4/psoc creator/import/gnu/arm/5.4.1/bin/../lib/gcc/arm-none-eabi/5.4.1/armv7-m/crti.o
 .data          0x00000000        0x4 c:/program files (x86)/cypress/psoc creator/4.4/psoc creator/import/gnu/arm/5.4.1/bin/../lib/gcc/arm-none-eabi/5.4.1/armv7-m/crtbegin.o
 .text          0x00000000       0x74 c:/program files (x86)/cypress/psoc creator/4.4/psoc creator/import/gnu/arm/5.4.1/bin/../lib/gcc/arm-none-eabi/5.4.1/../../../../arm-none-eabi/lib/armv7-m/crt0.o
 .data          0x00000000        0x0 c:/program files (x86)/cypress/psoc creator/4.4/psoc creator/import/gnu/arm/5.4.1/bin/../lib/gcc/arm-none-eabi/5.4.1/../../../../arm-none-eabi/lib/armv7-m/crt0.o
 .bss           0x00000000        0x0 c:/program files (x86)/cypress/psoc creator/4.4/psoc creator/import/gnu/arm/5.4.1/bin/../lib/gcc/arm-none-eabi/5.4.1/../../../../arm-none-eabi/lib/armv7-m/crt0.o
 .ARM.extab     0x00000000        0x0 c:/program files (x86)/cypress/psoc creator/4.4/psoc creator/import/gnu/arm/5.4.1/bin/../lib/gcc/arm-none-eabi/5.4.1/../../../../arm-none-eabi/lib/armv7-m/crt0.o
 .ARM.exidx     0x00000000        0x8 c:/program files (x86)/cypress/psoc creator/4.4/psoc creator/import/gnu/arm/5.4.1/bin/../lib/gcc/arm-none-eabi/5.4.1/../../../../arm-none-eabi/lib/armv7-m/crt0.o
 .text          0x00000000        0x0 .\CortexM3\ARM_GCC_541\Debug\main.o
 .data          0x00000000        0x0 .\CortexM3\ARM_GCC_541\Debug\main.o
 .bss           0x00000000        0x0 .\CortexM3\ARM_GCC_541\Debug\main.o
 .text          0x00000000        0x0 .\CortexM3\ARM_GCC_541\Debug\cyfitter_cfg.o
 .data          0x00000000        0x0 .\CortexM3\ARM_GCC_541\Debug\cyfitter_cfg.o
 .bss           0x00000000        0x0 .\CortexM3\ARM_GCC_541\Debug\cyfitter_cfg.o
 .text.SetAnalogRoutingPumps
                0x00000000       0x10 .\CortexM3\ARM_GCC_541\Debug\cyfitter_cfg.o
 .text          0x00000000        0x0 .\CortexM3\ARM_GCC_541\Debug\cymetadata.o
 .data          0x00000000        0x0 .\CortexM3\ARM_GCC_541\Debug\cymetadata.o
 .bss           0x00000000        0x0 .\CortexM3\ARM_GCC_541\Debug\cymetadata.o
 .text          0x00000000        0x0 .\CortexM3\ARM_GCC_541\Debug\Cm3Start.o
 .data          0x00000000        0x4 .\CortexM3\ARM_GCC_541\Debug\Cm3Start.o
 .bss           0x00000000        0x0 .\CortexM3\ARM_GCC_541\Debug\Cm3Start.o
 .text._exit    0x00000000        0xc .\CortexM3\ARM_GCC_541\Debug\Cm3Start.o
 .text._sbrk    0x00000000       0x30 .\CortexM3\ARM_GCC_541\Debug\Cm3Start.o
 .text          0x00000000        0x0 .\CortexM3\ARM_GCC_541\Debug\motion_control.a(lcd_char_1.o)
 .data          0x00000000        0x0 .\CortexM3\ARM_GCC_541\Debug\motion_control.a(lcd_char_1.o)
 .text.lcd_char_1_WrDatNib
                0x00000000       0x44 .\CortexM3\ARM_GCC_541\Debug\motion_control.a(lcd_char_1.o)
 .text.lcd_char_1_WriteData
                0x00000000       0x18 .\CortexM3\ARM_GCC_541\Debug\motion_control.a(lcd_char_1.o)
 .text.lcd_char_1_PrintString
                0x00000000       0x1c .\CortexM3\ARM_GCC_541\Debug\motion_control.a(lcd_char_1.o)
 .text.lcd_char_1_PutChar
                0x00000000        0x8 .\CortexM3\ARM_GCC_541\Debug\motion_control.a(lcd_char_1.o)
 .text.lcd_char_1_Stop
                0x00000000       0x14 .\CortexM3\ARM_GCC_541\Debug\motion_control.a(lcd_char_1.o)
 .text.lcd_char_1_Position
                0x00000000       0x3c .\CortexM3\ARM_GCC_541\Debug\motion_control.a(lcd_char_1.o)
 .text.lcd_char_1_PrintInt8
                0x00000000       0x20 .\CortexM3\ARM_GCC_541\Debug\motion_control.a(lcd_char_1.o)
 .text.lcd_char_1_PrintInt16
                0x00000000       0x14 .\CortexM3\ARM_GCC_541\Debug\motion_control.a(lcd_char_1.o)
 .text.lcd_char_1_PrintInt32
                0x00000000       0x1c .\CortexM3\ARM_GCC_541\Debug\motion_control.a(lcd_char_1.o)
 .text.lcd_char_1_PrintU32Number
                0x00000000       0x64 .\CortexM3\ARM_GCC_541\Debug\motion_control.a(lcd_char_1.o)
 .rodata        0x00000000       0x10 .\CortexM3\ARM_GCC_541\Debug\motion_control.a(lcd_char_1.o)
 .text          0x00000000        0x0 .\CortexM3\ARM_GCC_541\Debug\motion_control.a(CyLib.o)
 .bss           0x00000000       0x1c .\CortexM3\ARM_GCC_541\Debug\motion_control.a(CyLib.o)
 .text.CyUSB_PowerOnCheck
                0x00000000       0x48 .\CortexM3\ARM_GCC_541\Debug\motion_control.a(CyLib.o)
 .text.CyBusClk_Internal_SetDivider
                0x00000000       0x48 .\CortexM3\ARM_GCC_541\Debug\motion_control.a(CyLib.o)
 .text.CyPLL_OUT_Stop
                0x00000000       0x10 .\CortexM3\ARM_GCC_541\Debug\motion_control.a(CyLib.o)
 .text.CyIMO_Stop
                0x00000000       0x1c .\CortexM3\ARM_GCC_541\Debug\motion_control.a(CyLib.o)
 .text.CyIMO_EnableDoubler
                0x00000000       0x10 .\CortexM3\ARM_GCC_541\Debug\motion_control.a(CyLib.o)
 .text.CyIMO_DisableDoubler
                0x00000000       0x10 .\CortexM3\ARM_GCC_541\Debug\motion_control.a(CyLib.o)
 .text.CyMasterClk_SetSource
                0x00000000       0x18 .\CortexM3\ARM_GCC_541\Debug\motion_control.a(CyLib.o)
 .text.CyMasterClk_SetDivider
                0x00000000        0xc .\CortexM3\ARM_GCC_541\Debug\motion_control.a(CyLib.o)
 .text.CyBusClk_SetDivider
                0x00000000       0x70 .\CortexM3\ARM_GCC_541\Debug\motion_control.a(CyLib.o)
 .text.CyUsbClk_SetSource
                0x00000000       0x18 .\CortexM3\ARM_GCC_541\Debug\motion_control.a(CyLib.o)
 .text.CyILO_Start1K
                0x00000000       0x10 .\CortexM3\ARM_GCC_541\Debug\motion_control.a(CyLib.o)
 .text.CyILO_Stop1K
                0x00000000       0x10 .\CortexM3\ARM_GCC_541\Debug\motion_control.a(CyLib.o)
 .text.CyILO_Start100K
                0x00000000       0x10 .\CortexM3\ARM_GCC_541\Debug\motion_control.a(CyLib.o)
 .text.CyILO_Stop100K
                0x00000000       0x10 .\CortexM3\ARM_GCC_541\Debug\motion_control.a(CyLib.o)
 .text.CyPLL_OUT_Start
                0x00000000       0x78 .\CortexM3\ARM_GCC_541\Debug\motion_control.a(CyLib.o)
 .text.CyIMO_Start
                0x00000000       0x60 .\CortexM3\ARM_GCC_541\Debug\motion_control.a(CyLib.o)
 .text.CyILO_Enable33K
                0x00000000       0x10 .\CortexM3\ARM_GCC_541\Debug\motion_control.a(CyLib.o)
 .text.CyILO_Disable33K
                0x00000000       0x10 .\CortexM3\ARM_GCC_541\Debug\motion_control.a(CyLib.o)
 .text.CyILO_SetSource
                0x00000000       0x18 .\CortexM3\ARM_GCC_541\Debug\motion_control.a(CyLib.o)
 .text.CyILO_SetPowerMode
                0x00000000       0x24 .\CortexM3\ARM_GCC_541\Debug\motion_control.a(CyLib.o)
 .text.CyXTAL_32KHZ_Stop
                0x00000000       0x30 .\CortexM3\ARM_GCC_541\Debug\motion_control.a(CyLib.o)
 .text.CyXTAL_32KHZ_ReadStatus
                0x00000000       0x10 .\CortexM3\ARM_GCC_541\Debug\motion_control.a(CyLib.o)
 .text.CyXTAL_Start
                0x00000000       0xac .\CortexM3\ARM_GCC_541\Debug\motion_control.a(CyLib.o)
 .text.CyXTAL_Stop
                0x00000000       0x10 .\CortexM3\ARM_GCC_541\Debug\motion_control.a(CyLib.o)
 .text.CyXTAL_EnableErrStatus
                0x00000000       0x10 .\CortexM3\ARM_GCC_541\Debug\motion_control.a(CyLib.o)
 .text.CyXTAL_DisableErrStatus
                0x00000000       0x10 .\CortexM3\ARM_GCC_541\Debug\motion_control.a(CyLib.o)
 .text.CyXTAL_ReadStatus
                0x00000000       0x18 .\CortexM3\ARM_GCC_541\Debug\motion_control.a(CyLib.o)
 .text.CyXTAL_EnableFaultRecovery
                0x00000000       0x10 .\CortexM3\ARM_GCC_541\Debug\motion_control.a(CyLib.o)
 .text.CyXTAL_DisableFaultRecovery
                0x00000000       0x10 .\CortexM3\ARM_GCC_541\Debug\motion_control.a(CyLib.o)
 .text.CyXTAL_SetStartup
                0x00000000       0x18 .\CortexM3\ARM_GCC_541\Debug\motion_control.a(CyLib.o)
 .text.CyXTAL_SetFbVoltage
                0x00000000       0x18 .\CortexM3\ARM_GCC_541\Debug\motion_control.a(CyLib.o)
 .text.CyXTAL_SetWdVoltage
                0x00000000       0x18 .\CortexM3\ARM_GCC_541\Debug\motion_control.a(CyLib.o)
 .text.CyPLL_OUT_SetPQ
                0x00000000       0x60 .\CortexM3\ARM_GCC_541\Debug\motion_control.a(CyLib.o)
 .text.CyPLL_OUT_SetSource
                0x00000000       0x34 .\CortexM3\ARM_GCC_541\Debug\motion_control.a(CyLib.o)
 .text.CyIMO_SetTrimValue
                0x00000000       0xcc .\CortexM3\ARM_GCC_541\Debug\motion_control.a(CyLib.o)
 .text.CyIMO_SetFreq
                0x00000000       0xf4 .\CortexM3\ARM_GCC_541\Debug\motion_control.a(CyLib.o)
 .text.CyIMO_SetSource
                0x00000000       0x58 .\CortexM3\ARM_GCC_541\Debug\motion_control.a(CyLib.o)
 .text.CySoftwareReset
                0x00000000       0x10 .\CortexM3\ARM_GCC_541\Debug\motion_control.a(CyLib.o)
 .text.CyXTAL_32KHZ_SetPowerMode
                0x00000000       0x84 .\CortexM3\ARM_GCC_541\Debug\motion_control.a(CyLib.o)
 .text.CyXTAL_32KHZ_Start
                0x00000000       0x74 .\CortexM3\ARM_GCC_541\Debug\motion_control.a(CyLib.o)
 .text.CyDelayFreq
                0x00000000       0x4c .\CortexM3\ARM_GCC_541\Debug\motion_control.a(CyLib.o)
 .text.CyWdtStart
                0x00000000       0x40 .\CortexM3\ARM_GCC_541\Debug\motion_control.a(CyLib.o)
 .text.CyWdtClear
                0x00000000        0xc .\CortexM3\ARM_GCC_541\Debug\motion_control.a(CyLib.o)
 .text.CyVdStickyStatus
                0x00000000       0x2c .\CortexM3\ARM_GCC_541\Debug\motion_control.a(CyLib.o)
 .text.CyVdLvDigitEnable
                0x00000000       0x84 .\CortexM3\ARM_GCC_541\Debug\motion_control.a(CyLib.o)
 .text.CyVdLvAnalogEnable
                0x00000000       0x80 .\CortexM3\ARM_GCC_541\Debug\motion_control.a(CyLib.o)
 .text.CyVdLvDigitDisable
                0x00000000       0x30 .\CortexM3\ARM_GCC_541\Debug\motion_control.a(CyLib.o)
 .text.CyVdLvAnalogDisable
                0x00000000       0x28 .\CortexM3\ARM_GCC_541\Debug\motion_control.a(CyLib.o)
 .text.CyVdHvAnalogEnable
                0x00000000       0x54 .\CortexM3\ARM_GCC_541\Debug\motion_control.a(CyLib.o)
 .text.CyVdHvAnalogDisable
                0x00000000       0x20 .\CortexM3\ARM_GCC_541\Debug\motion_control.a(CyLib.o)
 .text.CyVdRealTimeStatus
                0x00000000       0x1c .\CortexM3\ARM_GCC_541\Debug\motion_control.a(CyLib.o)
 .text.CyDisableInts
                0x00000000       0x1c .\CortexM3\ARM_GCC_541\Debug\motion_control.a(CyLib.o)
 .text.CyEnableInts
                0x00000000       0x18 .\CortexM3\ARM_GCC_541\Debug\motion_control.a(CyLib.o)
 .text.CyFlushCache
                0x00000000       0x44 .\CortexM3\ARM_GCC_541\Debug\motion_control.a(CyLib.o)
 .text.CyIntSetSysVector
                0x00000000       0x28 .\CortexM3\ARM_GCC_541\Debug\motion_control.a(CyLib.o)
 .text.CyIntGetSysVector
                0x00000000       0x20 .\CortexM3\ARM_GCC_541\Debug\motion_control.a(CyLib.o)
 .text.CyIntGetVector
                0x00000000       0x24 .\CortexM3\ARM_GCC_541\Debug\motion_control.a(CyLib.o)
 .text.CyIntGetPriority
                0x00000000       0x20 .\CortexM3\ARM_GCC_541\Debug\motion_control.a(CyLib.o)
 .text.CyIntGetState
                0x00000000       0x24 .\CortexM3\ARM_GCC_541\Debug\motion_control.a(CyLib.o)
 .text.CySysTickStop
                0x00000000       0x10 .\CortexM3\ARM_GCC_541\Debug\motion_control.a(CyLib.o)
 .text.CySysTickEnableInterrupt
                0x00000000       0x10 .\CortexM3\ARM_GCC_541\Debug\motion_control.a(CyLib.o)
 .text.CySysTickEnable
                0x00000000       0x18 .\CortexM3\ARM_GCC_541\Debug\motion_control.a(CyLib.o)
 .text.CySysTickDisableInterrupt
                0x00000000       0x10 .\CortexM3\ARM_GCC_541\Debug\motion_control.a(CyLib.o)
 .text.CySysTickSetReload
                0x00000000       0x10 .\CortexM3\ARM_GCC_541\Debug\motion_control.a(CyLib.o)
 .text.CySysTickGetReload
                0x00000000       0x10 .\CortexM3\ARM_GCC_541\Debug\motion_control.a(CyLib.o)
 .text.CySysTickGetValue
                0x00000000       0x10 .\CortexM3\ARM_GCC_541\Debug\motion_control.a(CyLib.o)
 .text.CySysTickSetClockSource
                0x00000000       0x20 .\CortexM3\ARM_GCC_541\Debug\motion_control.a(CyLib.o)
 .text.CySysTickGetClockSource
                0x00000000       0x10 .\CortexM3\ARM_GCC_541\Debug\motion_control.a(CyLib.o)
 .text.CySysTickGetCountFlag
                0x00000000       0x10 .\CortexM3\ARM_GCC_541\Debug\motion_control.a(CyLib.o)
 .text.CySysTickServiceCallbacks
                0x00000000       0x28 .\CortexM3\ARM_GCC_541\Debug\motion_control.a(CyLib.o)
 .text.CySysTickClear
                0x00000000        0xc .\CortexM3\ARM_GCC_541\Debug\motion_control.a(CyLib.o)
 .text.CySysTickInit
                0x00000000       0x58 .\CortexM3\ARM_GCC_541\Debug\motion_control.a(CyLib.o)
 .text.CySysTickStart
                0x00000000       0x1c .\CortexM3\ARM_GCC_541\Debug\motion_control.a(CyLib.o)
 .text.CySysTickSetCallback
                0x00000000       0x10 .\CortexM3\ARM_GCC_541\Debug\motion_control.a(CyLib.o)
 .text.CySysTickGetCallback
                0x00000000       0x10 .\CortexM3\ARM_GCC_541\Debug\motion_control.a(CyLib.o)
 .text.CyGetUniqueId
                0x00000000       0x70 .\CortexM3\ARM_GCC_541\Debug\motion_control.a(CyLib.o)
 .text          0x00000000        0x0 .\CortexM3\ARM_GCC_541\Debug\motion_control.a(cyPm.o)
 .data          0x00000000        0x0 .\CortexM3\ARM_GCC_541\Debug\motion_control.a(cyPm.o)
 .bss           0x00000000       0x43 .\CortexM3\ARM_GCC_541\Debug\motion_control.a(cyPm.o)
 .text.CyPmHibSlpSaveSet
                0x00000000      0x1dc .\CortexM3\ARM_GCC_541\Debug\motion_control.a(cyPm.o)
 .text.CyPmHibSlpRestore
                0x00000000       0xd8 .\CortexM3\ARM_GCC_541\Debug\motion_control.a(cyPm.o)
 .text.CyPmHviLviSaveDisable
                0x00000000       0xa0 .\CortexM3\ARM_GCC_541\Debug\motion_control.a(cyPm.o)
 .text.CyPmHibSaveSet
                0x00000000       0x98 .\CortexM3\ARM_GCC_541\Debug\motion_control.a(cyPm.o)
 .text.CyPmHviLviRestore
                0x00000000       0x48 .\CortexM3\ARM_GCC_541\Debug\motion_control.a(cyPm.o)
 .text.CyPmHibRestore
                0x00000000       0x60 .\CortexM3\ARM_GCC_541\Debug\motion_control.a(cyPm.o)
 .text.CyPmSaveClocks
                0x00000000      0x218 .\CortexM3\ARM_GCC_541\Debug\motion_control.a(cyPm.o)
 .text.CyPmRestoreClocks
                0x00000000      0x24c .\CortexM3\ARM_GCC_541\Debug\motion_control.a(cyPm.o)
 .text.CyPmAltAct
                0x00000000       0x6c .\CortexM3\ARM_GCC_541\Debug\motion_control.a(cyPm.o)
 .text.CyPmSleep
                0x00000000       0xf4 .\CortexM3\ARM_GCC_541\Debug\motion_control.a(cyPm.o)
 .text.CyPmHibernateEx
                0x00000000       0xf4 .\CortexM3\ARM_GCC_541\Debug\motion_control.a(cyPm.o)
 .text.CyPmHibernate
                0x00000000        0xc .\CortexM3\ARM_GCC_541\Debug\motion_control.a(cyPm.o)
 .text.CyPmReadStatus
                0x00000000       0x30 .\CortexM3\ARM_GCC_541\Debug\motion_control.a(cyPm.o)
 .text.CyPmCtwSetInterval
                0x00000000       0x5c .\CortexM3\ARM_GCC_541\Debug\motion_control.a(cyPm.o)
 .text.CyPmOppsSet
                0x00000000       0x2c .\CortexM3\ARM_GCC_541\Debug\motion_control.a(cyPm.o)
 .text.CyPmFtwSetInterval
                0x00000000       0x5c .\CortexM3\ARM_GCC_541\Debug\motion_control.a(cyPm.o)
 .rodata        0x00000000        0xf .\CortexM3\ARM_GCC_541\Debug\motion_control.a(cyPm.o)
 .text          0x00000000        0x0 .\CortexM3\ARM_GCC_541\Debug\motion_control.a(quaddec_1.o)
 .data          0x00000000        0x0 .\CortexM3\ARM_GCC_541\Debug\motion_control.a(quaddec_1.o)
 .text.quaddec_1_Stop
                0x00000000       0x28 .\CortexM3\ARM_GCC_541\Debug\motion_control.a(quaddec_1.o)
 .text.quaddec_1_GetInterruptMask
                0x00000000       0x10 .\CortexM3\ARM_GCC_541\Debug\motion_control.a(quaddec_1.o)
 .text          0x00000000        0x0 .\CortexM3\ARM_GCC_541\Debug\motion_control.a(quaddec_1_INT.o)
 .data          0x00000000        0x0 .\CortexM3\ARM_GCC_541\Debug\motion_control.a(quaddec_1_INT.o)
 .text          0x00000000        0x0 .\CortexM3\ARM_GCC_541\Debug\motion_control.a(quaddec_1_Cnt16.o)
 .data          0x00000000        0x0 .\CortexM3\ARM_GCC_541\Debug\motion_control.a(quaddec_1_Cnt16.o)
 .text.quaddec_1_Cnt16_Stop
                0x00000000       0x10 .\CortexM3\ARM_GCC_541\Debug\motion_control.a(quaddec_1_Cnt16.o)
 .text.quaddec_1_Cnt16_ReadControlRegister
                0x00000000        0xc .\CortexM3\ARM_GCC_541\Debug\motion_control.a(quaddec_1_Cnt16.o)
 .text.quaddec_1_Cnt16_WriteControlRegister
                0x00000000        0xc .\CortexM3\ARM_GCC_541\Debug\motion_control.a(quaddec_1_Cnt16.o)
 .text.quaddec_1_Cnt16_ReadPeriod
                0x00000000        0xc .\CortexM3\ARM_GCC_541\Debug\motion_control.a(quaddec_1_Cnt16.o)
 .text.quaddec_1_Cnt16_ReadCompare
                0x00000000        0xc .\CortexM3\ARM_GCC_541\Debug\motion_control.a(quaddec_1_Cnt16.o)
 .text          0x00000000        0x0 .\CortexM3\ARM_GCC_541\Debug\motion_control.a(pwm_1.o)
 .data          0x00000000        0x0 .\CortexM3\ARM_GCC_541\Debug\motion_control.a(pwm_1.o)
 .text.pwm_1_Stop
                0x00000000       0x10 .\CortexM3\ARM_GCC_541\Debug\motion_control.a(pwm_1.o)
 .text.pwm_1_ReadCounter
                0x00000000       0x14 .\CortexM3\ARM_GCC_541\Debug\motion_control.a(pwm_1.o)
 .text.pwm_1_ReadControlRegister
                0x00000000        0xc .\CortexM3\ARM_GCC_541\Debug\motion_control.a(pwm_1.o)
 .text.pwm_1_WriteControlRegister
                0x00000000        0xc .\CortexM3\ARM_GCC_541\Debug\motion_control.a(pwm_1.o)
 .text.pwm_1_ReadCompare1
                0x00000000        0xc .\CortexM3\ARM_GCC_541\Debug\motion_control.a(pwm_1.o)
 .text.pwm_1_ReadCompare2
                0x00000000        0xc .\CortexM3\ARM_GCC_541\Debug\motion_control.a(pwm_1.o)
 .text.pwm_1_ReadPeriod
                0x00000000        0xc .\CortexM3\ARM_GCC_541\Debug\motion_control.a(pwm_1.o)
 .data          0x00000000        0x0 .\CortexM3\ARM_GCC_541\Debug\motion_control.a(CyBootAsmGnu.o)
 .bss           0x00000000        0x0 .\CortexM3\ARM_GCC_541\Debug\motion_control.a(CyBootAsmGnu.o)
 .text          0x00000000        0x0 .\CortexM3\ARM_GCC_541\Debug\motion_control.a(CyFlash.o)
 .data          0x00000000        0x0 .\CortexM3\ARM_GCC_541\Debug\motion_control.a(CyFlash.o)
 .bss           0x00000000        0x0 .\CortexM3\ARM_GCC_541\Debug\motion_control.a(CyFlash.o)
 .text.CySetTempInt
                0x00000000       0x60 .\CortexM3\ARM_GCC_541\Debug\motion_control.a(CyFlash.o)
 .text.CyFlash_Start
                0x00000000       0x54 .\CortexM3\ARM_GCC_541\Debug\motion_control.a(CyFlash.o)
 .text.CyFlash_Stop
                0x00000000       0x24 .\CortexM3\ARM_GCC_541\Debug\motion_control.a(CyFlash.o)
 .text.CyFlash_EraseRow
                0x00000000       0x78 .\CortexM3\ARM_GCC_541\Debug\motion_control.a(CyFlash.o)
 .text.CyFlashGetSpcAlgorithm
                0x00000000       0x4c .\CortexM3\ARM_GCC_541\Debug\motion_control.a(CyFlash.o)
 .text.CySetTemp
                0x00000000       0x14 .\CortexM3\ARM_GCC_541\Debug\motion_control.a(CyFlash.o)
 .text.CySetFlashEEBuffer
                0x00000000       0x20 .\CortexM3\ARM_GCC_541\Debug\motion_control.a(CyFlash.o)
 .text.CyWriteRowFull
                0x00000000       0xf8 .\CortexM3\ARM_GCC_541\Debug\motion_control.a(CyFlash.o)
 .text.CyWriteRowData
                0x00000000       0x14 .\CortexM3\ARM_GCC_541\Debug\motion_control.a(CyFlash.o)
 .text.CyFlash_SetWaitCycles
                0x00000000       0x7c .\CortexM3\ARM_GCC_541\Debug\motion_control.a(CyFlash.o)
 .text.CyEEPROM_Start
                0x00000000       0x54 .\CortexM3\ARM_GCC_541\Debug\motion_control.a(CyFlash.o)
 .text.CyEEPROM_Stop
                0x00000000       0x24 .\CortexM3\ARM_GCC_541\Debug\motion_control.a(CyFlash.o)
 .text.CyEEPROM_ReadReserve
                0x00000000       0x1c .\CortexM3\ARM_GCC_541\Debug\motion_control.a(CyFlash.o)
 .text.CyEEPROM_ReadRelease
                0x00000000       0x10 .\CortexM3\ARM_GCC_541\Debug\motion_control.a(CyFlash.o)
 COMMON         0x00000000        0x2 .\CortexM3\ARM_GCC_541\Debug\motion_control.a(CyFlash.o)
 .text          0x00000000        0x0 .\CortexM3\ARM_GCC_541\Debug\motion_control.a(CySpc.o)
 .data          0x00000000        0x0 .\CortexM3\ARM_GCC_541\Debug\motion_control.a(CySpc.o)
 .bss           0x00000000        0x8 .\CortexM3\ARM_GCC_541\Debug\motion_control.a(CySpc.o)
 .text.CySpcStart
                0x00000000       0x24 .\CortexM3\ARM_GCC_541\Debug\motion_control.a(CySpc.o)
 .text.CySpcStop
                0x00000000       0x24 .\CortexM3\ARM_GCC_541\Debug\motion_control.a(CySpc.o)
 .text.CySpcReadData
                0x00000000       0x34 .\CortexM3\ARM_GCC_541\Debug\motion_control.a(CySpc.o)
 .text.CySpcLoadMultiByte
                0x00000000       0x78 .\CortexM3\ARM_GCC_541\Debug\motion_control.a(CySpc.o)
 .text.CySpcLoadRow
                0x00000000       0x50 .\CortexM3\ARM_GCC_541\Debug\motion_control.a(CySpc.o)
 .text.CySpcLoadRowFull
                0x00000000       0x80 .\CortexM3\ARM_GCC_541\Debug\motion_control.a(CySpc.o)
 .text.CySpcWriteRow
                0x00000000       0x4c .\CortexM3\ARM_GCC_541\Debug\motion_control.a(CySpc.o)
 .text.CySpcEraseSector
                0x00000000       0x3c .\CortexM3\ARM_GCC_541\Debug\motion_control.a(CySpc.o)
 .text.CySpcEraseRow
                0x00000000       0x4c .\CortexM3\ARM_GCC_541\Debug\motion_control.a(CySpc.o)
 .text.CySpcGetTemp
                0x00000000       0x3c .\CortexM3\ARM_GCC_541\Debug\motion_control.a(CySpc.o)
 .text.CySpcLock
                0x00000000       0x4c .\CortexM3\ARM_GCC_541\Debug\motion_control.a(CySpc.o)
 .text.CySpcUnlock
                0x00000000       0x38 .\CortexM3\ARM_GCC_541\Debug\motion_control.a(CySpc.o)
 .text.CySpcGetAlgorithm
                0x00000000       0x28 .\CortexM3\ARM_GCC_541\Debug\motion_control.a(CySpc.o)
 .data          0x00000000        0x0 c:/program files (x86)/cypress/psoc creator/4.4/psoc creator/import/gnu/arm/5.4.1/bin/../lib/gcc/arm-none-eabi/5.4.1/armv7-m\libgcc.a(_arm_addsubsf3.o)
 .bss           0x00000000        0x0 c:/program files (x86)/cypress/psoc creator/4.4/psoc creator/import/gnu/arm/5.4.1/bin/../lib/gcc/arm-none-eabi/5.4.1/armv7-m\libgcc.a(_arm_addsubsf3.o)
 .data          0x00000000        0x0 c:/program files (x86)/cypress/psoc creator/4.4/psoc creator/import/gnu/arm/5.4.1/bin/../lib/gcc/arm-none-eabi/5.4.1/armv7-m\libgcc.a(_arm_cmpsf2.o)
 .bss           0x00000000        0x0 c:/program files (x86)/cypress/psoc creator/4.4/psoc creator/import/gnu/arm/5.4.1/bin/../lib/gcc/arm-none-eabi/5.4.1/armv7-m\libgcc.a(_arm_cmpsf2.o)
 .text          0x00000000        0x0 c:/program files (x86)/cypress/psoc creator/4.4/psoc creator/import/gnu/arm/5.4.1/bin/../lib/gcc/arm-none-eabi/5.4.1/../../../../arm-none-eabi/lib/armv7-m\libg_nano.a(lib_a-errno.o)
 .data          0x00000000        0x0 c:/program files (x86)/cypress/psoc creator/4.4/psoc creator/import/gnu/arm/5.4.1/bin/../lib/gcc/arm-none-eabi/5.4.1/../../../../arm-none-eabi/lib/armv7-m\libg_nano.a(lib_a-errno.o)
 .bss           0x00000000        0x0 c:/program files (x86)/cypress/psoc creator/4.4/psoc creator/import/gnu/arm/5.4.1/bin/../lib/gcc/arm-none-eabi/5.4.1/../../../../arm-none-eabi/lib/armv7-m\libg_nano.a(lib_a-errno.o)
 .text          0x00000000        0x0 c:/program files (x86)/cypress/psoc creator/4.4/psoc creator/import/gnu/arm/5.4.1/bin/../lib/gcc/arm-none-eabi/5.4.1/../../../../arm-none-eabi/lib/armv7-m\libg_nano.a(lib_a-exit.o)
 .data          0x00000000        0x0 c:/program files (x86)/cypress/psoc creator/4.4/psoc creator/import/gnu/arm/5.4.1/bin/../lib/gcc/arm-none-eabi/5.4.1/../../../../arm-none-eabi/lib/armv7-m\libg_nano.a(lib_a-exit.o)
 .bss           0x00000000        0x0 c:/program files (x86)/cypress/psoc creator/4.4/psoc creator/import/gnu/arm/5.4.1/bin/../lib/gcc/arm-none-eabi/5.4.1/../../../../arm-none-eabi/lib/armv7-m\libg_nano.a(lib_a-exit.o)
 .text.exit     0x00000000       0x28 c:/program files (x86)/cypress/psoc creator/4.4/psoc creator/import/gnu/arm/5.4.1/bin/../lib/gcc/arm-none-eabi/5.4.1/../../../../arm-none-eabi/lib/armv7-m\libg_nano.a(lib_a-exit.o)
 .text          0x00000000        0x0 c:/program files (x86)/cypress/psoc creator/4.4/psoc creator/import/gnu/arm/5.4.1/bin/../lib/gcc/arm-none-eabi/5.4.1/../../../../arm-none-eabi/lib/armv7-m\libg_nano.a(lib_a-impure.o)
 .data          0x00000000        0x0 c:/program files (x86)/cypress/psoc creator/4.4/psoc creator/import/gnu/arm/5.4.1/bin/../lib/gcc/arm-none-eabi/5.4.1/../../../../arm-none-eabi/lib/armv7-m\libg_nano.a(lib_a-impure.o)
 .bss           0x00000000        0x0 c:/program files (x86)/cypress/psoc creator/4.4/psoc creator/import/gnu/arm/5.4.1/bin/../lib/gcc/arm-none-eabi/5.4.1/../../../../arm-none-eabi/lib/armv7-m\libg_nano.a(lib_a-impure.o)
 .rodata._global_impure_ptr
                0x00000000        0x4 c:/program files (x86)/cypress/psoc creator/4.4/psoc creator/import/gnu/arm/5.4.1/bin/../lib/gcc/arm-none-eabi/5.4.1/../../../../arm-none-eabi/lib/armv7-m\libg_nano.a(lib_a-impure.o)
 .text          0x00000000        0x0 c:/program files (x86)/cypress/psoc creator/4.4/psoc creator/import/gnu/arm/5.4.1/bin/../lib/gcc/arm-none-eabi/5.4.1/../../../../arm-none-eabi/lib/armv7-m\libg_nano.a(lib_a-init.o)
 .data          0x00000000        0x0 c:/program files (x86)/cypress/psoc creator/4.4/psoc creator/import/gnu/arm/5.4.1/bin/../lib/gcc/arm-none-eabi/5.4.1/../../../../arm-none-eabi/lib/armv7-m\libg_nano.a(lib_a-init.o)
 .bss           0x00000000        0x0 c:/program files (x86)/cypress/psoc creator/4.4/psoc creator/import/gnu/arm/5.4.1/bin/../lib/gcc/arm-none-eabi/5.4.1/../../../../arm-none-eabi/lib/armv7-m\libg_nano.a(lib_a-init.o)
 .text          0x00000000        0x0 c:/program files (x86)/cypress/psoc creator/4.4/psoc creator/import/gnu/arm/5.4.1/bin/../lib/gcc/arm-none-eabi/5.4.1/../../../../arm-none-eabi/lib/armv7-m\libg_nano.a(lib_a-memcpy-stub.o)
 .data          0x00000000        0x0 c:/program files (x86)/cypress/psoc creator/4.4/psoc creator/import/gnu/arm/5.4.1/bin/../lib/gcc/arm-none-eabi/5.4.1/../../../../arm-none-eabi/lib/armv7-m\libg_nano.a(lib_a-memcpy-stub.o)
 .bss           0x00000000        0x0 c:/program files (x86)/cypress/psoc creator/4.4/psoc creator/import/gnu/arm/5.4.1/bin/../lib/gcc/arm-none-eabi/5.4.1/../../../../arm-none-eabi/lib/armv7-m\libg_nano.a(lib_a-memcpy-stub.o)
 .text          0x00000000        0x0 c:/program files (x86)/cypress/psoc creator/4.4/psoc creator/import/gnu/arm/5.4.1/bin/../lib/gcc/arm-none-eabi/5.4.1/../../../../arm-none-eabi/lib/armv7-m\libg_nano.a(lib_a-memset.o)
 .data          0x00000000        0x0 c:/program files (x86)/cypress/psoc creator/4.4/psoc creator/import/gnu/arm/5.4.1/bin/../lib/gcc/arm-none-eabi/5.4.1/../../../../arm-none-eabi/lib/armv7-m\libg_nano.a(lib_a-memset.o)
 .bss           0x00000000        0x0 c:/program files (x86)/cypress/psoc creator/4.4/psoc creator/import/gnu/arm/5.4.1/bin/../lib/gcc/arm-none-eabi/5.4.1/../../../../arm-none-eabi/lib/armv7-m\libg_nano.a(lib_a-memset.o)
 .text          0x00000000        0x0 c:/program files (x86)/cypress/psoc creator/4.4/psoc creator/import/gnu/arm/5.4.1/bin/../lib/gcc/arm-none-eabi/5.4.1/armv7-m/crtend.o
 .data          0x00000000        0x0 c:/program files (x86)/cypress/psoc creator/4.4/psoc creator/import/gnu/arm/5.4.1/bin/../lib/gcc/arm-none-eabi/5.4.1/armv7-m/crtend.o
 .bss           0x00000000        0x0 c:/program files (x86)/cypress/psoc creator/4.4/psoc creator/import/gnu/arm/5.4.1/bin/../lib/gcc/arm-none-eabi/5.4.1/armv7-m/crtend.o
 .text          0x00000000        0x0 c:/program files (x86)/cypress/psoc creator/4.4/psoc creator/import/gnu/arm/5.4.1/bin/../lib/gcc/arm-none-eabi/5.4.1/armv7-m/crtn.o
 .data          0x00000000        0x0 c:/program files (x86)/cypress/psoc creator/4.4/psoc creator/import/gnu/arm/5.4.1/bin/../lib/gcc/arm-none-eabi/5.4.1/armv7-m/crtn.o
 .bss           0x00000000        0x0 c:/program files (x86)/cypress/psoc creator/4.4/psoc creator/import/gnu/arm/5.4.1/bin/../lib/gcc/arm-none-eabi/5.4.1/armv7-m/crtn.o

Memory Configuration

Name             Origin             Length             Attributes
rom              0x00000000         0x00040000         xr
ram              0x1fff8000         0x00010000         xrw
*default*        0x00000000         0xffffffff

Linker script and memory map

LOAD c:/program files (x86)/cypress/psoc creator/4.4/psoc creator/import/gnu/arm/5.4.1/bin/../lib/gcc/arm-none-eabi/5.4.1/armv7-m/crti.o
LOAD c:/program files (x86)/cypress/psoc creator/4.4/psoc creator/import/gnu/arm/5.4.1/bin/../lib/gcc/arm-none-eabi/5.4.1/armv7-m/crtbegin.o
LOAD c:/program files (x86)/cypress/psoc creator/4.4/psoc creator/import/gnu/arm/5.4.1/bin/../lib/gcc/arm-none-eabi/5.4.1/../../../../arm-none-eabi/lib/armv7-m/crt0.o
START GROUP
LOAD .\CortexM3\ARM_GCC_541\Debug\main.o
LOAD .\CortexM3\ARM_GCC_541\Debug\cyfitter_cfg.o
LOAD .\CortexM3\ARM_GCC_541\Debug\cymetadata.o
LOAD .\CortexM3\ARM_GCC_541\Debug\Cm3Start.o
LOAD .\CortexM3\ARM_GCC_541\Debug\motion_control.a
LOAD C:\Program Files (x86)\Cypress\PSoC Creator\4.4\PSoC Creator\psoc\content\cycomponentlibrary\CyComponentLibrary.cylib\CortexM3\ARM_GCC_541\Debug\CyComponentLibrary.a
END GROUP
START GROUP
LOAD c:/program files (x86)/cypress/psoc creator/4.4/psoc creator/import/gnu/arm/5.4.1/bin/../lib/gcc/arm-none-eabi/5.4.1/armv7-m\libgcc.a
LOAD c:/program files (x86)/cypress/psoc creator/4.4/psoc creator/import/gnu/arm/5.4.1/bin/../lib/gcc/arm-none-eabi/5.4.1/../../../../arm-none-eabi/lib/armv7-m\libg_nano.a
LOAD c:/program files (x86)/cypress/psoc creator/4.4/psoc creator/import/gnu/arm/5.4.1/bin/../lib/gcc/arm-none-eabi/5.4.1/../../../../arm-none-eabi/lib/armv7-m\libc_nano.a
END GROUP
START GROUP
LOAD c:/program files (x86)/cypress/psoc creator/4.4/psoc creator/import/gnu/arm/5.4.1/bin/../lib/gcc/arm-none-eabi/5.4.1/armv7-m\libgcc.a
LOAD c:/program files (x86)/cypress/psoc creator/4.4/psoc creator/import/gnu/arm/5.4.1/bin/../lib/gcc/arm-none-eabi/5.4.1/../../../../arm-none-eabi/lib/armv7-m\libc_nano.a
END GROUP
LOAD c:/program files (x86)/cypress/psoc creator/4.4/psoc creator/import/gnu/arm/5.4.1/bin/../lib/gcc/arm-none-eabi/5.4.1/armv7-m/crtend.o
LOAD c:/program files (x86)/cypress/psoc creator/4.4/psoc creator/import/gnu/arm/5.4.1/bin/../lib/gcc/arm-none-eabi/5.4.1/armv7-m/crtn.o
START GROUP
LOAD c:/program files (x86)/cypress/psoc creator/4.4/psoc creator/import/gnu/arm/5.4.1/bin/../lib/gcc/arm-none-eabi/5.4.1/armv7-m\libgcc.a
LOAD c:/program files (x86)/cypress/psoc creator/4.4/psoc creator/import/gnu/arm/5.4.1/bin/../lib/gcc/arm-none-eabi/5.4.1/../../../../arm-none-eabi/lib/armv7-m\libc.a
LOAD c:/program files (x86)/cypress/psoc creator/4.4/psoc creator/import/gnu/arm/5.4.1/bin/../lib/gcc/arm-none-eabi/5.4.1/../../../../arm-none-eabi/lib/armv7-m\libnosys.a
END GROUP
                0x00000000                CY_APPL_ORIGIN = 0x0
                0x00000100                CY_FLASH_ROW_SIZE = 0x100
                0x00000020                CY_ECC_ROW_SIZE = 0x20
                0x00000000                CY_EE_IN_BTLDR = 0x0
                0x00000000                CY_APPL_LOADABLE = 0x0
                0x00000800                CY_EE_SIZE = 0x800
                0x00000001                CY_APPL_NUM = 0x1
                0x00000001                CY_APPL_MAX = 0x1
                0x00000040                CY_METADATA_SIZE = 0x40
                0x00000000                CY_APPL_LOADABLE = 0x0
                0x00000000                CY_CHECKSUM_EXCLUDE_SIZE = ALIGN (0x0, CY_FLASH_ROW_SIZE)
                [!provide]                PROVIDE (__cy_heap_start, _end)
                0x00000001                PROVIDE (__cy_region_num, ((__cy_regions_end - __cy_regions) / 0x10))
                0x20008000                PROVIDE (__cy_stack, (ORIGIN (ram) + LENGTH (ram)))
                [!provide]                PROVIDE (__cy_heap_end, (__cy_stack - 0x800))

.cybootloader   0x00000000        0x0
 *(.cybootloader)
                0x00000000                appl1_start = CY_APPL_ORIGIN?CY_APPL_ORIGIN:ALIGN (CY_FLASH_ROW_SIZE)
                0x0001ff00                appl2_start = (appl1_start + ALIGN ((((LENGTH (rom) - appl1_start) - (0x2 * CY_FLASH_ROW_SIZE)) / 0x2), CY_FLASH_ROW_SIZE))
                0x00000000                appl_start = (CY_APPL_NUM == 0x1)?appl1_start:appl2_start
                0x00000000                ecc_offset = ((appl_start / CY_FLASH_ROW_SIZE) * CY_ECC_ROW_SIZE)
                0x00000000                ee_offset = (CY_APPL_LOADABLE && ! (CY_EE_IN_BTLDR))?((CY_EE_SIZE / CY_APPL_MAX) * (CY_APPL_NUM - 0x1)):0x0
                0x00000800                ee_size = (CY_APPL_LOADABLE && ! (CY_EE_IN_BTLDR))?(CY_EE_SIZE / CY_APPL_MAX):CY_EE_SIZE
                [!provide]                PROVIDE (CY_ECC_OFFSET, ecc_offset)

.text           0x00000000      0xd4e
 CREATE_OBJECT_SYMBOLS
                0x00000000                PROVIDE (__cy_interrupt_vector, RomVectors)
 *(.romvectors)
 .romvectors    0x00000000       0x10 .\CortexM3\ARM_GCC_541\Debug\Cm3Start.o
                0x00000000                RomVectors
                0x00000001                ASSERT ((. != __cy_interrupt_vector), No interrupt vector)
                0x00000001                ASSERT (CY_APPL_ORIGIN?(SIZEOF (.cybootloader) <= CY_APPL_ORIGIN):0x1, Wrong image location)
                0x00000010                PROVIDE (__cy_reset, Reset)
 *(.text.Reset)
 .text.Reset    0x00000010       0x18 .\CortexM3\ARM_GCC_541\Debug\Cm3Start.o
                0x00000010                Reset
                0x00000001                ASSERT ((. != __cy_reset), No reset code)
 *(.dma_init)
                0x00000001                ASSERT ((((appl_start + .) <= 0x10000) || 0x1), DMA Init must be within the first 64k of flash)
 *(.text .text.* .gnu.linkonce.t.*)
 .text          0x00000028       0x5c c:/program files (x86)/cypress/psoc creator/4.4/psoc creator/import/gnu/arm/5.4.1/bin/../lib/gcc/arm-none-eabi/5.4.1/armv7-m/crtbegin.o
 .text.main     0x00000084       0xa4 .\CortexM3\ARM_GCC_541\Debug\main.o
                0x00000084                main
 .text.CyClockStartupError
                0x00000128        0x4 .\CortexM3\ARM_GCC_541\Debug\cyfitter_cfg.o
 .text.cfg_write_bytes32
                0x0000012c       0x34 .\CortexM3\ARM_GCC_541\Debug\cyfitter_cfg.o
 .text.AnalogSetDefault
                0x00000160       0x28 .\CortexM3\ARM_GCC_541\Debug\cyfitter_cfg.o
 .text.CYMEMZERO
                0x00000188        0xc .\CortexM3\ARM_GCC_541\Debug\cyfitter_cfg.o
 .text.ClockSetup
                0x00000194       0xc8 .\CortexM3\ARM_GCC_541\Debug\cyfitter_cfg.o
 .text.CYCONFIGCPY
                0x0000025c        0x8 .\CortexM3\ARM_GCC_541\Debug\cyfitter_cfg.o
 .text.cyfitter_cfg
                0x00000264       0xfc .\CortexM3\ARM_GCC_541\Debug\cyfitter_cfg.o
                0x00000264                cyfitter_cfg
 .text.IntDefaultHandler
                0x00000360       0x10 .\CortexM3\ARM_GCC_541\Debug\Cm3Start.o
                0x00000360                IntDefaultHandler
 .text.Start_c  0x00000370       0x4c .\CortexM3\ARM_GCC_541\Debug\Cm3Start.o
                0x00000370                Start_c
 .text.initialize_psoc
                0x000003bc       0x68 .\CortexM3\ARM_GCC_541\Debug\Cm3Start.o
                0x000003bc                initialize_psoc
 .text.lcd_char_1_WrCntrlNib
                0x00000424       0x34 .\CortexM3\ARM_GCC_541\Debug\motion_control.a(lcd_char_1.o)
 .text.lcd_char_1_IsReady
                0x00000458       0xe4 .\CortexM3\ARM_GCC_541\Debug\motion_control.a(lcd_char_1.o)
                0x00000458                lcd_char_1_IsReady
 .text.lcd_char_1_WriteControl
                0x0000053c       0x18 .\CortexM3\ARM_GCC_541\Debug\motion_control.a(lcd_char_1.o)
                0x0000053c                lcd_char_1_WriteControl
 .text.lcd_char_1_Init
                0x00000554       0x6c .\CortexM3\ARM_GCC_541\Debug\motion_control.a(lcd_char_1.o)
                0x00000554                lcd_char_1_Init
 .text.lcd_char_1_Enable
                0x000005c0       0x14 .\CortexM3\ARM_GCC_541\Debug\motion_control.a(lcd_char_1.o)
                0x000005c0                lcd_char_1_Enable
 .text.lcd_char_1_Start
                0x000005d4       0x1c .\CortexM3\ARM_GCC_541\Debug\motion_control.a(lcd_char_1.o)
                0x000005d4                lcd_char_1_Start
 .text.CyHalt   0x000005f0        0x4 .\CortexM3\ARM_GCC_541\Debug\motion_control.a(CyLib.o)
                0x000005f0                CyHalt
 .text.CyDelay  0x000005f4       0x2c .\CortexM3\ARM_GCC_541\Debug\motion_control.a(CyLib.o)
                0x000005f4                CyDelay
 .text.CyDelayUs
                0x00000620       0x14 .\CortexM3\ARM_GCC_541\Debug\motion_control.a(CyLib.o)
                0x00000620                CyDelayUs
 .text.CyIntSetVector
                0x00000634       0x28 .\CortexM3\ARM_GCC_541\Debug\motion_control.a(CyLib.o)
                0x00000634                CyIntSetVector
 .text.CyIntSetPriority
                0x0000065c       0x30 .\CortexM3\ARM_GCC_541\Debug\motion_control.a(CyLib.o)
                0x0000065c                CyIntSetPriority
 .text.quaddec_1_Init
                0x0000068c       0x24 .\CortexM3\ARM_GCC_541\Debug\motion_control.a(quaddec_1.o)
                0x0000068c                quaddec_1_Init
 .text.quaddec_1_GetCounter
                0x000006b0       0x2c .\CortexM3\ARM_GCC_541\Debug\motion_control.a(quaddec_1.o)
                0x000006b0                quaddec_1_GetCounter
 .text.quaddec_1_SetCounter
                0x000006dc       0x28 .\CortexM3\ARM_GCC_541\Debug\motion_control.a(quaddec_1.o)
                0x000006dc                quaddec_1_SetCounter
 .text.quaddec_1_GetEvents
                0x00000704       0x10 .\CortexM3\ARM_GCC_541\Debug\motion_control.a(quaddec_1.o)
                0x00000704                quaddec_1_GetEvents
 .text.quaddec_1_SetInterruptMask
                0x00000714       0x10 .\CortexM3\ARM_GCC_541\Debug\motion_control.a(quaddec_1.o)
                0x00000714                quaddec_1_SetInterruptMask
 .text.quaddec_1_Enable
                0x00000724       0x30 .\CortexM3\ARM_GCC_541\Debug\motion_control.a(quaddec_1.o)
                0x00000724                quaddec_1_Enable
 .text.quaddec_1_Start
                0x00000754       0x34 .\CortexM3\ARM_GCC_541\Debug\motion_control.a(quaddec_1.o)
                0x00000754                quaddec_1_Start
 .text.quaddec_1_ISR
                0x00000788       0x40 .\CortexM3\ARM_GCC_541\Debug\motion_control.a(quaddec_1_INT.o)
                0x00000788                quaddec_1_ISR
 .text.quaddec_1_Cnt16_Enable
                0x000007c8       0x10 .\CortexM3\ARM_GCC_541\Debug\motion_control.a(quaddec_1_Cnt16.o)
                0x000007c8                quaddec_1_Cnt16_Enable
 .text.quaddec_1_Cnt16_SetInterruptMode
                0x000007d8        0xc .\CortexM3\ARM_GCC_541\Debug\motion_control.a(quaddec_1_Cnt16.o)
                0x000007d8                quaddec_1_Cnt16_SetInterruptMode
 .text.quaddec_1_Cnt16_ReadStatusRegister
                0x000007e4        0xc .\CortexM3\ARM_GCC_541\Debug\motion_control.a(quaddec_1_Cnt16.o)
                0x000007e4                quaddec_1_Cnt16_ReadStatusRegister
 .text.quaddec_1_Cnt16_WriteCounter
                0x000007f0        0xc .\CortexM3\ARM_GCC_541\Debug\motion_control.a(quaddec_1_Cnt16.o)
                0x000007f0                quaddec_1_Cnt16_WriteCounter
 .text.quaddec_1_Cnt16_ReadCounter
                0x000007fc       0x14 .\CortexM3\ARM_GCC_541\Debug\motion_control.a(quaddec_1_Cnt16.o)
                0x000007fc                quaddec_1_Cnt16_ReadCounter
 .text.quaddec_1_Cnt16_ReadCapture
                0x00000810        0xc .\CortexM3\ARM_GCC_541\Debug\motion_control.a(quaddec_1_Cnt16.o)
                0x00000810                quaddec_1_Cnt16_ReadCapture
 .text.quaddec_1_Cnt16_WritePeriod
                0x0000081c        0xc .\CortexM3\ARM_GCC_541\Debug\motion_control.a(quaddec_1_Cnt16.o)
                0x0000081c                quaddec_1_Cnt16_WritePeriod
 .text.quaddec_1_Cnt16_WriteCompare
                0x00000828        0xc .\CortexM3\ARM_GCC_541\Debug\motion_control.a(quaddec_1_Cnt16.o)
                0x00000828                quaddec_1_Cnt16_WriteCompare
 .text.quaddec_1_Cnt16_ClearFIFO
                0x00000834       0x14 .\CortexM3\ARM_GCC_541\Debug\motion_control.a(quaddec_1_Cnt16.o)
                0x00000834                quaddec_1_Cnt16_ClearFIFO
 .text.quaddec_1_Cnt16_Init
                0x00000848       0x58 .\CortexM3\ARM_GCC_541\Debug\motion_control.a(quaddec_1_Cnt16.o)
                0x00000848                quaddec_1_Cnt16_Init
 .text.quaddec_1_Cnt16_Start
                0x000008a0       0x1c .\CortexM3\ARM_GCC_541\Debug\motion_control.a(quaddec_1_Cnt16.o)
                0x000008a0                quaddec_1_Cnt16_Start
 .text.pwm_1_Enable
                0x000008bc       0x10 .\CortexM3\ARM_GCC_541\Debug\motion_control.a(pwm_1.o)
                0x000008bc                pwm_1_Enable
 .text.pwm_1_WriteCounter
                0x000008cc        0xc .\CortexM3\ARM_GCC_541\Debug\motion_control.a(pwm_1.o)
                0x000008cc                pwm_1_WriteCounter
 .text.pwm_1_WritePeriod
                0x000008d8        0xc .\CortexM3\ARM_GCC_541\Debug\motion_control.a(pwm_1.o)
                0x000008d8                pwm_1_WritePeriod
 .text.pwm_1_WriteCompare1
                0x000008e4        0xc .\CortexM3\ARM_GCC_541\Debug\motion_control.a(pwm_1.o)
                0x000008e4                pwm_1_WriteCompare1
 .text.pwm_1_WriteCompare2
                0x000008f0        0xc .\CortexM3\ARM_GCC_541\Debug\motion_control.a(pwm_1.o)
                0x000008f0                pwm_1_WriteCompare2
 .text.pwm_1_SetInterruptMode
                0x000008fc        0xc .\CortexM3\ARM_GCC_541\Debug\motion_control.a(pwm_1.o)
                0x000008fc                pwm_1_SetInterruptMode
 .text.pwm_1_ReadStatusRegister
                0x00000908        0xc .\CortexM3\ARM_GCC_541\Debug\motion_control.a(pwm_1.o)
                0x00000908                pwm_1_ReadStatusRegister
 .text.pwm_1_ReadCapture
                0x00000914        0xc .\CortexM3\ARM_GCC_541\Debug\motion_control.a(pwm_1.o)
                0x00000914                pwm_1_ReadCapture
 .text.pwm_1_ClearFIFO
                0x00000920       0x14 .\CortexM3\ARM_GCC_541\Debug\motion_control.a(pwm_1.o)
                0x00000920                pwm_1_ClearFIFO
 .text.pwm_1_Init
                0x00000934       0x58 .\CortexM3\ARM_GCC_541\Debug\motion_control.a(pwm_1.o)
                0x00000934                pwm_1_Init
 .text.pwm_1_Start
                0x0000098c       0x1c .\CortexM3\ARM_GCC_541\Debug\motion_control.a(pwm_1.o)
                0x0000098c                pwm_1_Start
 .text          0x000009a8       0x20 .\CortexM3\ARM_GCC_541\Debug\motion_control.a(CyBootAsmGnu.o)
                0x000009a8                CyDelayCycles
                0x000009b8                CyEnterCriticalSection
                0x000009c0                CyExitCriticalSection
 .text          0x000009c8      0x21c c:/program files (x86)/cypress/psoc creator/4.4/psoc creator/import/gnu/arm/5.4.1/bin/../lib/gcc/arm-none-eabi/5.4.1/armv7-m\libgcc.a(_arm_addsubsf3.o)
                0x000009c8                __aeabi_frsub
                0x000009d0                __subsf3
                0x000009d0                __aeabi_fsub
                0x000009d4                __aeabi_fadd
                0x000009d4                __addsf3
                0x00000b34                __aeabi_ui2f
                0x00000b34                __floatunsisf
                0x00000b3c                __aeabi_i2f
                0x00000b3c                __floatsisf
                0x00000b58                __aeabi_ul2f
                0x00000b58                __floatundisf
                0x00000b68                __aeabi_l2f
                0x00000b68                __floatdisf
 .text          0x00000be4       0xec c:/program files (x86)/cypress/psoc creator/4.4/psoc creator/import/gnu/arm/5.4.1/bin/../lib/gcc/arm-none-eabi/5.4.1/armv7-m\libgcc.a(_arm_cmpsf2.o)
                0x00000be4                __gesf2
                0x00000be4                __gtsf2
                0x00000bec                __lesf2
                0x00000bec                __ltsf2
                0x00000bf4                __nesf2
                0x00000bf4                __eqsf2
                0x00000bf4                __cmpsf2
                0x00000c54                __aeabi_cfrcmple
                0x00000c5c                __aeabi_cfcmpeq
                0x00000c5c                __aeabi_cfcmple
                0x00000c6c                __aeabi_fcmpeq
                0x00000c80                __aeabi_fcmplt
                0x00000c94                __aeabi_fcmple
                0x00000ca8                __aeabi_fcmpge
                0x00000cbc                __aeabi_fcmpgt
 .text.__errno  0x00000cd0        0xc c:/program files (x86)/cypress/psoc creator/4.4/psoc creator/import/gnu/arm/5.4.1/bin/../lib/gcc/arm-none-eabi/5.4.1/../../../../arm-none-eabi/lib/armv7-m\libg_nano.a(lib_a-errno.o)
                0x00000cd0                __errno
 .text.__libc_init_array
                0x00000cdc       0x4c c:/program files (x86)/cypress/psoc creator/4.4/psoc creator/import/gnu/arm/5.4.1/bin/../lib/gcc/arm-none-eabi/5.4.1/../../../../arm-none-eabi/lib/armv7-m\libg_nano.a(lib_a-init.o)
                0x00000cdc                __libc_init_array
 .text.memcpy   0x00000d28       0x16 c:/program files (x86)/cypress/psoc creator/4.4/psoc creator/import/gnu/arm/5.4.1/bin/../lib/gcc/arm-none-eabi/5.4.1/../../../../arm-none-eabi/lib/armv7-m\libg_nano.a(lib_a-memcpy-stub.o)
                0x00000d28                memcpy
 .text.memset   0x00000d3e       0x10 c:/program files (x86)/cypress/psoc creator/4.4/psoc creator/import/gnu/arm/5.4.1/bin/../lib/gcc/arm-none-eabi/5.4.1/../../../../arm-none-eabi/lib/armv7-m\libg_nano.a(lib_a-memset.o)
                0x00000d3e                memset
 *(.plt)
 *(.gnu.warning)
 *(.glue_7t)
 .glue_7t       0x00000d4e        0x0 linker stubs
 *(.glue_7)
 .glue_7        0x00000d4e        0x0 linker stubs
 *(.vfp11_veneer)
 .vfp11_veneer  0x00000d4e        0x0 linker stubs
 *(.bootloader)
 *(.ARM.extab* .gnu.linkonce.armextab.*)
 *(.gcc_except_table)

.v4_bx          0x00000d50        0x0
 .v4_bx         0x00000d50        0x0 linker stubs

.iplt           0x00000d50        0x0
 .iplt          0x00000d50        0x0 c:/program files (x86)/cypress/psoc creator/4.4/psoc creator/import/gnu/arm/5.4.1/bin/../lib/gcc/arm-none-eabi/5.4.1/armv7-m/crtbegin.o

.eh_frame_hdr
 *(.eh_frame_hdr)

.eh_frame       0x00000d50        0x4
 *(.eh_frame)
 .eh_frame      0x00000d50        0x0 c:/program files (x86)/cypress/psoc creator/4.4/psoc creator/import/gnu/arm/5.4.1/bin/../lib/gcc/arm-none-eabi/5.4.1/armv7-m/crtbegin.o
 .eh_frame      0x00000d50        0x4 c:/program files (x86)/cypress/psoc creator/4.4/psoc creator/import/gnu/arm/5.4.1/bin/../lib/gcc/arm-none-eabi/5.4.1/armv7-m/crtend.o
                [!provide]                PROVIDE (__exidx_start, .)

.ARM.exidx
 *(.ARM.exidx* .gnu.linkonce.armexidx.*)
                0x00000d54                __exidx_end = .

.rodata         0x00000d54       0x6c
 *(.rodata .rodata.* .gnu.linkonce.r.*)
 .rodata        0x00000d54       0x30 .\CortexM3\ARM_GCC_541\Debug\cyfitter_cfg.o
 .rodata.str1.1
                0x00000d84        0x2 c:/program files (x86)/cypress/psoc creator/4.4/psoc creator/import/gnu/arm/5.4.1/bin/../lib/gcc/arm-none-eabi/5.4.1/../../../../arm-none-eabi/lib/armv7-m\libg_nano.a(lib_a-impure.o)
                0x00000d88                . = ALIGN (0x4)
 *fill*         0x00000d86        0x2 
 *(.init)
 .init          0x00000d88        0x4 c:/program files (x86)/cypress/psoc creator/4.4/psoc creator/import/gnu/arm/5.4.1/bin/../lib/gcc/arm-none-eabi/5.4.1/armv7-m/crti.o
                0x00000d88                _init
 .init          0x00000d8c        0x8 c:/program files (x86)/cypress/psoc creator/4.4/psoc creator/import/gnu/arm/5.4.1/bin/../lib/gcc/arm-none-eabi/5.4.1/armv7-m/crtn.o
                0x00000d94                . = ALIGN (0x4)
                0x00000d94                __preinit_array_start = .
 *(.preinit_array)
                0x00000d94                __preinit_array_end = .
                0x00000d94                . = ALIGN (0x4)
                0x00000d94                __init_array_start = .
 *(SORT(.init_array.*))
 *(.init_array)
 .init_array    0x00000d94        0x4 c:/program files (x86)/cypress/psoc creator/4.4/psoc creator/import/gnu/arm/5.4.1/bin/../lib/gcc/arm-none-eabi/5.4.1/armv7-m/crtbegin.o
 .init_array    0x00000d98        0x4 .\CortexM3\ARM_GCC_541\Debug\Cm3Start.o
                0x00000d9c                __init_array_end = .
                0x00000d9c                . = ALIGN (0x4)
 *(.fini)
 .fini          0x00000d9c        0x4 c:/program files (x86)/cypress/psoc creator/4.4/psoc creator/import/gnu/arm/5.4.1/bin/../lib/gcc/arm-none-eabi/5.4.1/armv7-m/crti.o
                0x00000d9c                _fini
 .fini          0x00000da0        0x8 c:/program files (x86)/cypress/psoc creator/4.4/psoc creator/import/gnu/arm/5.4.1/bin/../lib/gcc/arm-none-eabi/5.4.1/armv7-m/crtn.o
                0x00000da8                . = ALIGN (0x4)
                0x00000da8                __fini_array_start = .
 *(.fini_array)
 .fini_array    0x00000da8        0x4 c:/program files (x86)/cypress/psoc creator/4.4/psoc creator/import/gnu/arm/5.4.1/bin/../lib/gcc/arm-none-eabi/5.4.1/armv7-m/crtbegin.o
 *(SORT(.fini_array.*))
                0x00000dac                __fini_array_end = .
                0x00000dac                . = ALIGN (0x4)
 *crtbegin.o(.ctors)
 *(EXCLUDE_FILE(*crtend.o) .ctors)
 *(SORT(.ctors.*))
 *crtend.o(.ctors)
                0x00000dac                . = ALIGN (0x4)
 *crtbegin.o(.dtors)
 *(EXCLUDE_FILE(*crtend.o) .dtors)
 *(SORT(.dtors.*))
 *crtend.o(.dtors)
                0x00000dac                . = ALIGN (0x4)
                0x00000dac                __cy_regions = .
                0x00000dac        0x4 LONG 0xdc0 __cy_region_init_ram
                0x00000db0        0x4 LONG 0x1fff80c8 __cy_region_start_data
                0x00000db4        0x4 LONG 0x78 __cy_region_init_size_ram
                0x00000db8        0x4 LONG 0x28 __cy_region_zero_size_ram
                0x00000dbc                __cy_regions_end = .
                0x00000dc0                . = ALIGN (0x8)
 *fill*         0x00000dbc        0x4 
                0x00000dc0                _etext = .

.cy_checksum_exclude
                0x00000dc0        0x0
 *(.cy_checksum_exclude)

.ramvectors     0x1fff8000       0xc0
                0x1fff8000                __cy_region_start_ram = .
 *(.ramvectors)
 .ramvectors    0x1fff8000       0xc0 .\CortexM3\ARM_GCC_541\Debug\Cm3Start.o
                0x1fff8000                CyRamVectors

.noinit         0x1fff80c0        0x1
 *(.noinit)
 .noinit        0x1fff80c0        0x1 .\CortexM3\ARM_GCC_541\Debug\motion_control.a(CyLib.o)
                0x1fff80c0                CyResetStatus

.data           0x1fff80c8       0x78 load address 0x00000dc0
                0x1fff80c8                __cy_region_start_data = .
 *(.jcr)
 .jcr           0x1fff80c8        0x0 c:/program files (x86)/cypress/psoc creator/4.4/psoc creator/import/gnu/arm/5.4.1/bin/../lib/gcc/arm-none-eabi/5.4.1/armv7-m/crtbegin.o
 .jcr           0x1fff80c8        0x4 c:/program files (x86)/cypress/psoc creator/4.4/psoc creator/import/gnu/arm/5.4.1/bin/../lib/gcc/arm-none-eabi/5.4.1/armv7-m/crtend.o
 *(.got.plt)
 *(.got)
 *(.shdata)
 *(.data .data.* .gnu.linkonce.d.*)
 .data          0x1fff80cc       0x10 .\CortexM3\ARM_GCC_541\Debug\motion_control.a(CyLib.o)
                0x1fff80cc                cydelay_32k_ms
                0x1fff80d0                cydelay_freq_khz
                0x1fff80d4                cydelay_freq_mhz
                0x1fff80d8                cydelay_freq_hz
 .data.impure_data
                0x1fff80dc       0x60 c:/program files (x86)/cypress/psoc creator/4.4/psoc creator/import/gnu/arm/5.4.1/bin/../lib/gcc/arm-none-eabi/5.4.1/../../../../arm-none-eabi/lib/armv7-m\libg_nano.a(lib_a-impure.o)
 .data._impure_ptr
                0x1fff813c        0x4 c:/program files (x86)/cypress/psoc creator/4.4/psoc creator/import/gnu/arm/5.4.1/bin/../lib/gcc/arm-none-eabi/5.4.1/../../../../arm-none-eabi/lib/armv7-m\libg_nano.a(lib_a-impure.o)
                0x1fff813c                _impure_ptr
                0x1fff8140                . = ALIGN (0x8)
 *(.ram)
                0x1fff8140                _edata = .

.igot.plt       0x1fff8140        0x0 load address 0x00000e38
 .igot.plt      0x1fff8140        0x0 c:/program files (x86)/cypress/psoc creator/4.4/psoc creator/import/gnu/arm/5.4.1/bin/../lib/gcc/arm-none-eabi/5.4.1/armv7-m/crtbegin.o

.bss            0x1fff8140       0x28 load address 0x00000e38
                0x1fff8140                PROVIDE (__bss_start__, .)
 *(.shbss)
 *(.bss .bss.* .gnu.linkonce.b.*)
 .bss           0x1fff8140       0x1c c:/program files (x86)/cypress/psoc creator/4.4/psoc creator/import/gnu/arm/5.4.1/bin/../lib/gcc/arm-none-eabi/5.4.1/armv7-m/crtbegin.o
 .bss           0x1fff815c        0x2 .\CortexM3\ARM_GCC_541\Debug\motion_control.a(lcd_char_1.o)
                0x1fff815c                lcd_char_1_enableState
                0x1fff815d                lcd_char_1_initVar
 .bss           0x1fff815e        0x1 .\CortexM3\ARM_GCC_541\Debug\motion_control.a(quaddec_1.o)
                0x1fff815e                quaddec_1_initVar
 *fill*         0x1fff815f        0x1 
 .bss           0x1fff8160        0x4 .\CortexM3\ARM_GCC_541\Debug\motion_control.a(quaddec_1_INT.o)
                0x1fff8160                quaddec_1_count32SoftPart
 .bss           0x1fff8164        0x1 .\CortexM3\ARM_GCC_541\Debug\motion_control.a(quaddec_1_Cnt16.o)
                0x1fff8164                quaddec_1_Cnt16_initVar
 .bss           0x1fff8165        0x1 .\CortexM3\ARM_GCC_541\Debug\motion_control.a(pwm_1.o)
                0x1fff8165                pwm_1_initVar
 *(COMMON)
                0x1fff8168                . = ALIGN (0x8)
 *fill*         0x1fff8166        0x2 
 *(.ram.b)
                0x1fff8168                _end = .
                0x1fff8168                __end = .
                0x1fff8168                PROVIDE (end, .)
                0x1fff8168                PROVIDE (__bss_end__, .)
                0x00000dc0                __cy_region_init_ram = LOADADDR (.data)
                0x00000078                __cy_region_init_size_ram = (_edata - ADDR (.data))
                0x00000028                __cy_region_zero_size_ram = (_end - _edata)

.heap           0x1fff8168       0x80 load address 0x00000e38
                0x1fff8168                . = _end
                0x1fff81e8                . = (. + 0x80)
 *fill*         0x1fff8168       0x80 
                0x1fff81e8                __cy_heap_limit = .

.stack          0x20007800      0x800
                0x20007800                __cy_stack_limit = .
                0x20008000                . = (. + 0x800)
 *fill*         0x20007800      0x800 
                0x00000001                ASSERT ((__cy_stack_limit >= __cy_heap_limit), region RAM overflowed with stack)
                0x00000000                cy_checksum_exclude_size = (CY_APPL_LOADABLE == 0x1)?SIZEOF (.cy_checksum_exclude):0x0
                0x00000001                ASSERT ((cy_checksum_exclude_size <= CY_CHECKSUM_EXCLUDE_SIZE), CY_BOOT: Section .cy_checksum_exclude size exceedes specified limit.)

.cyloadermeta
 *(.cyloadermeta)

.cyloadablemeta
 *(.cyloadablemeta)

.cyconfigecc    0x80000000      0x470
 *(.cyconfigecc)
 .cyconfigecc   0x80000000      0x470 .\CortexM3\ARM_GCC_541\Debug\cymetadata.o
                0x80000000                cy_meta_configecc

.cycustnvl      0x90000000        0x4
 *(.cycustnvl)
 .cycustnvl     0x90000000        0x4 .\CortexM3\ARM_GCC_541\Debug\cymetadata.o
                0x90000000                cy_meta_custnvl

.cywolatch      0x90100000        0x4
 *(.cywolatch)
 .cywolatch     0x90100000        0x4 .\CortexM3\ARM_GCC_541\Debug\cymetadata.o
                0x90100000                cy_meta_wonvl

.cyeeprom       0x90200000        0x0
 *(.cyeeprom)
                0x00000001                ASSERT ((. <= ((0x90200000 + ee_offset) + ee_size)), .cyeeprom data will not fit in EEPROM)

.cyflashprotect
                0x90400000      0x100
 *(.cyflashprotect)
 .cyflashprotect
                0x90400000      0x100 .\CortexM3\ARM_GCC_541\Debug\cymetadata.o
                0x90400000                cy_meta_flashprotect

.cymeta         0x90500000        0xc
 *(.cymeta)
 .cymeta        0x90500000        0xc .\CortexM3\ARM_GCC_541\Debug\cymetadata.o
                0x90500000                cy_metadata

.rel.dyn        0x00000e38        0x0 load address 0x9050000c
 .rel.iplt      0x00000e38        0x0 c:/program files (x86)/cypress/psoc creator/4.4/psoc creator/import/gnu/arm/5.4.1/bin/../lib/gcc/arm-none-eabi/5.4.1/armv7-m/crtbegin.o

.stab
 *(.stab)

.stabstr
 *(.stabstr)

.debug
 *(.debug)

.line
 *(.line)

.debug_srcinfo
 *(.debug_srcinfo)

.debug_sfnames
 *(.debug_sfnames)

.debug_aranges  0x00000000      0x790
 *(.debug_aranges)
 .debug_aranges
                0x00000000       0x20 .\CortexM3\ARM_GCC_541\Debug\main.o
 .debug_aranges
                0x00000020       0x58 .\CortexM3\ARM_GCC_541\Debug\cyfitter_cfg.o
 .debug_aranges
                0x00000078       0x18 .\CortexM3\ARM_GCC_541\Debug\cymetadata.o
 .debug_aranges
                0x00000090       0x48 .\CortexM3\ARM_GCC_541\Debug\Cm3Start.o
 .debug_aranges
                0x000000d8       0x98 .\CortexM3\ARM_GCC_541\Debug\motion_control.a(lcd_char_1.o)
 .debug_aranges
                0x00000170      0x2a0 .\CortexM3\ARM_GCC_541\Debug\motion_control.a(CyLib.o)
 .debug_aranges
                0x00000410       0x98 .\CortexM3\ARM_GCC_541\Debug\motion_control.a(cyPm.o)
 .debug_aranges
                0x000004a8       0x60 .\CortexM3\ARM_GCC_541\Debug\motion_control.a(quaddec_1.o)
 .debug_aranges
                0x00000508       0x20 .\CortexM3\ARM_GCC_541\Debug\motion_control.a(quaddec_1_INT.o)
 .debug_aranges
                0x00000528       0x98 .\CortexM3\ARM_GCC_541\Debug\motion_control.a(quaddec_1_Cnt16.o)
 .debug_aranges
                0x000005c0       0xa8 .\CortexM3\ARM_GCC_541\Debug\motion_control.a(pwm_1.o)
 .debug_aranges
                0x00000668       0x20 .\CortexM3\ARM_GCC_541\Debug\motion_control.a(CyBootAsmGnu.o)
 .debug_aranges
                0x00000688       0x88 .\CortexM3\ARM_GCC_541\Debug\motion_control.a(CyFlash.o)
 .debug_aranges
                0x00000710       0x80 .\CortexM3\ARM_GCC_541\Debug\motion_control.a(CySpc.o)

.debug_pubnames
 *(.debug_pubnames)

.debug_info     0x00000000     0x4876
 *(.debug_info .gnu.linkonce.wi.*)
 .debug_info    0x00000000      0x2b6 .\CortexM3\ARM_GCC_541\Debug\main.o
 .debug_info    0x000002b6      0x4da .\CortexM3\ARM_GCC_541\Debug\cyfitter_cfg.o
 .debug_info    0x00000790      0x136 .\CortexM3\ARM_GCC_541\Debug\cymetadata.o
 .debug_info    0x000008c6      0x3bb .\CortexM3\ARM_GCC_541\Debug\Cm3Start.o
 .debug_info    0x00000c81      0x715 .\CortexM3\ARM_GCC_541\Debug\motion_control.a(lcd_char_1.o)
 .debug_info    0x00001396     0x1374 .\CortexM3\ARM_GCC_541\Debug\motion_control.a(CyLib.o)
 .debug_info    0x0000270a      0xa2a .\CortexM3\ARM_GCC_541\Debug\motion_control.a(cyPm.o)
 .debug_info    0x00003134      0x357 .\CortexM3\ARM_GCC_541\Debug\motion_control.a(quaddec_1.o)
 .debug_info    0x0000348b       0xf3 .\CortexM3\ARM_GCC_541\Debug\motion_control.a(quaddec_1_INT.o)
 .debug_info    0x0000357e      0x348 .\CortexM3\ARM_GCC_541\Debug\motion_control.a(quaddec_1_Cnt16.o)
 .debug_info    0x000038c6      0x383 .\CortexM3\ARM_GCC_541\Debug\motion_control.a(pwm_1.o)
 .debug_info    0x00003c49       0x90 .\CortexM3\ARM_GCC_541\Debug\motion_control.a(CyBootAsmGnu.o)
 .debug_info    0x00003cd9      0x64d .\CortexM3\ARM_GCC_541\Debug\motion_control.a(CyFlash.o)
 .debug_info    0x00004326      0x550 .\CortexM3\ARM_GCC_541\Debug\motion_control.a(CySpc.o)

.debug_abbrev   0x00000000     0x11b8
 *(.debug_abbrev)
 .debug_abbrev  0x00000000       0xcc .\CortexM3\ARM_GCC_541\Debug\main.o
 .debug_abbrev  0x000000cc      0x1fe .\CortexM3\ARM_GCC_541\Debug\cyfitter_cfg.o
 .debug_abbrev  0x000002ca       0x77 .\CortexM3\ARM_GCC_541\Debug\cymetadata.o
 .debug_abbrev  0x00000341      0x1e8 .\CortexM3\ARM_GCC_541\Debug\Cm3Start.o
 .debug_abbrev  0x00000529      0x157 .\CortexM3\ARM_GCC_541\Debug\motion_control.a(lcd_char_1.o)
 .debug_abbrev  0x00000680      0x254 .\CortexM3\ARM_GCC_541\Debug\motion_control.a(CyLib.o)
 .debug_abbrev  0x000008d4      0x1ab .\CortexM3\ARM_GCC_541\Debug\motion_control.a(cyPm.o)
 .debug_abbrev  0x00000a7f      0x128 .\CortexM3\ARM_GCC_541\Debug\motion_control.a(quaddec_1.o)
 .debug_abbrev  0x00000ba7       0x78 .\CortexM3\ARM_GCC_541\Debug\motion_control.a(quaddec_1_INT.o)
 .debug_abbrev  0x00000c1f      0x117 .\CortexM3\ARM_GCC_541\Debug\motion_control.a(quaddec_1_Cnt16.o)
 .debug_abbrev  0x00000d36      0x133 .\CortexM3\ARM_GCC_541\Debug\motion_control.a(pwm_1.o)
 .debug_abbrev  0x00000e69       0x14 .\CortexM3\ARM_GCC_541\Debug\motion_control.a(CyBootAsmGnu.o)
 .debug_abbrev  0x00000e7d      0x1a7 .\CortexM3\ARM_GCC_541\Debug\motion_control.a(CyFlash.o)
 .debug_abbrev  0x00001024      0x194 .\CortexM3\ARM_GCC_541\Debug\motion_control.a(CySpc.o)

.debug_line     0x00000000     0x1e1c
 *(.debug_line)
 .debug_line    0x00000000      0x1ac .\CortexM3\ARM_GCC_541\Debug\main.o
 .debug_line    0x000001ac      0x1da .\CortexM3\ARM_GCC_541\Debug\cyfitter_cfg.o
 .debug_line    0x00000386      0x141 .\CortexM3\ARM_GCC_541\Debug\cymetadata.o
 .debug_line    0x000004c7      0x234 .\CortexM3\ARM_GCC_541\Debug\Cm3Start.o
 .debug_line    0x000006fb      0x1e3 .\CortexM3\ARM_GCC_541\Debug\motion_control.a(lcd_char_1.o)
 .debug_line    0x000008de      0x816 .\CortexM3\ARM_GCC_541\Debug\motion_control.a(CyLib.o)
 .debug_line    0x000010f4      0x367 .\CortexM3\ARM_GCC_541\Debug\motion_control.a(cyPm.o)
 .debug_line    0x0000145b      0x13d .\CortexM3\ARM_GCC_541\Debug\motion_control.a(quaddec_1.o)
 .debug_line    0x00001598       0x6c .\CortexM3\ARM_GCC_541\Debug\motion_control.a(quaddec_1_INT.o)
 .debug_line    0x00001604      0x18f .\CortexM3\ARM_GCC_541\Debug\motion_control.a(quaddec_1_Cnt16.o)
 .debug_line    0x00001793      0x1a9 .\CortexM3\ARM_GCC_541\Debug\motion_control.a(pwm_1.o)
 .debug_line    0x0000193c       0x66 .\CortexM3\ARM_GCC_541\Debug\motion_control.a(CyBootAsmGnu.o)
 .debug_line    0x000019a2      0x21a .\CortexM3\ARM_GCC_541\Debug\motion_control.a(CyFlash.o)
 .debug_line    0x00001bbc      0x260 .\CortexM3\ARM_GCC_541\Debug\motion_control.a(CySpc.o)

.debug_frame    0x00000000     0x1448
 *(.debug_frame)
 .debug_frame   0x00000000       0x30 .\CortexM3\ARM_GCC_541\Debug\main.o
 .debug_frame   0x00000030       0xe4 .\CortexM3\ARM_GCC_541\Debug\cyfitter_cfg.o
 .debug_frame   0x00000114       0xb8 .\CortexM3\ARM_GCC_541\Debug\Cm3Start.o
 .debug_frame   0x000001cc      0x1e8 .\CortexM3\ARM_GCC_541\Debug\motion_control.a(lcd_char_1.o)
 .debug_frame   0x000003b4      0x738 .\CortexM3\ARM_GCC_541\Debug\motion_control.a(CyLib.o)
 .debug_frame   0x00000aec      0x1f8 .\CortexM3\ARM_GCC_541\Debug\motion_control.a(cyPm.o)
 .debug_frame   0x00000ce4       0xec .\CortexM3\ARM_GCC_541\Debug\motion_control.a(quaddec_1.o)
 .debug_frame   0x00000dd0       0x20 .\CortexM3\ARM_GCC_541\Debug\motion_control.a(quaddec_1_INT.o)
 .debug_frame   0x00000df0      0x134 .\CortexM3\ARM_GCC_541\Debug\motion_control.a(quaddec_1_Cnt16.o)
 .debug_frame   0x00000f24      0x154 .\CortexM3\ARM_GCC_541\Debug\motion_control.a(pwm_1.o)
 .debug_frame   0x00001078      0x194 .\CortexM3\ARM_GCC_541\Debug\motion_control.a(CyFlash.o)
 .debug_frame   0x0000120c      0x180 .\CortexM3\ARM_GCC_541\Debug\motion_control.a(CySpc.o)
 .debug_frame   0x0000138c       0x20 c:/program files (x86)/cypress/psoc creator/4.4/psoc creator/import/gnu/arm/5.4.1/bin/../lib/gcc/arm-none-eabi/5.4.1/../../../../arm-none-eabi/lib/armv7-m\libg_nano.a(lib_a-errno.o)
 .debug_frame   0x000013ac       0x28 c:/program files (x86)/cypress/psoc creator/4.4/psoc creator/import/gnu/arm/5.4.1/bin/../lib/gcc/arm-none-eabi/5.4.1/../../../../arm-none-eabi/lib/armv7-m\libg_nano.a(lib_a-exit.o)
 .debug_frame   0x000013d4       0x2c c:/program files (x86)/cypress/psoc creator/4.4/psoc creator/import/gnu/arm/5.4.1/bin/../lib/gcc/arm-none-eabi/5.4.1/../../../../arm-none-eabi/lib/armv7-m\libg_nano.a(lib_a-init.o)
 .debug_frame   0x00001400       0x28 c:/program files (x86)/cypress/psoc creator/4.4/psoc creator/import/gnu/arm/5.4.1/bin/../lib/gcc/arm-none-eabi/5.4.1/../../../../arm-none-eabi/lib/armv7-m\libg_nano.a(lib_a-memcpy-stub.o)
 .debug_frame   0x00001428       0x20 c:/program files (x86)/cypress/psoc creator/4.4/psoc creator/import/gnu/arm/5.4.1/bin/../lib/gcc/arm-none-eabi/5.4.1/../../../../arm-none-eabi/lib/armv7-m\libg_nano.a(lib_a-memset.o)

.debug_str      0x00000000     0x1a49
 *(.debug_str)
 .debug_str     0x00000000      0x21e .\CortexM3\ARM_GCC_541\Debug\main.o
                                0x266 (size before relaxing)
 .debug_str     0x0000021e      0x18d .\CortexM3\ARM_GCC_541\Debug\cyfitter_cfg.o
                                0x315 (size before relaxing)
 .debug_str     0x000003ab       0x7f .\CortexM3\ARM_GCC_541\Debug\cymetadata.o
                                0x1e4 (size before relaxing)
 .debug_str     0x0000042a      0x13e .\CortexM3\ARM_GCC_541\Debug\Cm3Start.o
                                0x30a (size before relaxing)
 .debug_str     0x00000568      0x1fc .\CortexM3\ARM_GCC_541\Debug\motion_control.a(lcd_char_1.o)
                                0x3b7 (size before relaxing)
 .debug_str     0x00000764      0x824 .\CortexM3\ARM_GCC_541\Debug\motion_control.a(CyLib.o)
                                0xa47 (size before relaxing)
 .debug_str     0x00000f88      0x365 .\CortexM3\ARM_GCC_541\Debug\motion_control.a(cyPm.o)
                                0x733 (size before relaxing)
 .debug_str     0x000012ed      0x14c .\CortexM3\ARM_GCC_541\Debug\motion_control.a(quaddec_1.o)
                                0x38a (size before relaxing)
 .debug_str     0x00001439       0x48 .\CortexM3\ARM_GCC_541\Debug\motion_control.a(quaddec_1_INT.o)
                                0x1ee (size before relaxing)
 .debug_str     0x00001481      0x1f2 .\CortexM3\ARM_GCC_541\Debug\motion_control.a(quaddec_1_Cnt16.o)
                                0x416 (size before relaxing)
 .debug_str     0x00001673      0x16f .\CortexM3\ARM_GCC_541\Debug\motion_control.a(pwm_1.o)
                                0x37a (size before relaxing)
 .debug_str     0x000017e2      0x1bb .\CortexM3\ARM_GCC_541\Debug\motion_control.a(CyFlash.o)
                                0x3c0 (size before relaxing)
 .debug_str     0x0000199d       0xac .\CortexM3\ARM_GCC_541\Debug\motion_control.a(CySpc.o)
                                0x338 (size before relaxing)

.debug_loc      0x00000000     0x1f53
 *(.debug_loc)
 .debug_loc     0x00000000       0x97 .\CortexM3\ARM_GCC_541\Debug\main.o
 .debug_loc     0x00000097      0x1d7 .\CortexM3\ARM_GCC_541\Debug\cyfitter_cfg.o
 .debug_loc     0x0000026e      0x144 .\CortexM3\ARM_GCC_541\Debug\Cm3Start.o
 .debug_loc     0x000003b2      0x3c6 .\CortexM3\ARM_GCC_541\Debug\motion_control.a(lcd_char_1.o)
 .debug_loc     0x00000778      0xa11 .\CortexM3\ARM_GCC_541\Debug\motion_control.a(CyLib.o)
 .debug_loc     0x00001189      0x1e4 .\CortexM3\ARM_GCC_541\Debug\motion_control.a(cyPm.o)
 .debug_loc     0x0000136d       0xb9 .\CortexM3\ARM_GCC_541\Debug\motion_control.a(quaddec_1.o)
 .debug_loc     0x00001426       0x13 .\CortexM3\ARM_GCC_541\Debug\motion_control.a(quaddec_1_INT.o)
 .debug_loc     0x00001439       0x3d .\CortexM3\ARM_GCC_541\Debug\motion_control.a(quaddec_1_Cnt16.o)
 .debug_loc     0x00001476       0x26 .\CortexM3\ARM_GCC_541\Debug\motion_control.a(pwm_1.o)
 .debug_loc     0x0000149c      0x3b2 .\CortexM3\ARM_GCC_541\Debug\motion_control.a(CyFlash.o)
 .debug_loc     0x0000184e      0x705 .\CortexM3\ARM_GCC_541\Debug\motion_control.a(CySpc.o)

.debug_macinfo
 *(.debug_macinfo)

.debug_ranges   0x00000000      0x698
 *(.debug_ranges)
 .debug_ranges  0x00000000       0x10 .\CortexM3\ARM_GCC_541\Debug\main.o
 .debug_ranges  0x00000010       0x48 .\CortexM3\ARM_GCC_541\Debug\cyfitter_cfg.o
 .debug_ranges  0x00000058       0x38 .\CortexM3\ARM_GCC_541\Debug\Cm3Start.o
 .debug_ranges  0x00000090       0x88 .\CortexM3\ARM_GCC_541\Debug\motion_control.a(lcd_char_1.o)
 .debug_ranges  0x00000118      0x290 .\CortexM3\ARM_GCC_541\Debug\motion_control.a(CyLib.o)
 .debug_ranges  0x000003a8       0x88 .\CortexM3\ARM_GCC_541\Debug\motion_control.a(cyPm.o)
 .debug_ranges  0x00000430       0x50 .\CortexM3\ARM_GCC_541\Debug\motion_control.a(quaddec_1.o)
 .debug_ranges  0x00000480       0x10 .\CortexM3\ARM_GCC_541\Debug\motion_control.a(quaddec_1_INT.o)
 .debug_ranges  0x00000490       0x88 .\CortexM3\ARM_GCC_541\Debug\motion_control.a(quaddec_1_Cnt16.o)
 .debug_ranges  0x00000518       0x98 .\CortexM3\ARM_GCC_541\Debug\motion_control.a(pwm_1.o)
 .debug_ranges  0x000005b0       0x78 .\CortexM3\ARM_GCC_541\Debug\motion_control.a(CyFlash.o)
 .debug_ranges  0x00000628       0x70 .\CortexM3\ARM_GCC_541\Debug\motion_control.a(CySpc.o)

.comment        0x00000000       0x6e
 .comment       0x00000000       0x6e .\CortexM3\ARM_GCC_541\Debug\main.o
                                 0x6f (size before relaxing)
 .comment       0x0000006e       0x6f .\CortexM3\ARM_GCC_541\Debug\cyfitter_cfg.o
 .comment       0x0000006e       0x6f .\CortexM3\ARM_GCC_541\Debug\cymetadata.o
 .comment       0x0000006e       0x6f .\CortexM3\ARM_GCC_541\Debug\Cm3Start.o
 .comment       0x0000006e       0x6f .\CortexM3\ARM_GCC_541\Debug\motion_control.a(lcd_char_1.o)
 .comment       0x0000006e       0x6f .\CortexM3\ARM_GCC_541\Debug\motion_control.a(CyLib.o)
 .comment       0x0000006e       0x6f .\CortexM3\ARM_GCC_541\Debug\motion_control.a(cyPm.o)
 .comment       0x0000006e       0x6f .\CortexM3\ARM_GCC_541\Debug\motion_control.a(quaddec_1.o)
 .comment       0x0000006e       0x6f .\CortexM3\ARM_GCC_541\Debug\motion_control.a(quaddec_1_INT.o)
 .comment       0x0000006e       0x6f .\CortexM3\ARM_GCC_541\Debug\motion_control.a(quaddec_1_Cnt16.o)
 .comment       0x0000006e       0x6f .\CortexM3\ARM_GCC_541\Debug\motion_control.a(pwm_1.o)
 .comment       0x0000006e       0x6f .\CortexM3\ARM_GCC_541\Debug\motion_control.a(CyFlash.o)
 .comment       0x0000006e       0x6f .\CortexM3\ARM_GCC_541\Debug\motion_control.a(CySpc.o)

.debug_weaknames
 *(.debug_weaknames)

.debug_funcnames
 *(.debug_funcnames)

.debug_typenames
 *(.debug_typenames)

.debug_varnames
 *(.debug_varnames)

.note.gnu.arm.ident
 *(.note.gnu.arm.ident)

.ARM.attributes
                0x00000000       0x29
 *(.ARM.attributes)
 .ARM.attributes
                0x00000000       0x1d c:/program files (x86)/cypress/psoc creator/4.4/psoc creator/import/gnu/arm/5.4.1/bin/../lib/gcc/arm-none-eabi/5.4.1/armv7-m/crti.o
 .ARM.attributes
                0x0000001d       0x2d c:/program files (x86)/cypress/psoc creator/4.4/psoc creator/import/gnu/arm/5.4.1/bin/../lib/gcc/arm-none-eabi/5.4.1/armv7-m/crtbegin.o
 .ARM.attributes
                0x0000004a       0x1b c:/program files (x86)/cypress/psoc creator/4.4/psoc creator/import/gnu/arm/5.4.1/bin/../lib/gcc/arm-none-eabi/5.4.1/../../../../arm-none-eabi/lib/armv7-m/crt0.o
 .ARM.attributes
                0x00000065       0x33 .\CortexM3\ARM_GCC_541\Debug\main.o
 .ARM.attributes
                0x00000098       0x33 .\CortexM3\ARM_GCC_541\Debug\cyfitter_cfg.o
 .ARM.attributes
                0x000000cb       0x33 .\CortexM3\ARM_GCC_541\Debug\cymetadata.o
 .ARM.attributes
                0x000000fe       0x33 .\CortexM3\ARM_GCC_541\Debug\Cm3Start.o
 .ARM.attributes
                0x00000131       0x33 .\CortexM3\ARM_GCC_541\Debug\motion_control.a(lcd_char_1.o)
 .ARM.attributes
                0x00000164       0x33 .\CortexM3\ARM_GCC_541\Debug\motion_control.a(CyLib.o)
 .ARM.attributes
                0x00000197       0x33 .\CortexM3\ARM_GCC_541\Debug\motion_control.a(cyPm.o)
 .ARM.attributes
                0x000001ca       0x33 .\CortexM3\ARM_GCC_541\Debug\motion_control.a(quaddec_1.o)
 .ARM.attributes
                0x000001fd       0x33 .\CortexM3\ARM_GCC_541\Debug\motion_control.a(quaddec_1_INT.o)
 .ARM.attributes
                0x00000230       0x33 .\CortexM3\ARM_GCC_541\Debug\motion_control.a(quaddec_1_Cnt16.o)
 .ARM.attributes
                0x00000263       0x33 .\CortexM3\ARM_GCC_541\Debug\motion_control.a(pwm_1.o)
 .ARM.attributes
                0x00000296       0x21 .\CortexM3\ARM_GCC_541\Debug\motion_control.a(CyBootAsmGnu.o)
 .ARM.attributes
                0x000002b7       0x33 .\CortexM3\ARM_GCC_541\Debug\motion_control.a(CyFlash.o)
 .ARM.attributes
                0x000002ea       0x33 .\CortexM3\ARM_GCC_541\Debug\motion_control.a(CySpc.o)
 .ARM.attributes
                0x0000031d       0x1d c:/program files (x86)/cypress/psoc creator/4.4/psoc creator/import/gnu/arm/5.4.1/bin/../lib/gcc/arm-none-eabi/5.4.1/armv7-m\libgcc.a(_arm_addsubsf3.o)
 .ARM.attributes
                0x0000033a       0x1d c:/program files (x86)/cypress/psoc creator/4.4/psoc creator/import/gnu/arm/5.4.1/bin/../lib/gcc/arm-none-eabi/5.4.1/armv7-m\libgcc.a(_arm_cmpsf2.o)
 .ARM.attributes
                0x00000357       0x2d c:/program files (x86)/cypress/psoc creator/4.4/psoc creator/import/gnu/arm/5.4.1/bin/../lib/gcc/arm-none-eabi/5.4.1/../../../../arm-none-eabi/lib/armv7-m\libg_nano.a(lib_a-errno.o)
 .ARM.attributes
                0x00000384       0x2d c:/program files (x86)/cypress/psoc creator/4.4/psoc creator/import/gnu/arm/5.4.1/bin/../lib/gcc/arm-none-eabi/5.4.1/../../../../arm-none-eabi/lib/armv7-m\libg_nano.a(lib_a-exit.o)
 .ARM.attributes
                0x000003b1       0x2d c:/program files (x86)/cypress/psoc creator/4.4/psoc creator/import/gnu/arm/5.4.1/bin/../lib/gcc/arm-none-eabi/5.4.1/../../../../arm-none-eabi/lib/armv7-m\libg_nano.a(lib_a-impure.o)
 .ARM.attributes
                0x000003de       0x2d c:/program files (x86)/cypress/psoc creator/4.4/psoc creator/import/gnu/arm/5.4.1/bin/../lib/gcc/arm-none-eabi/5.4.1/../../../../arm-none-eabi/lib/armv7-m\libg_nano.a(lib_a-init.o)
 .ARM.attributes
                0x0000040b       0x2d c:/program files (x86)/cypress/psoc creator/4.4/psoc creator/import/gnu/arm/5.4.1/bin/../lib/gcc/arm-none-eabi/5.4.1/../../../../arm-none-eabi/lib/armv7-m\libg_nano.a(lib_a-memcpy-stub.o)
 .ARM.attributes
                0x00000438       0x2d c:/program files (x86)/cypress/psoc creator/4.4/psoc creator/import/gnu/arm/5.4.1/bin/../lib/gcc/arm-none-eabi/5.4.1/../../../../arm-none-eabi/lib/armv7-m\libg_nano.a(lib_a-memset.o)
 .ARM.attributes
                0x00000465       0x2d c:/program files (x86)/cypress/psoc creator/4.4/psoc creator/import/gnu/arm/5.4.1/bin/../lib/gcc/arm-none-eabi/5.4.1/armv7-m/crtend.o
 .ARM.attributes
                0x00000492       0x1d c:/program files (x86)/cypress/psoc creator/4.4/psoc creator/import/gnu/arm/5.4.1/bin/../lib/gcc/arm-none-eabi/5.4.1/armv7-m/crtn.o

/DISCARD/
 *(.note.GNU-stack)
OUTPUT(C:\robogrok\robogrok_psoc_creator\robotics_1\motion_control.cydsn\CortexM3\ARM_GCC_541\Debug\motion_control.elf elf32-littlearm)
